<?xml version="1.0"?>
<link_info>
   <banner>TMS320C2000 Linker Unix v16.9.1.LTS</banner>
   <copyright>Copyright (c) 1996-2015 Texas Instruments Incorporated</copyright>
   <link_time>0x59e505e3</link_time>
   <link_errors>0x0</link_errors>
   <output_file>C28_V2.1.out</output_file>
   <entry_point>
      <name>_c_int00</name>
      <address>0x13bbbf</address>
   </entry_point>
   <input_file_list>
      <input_file id="fl-4">
         <path>./</path>
         <kind>object</kind>
         <file>main.obj</file>
         <name>main.obj</name>
      </input_file>
      <input_file id="fl-5">
         <path>./elp_libs/DP_framework/</path>
         <kind>object</kind>
         <file>DP_framework.obj</file>
         <name>DP_framework.obj</name>
      </input_file>
      <input_file id="fl-6">
         <path>./elp_libs/DP_framework/ELP_DCL/</path>
         <kind>object</kind>
         <file>ELP_DCL.obj</file>
         <name>ELP_DCL.obj</name>
      </input_file>
      <input_file id="fl-7">
         <path>./elp_libs/DP_framework/SigGen/</path>
         <kind>object</kind>
         <file>SigGen.obj</file>
         <name>SigGen.obj</name>
      </input_file>
      <input_file id="fl-8">
         <path>./elp_libs/DP_framework/TI_DCL/</path>
         <kind>object</kind>
         <file>DCL_DF13.obj</file>
         <name>DCL_DF13.obj</name>
      </input_file>
      <input_file id="fl-9">
         <path>./elp_libs/DP_framework/TI_DCL/</path>
         <kind>object</kind>
         <file>DCL_DF22.obj</file>
         <name>DCL_DF22.obj</name>
      </input_file>
      <input_file id="fl-a">
         <path>./elp_libs/DP_framework/TI_DCL/</path>
         <kind>object</kind>
         <file>DCL_DF23.obj</file>
         <name>DCL_DF23.obj</name>
      </input_file>
      <input_file id="fl-b">
         <path>./elp_libs/DP_framework/TI_DCL/</path>
         <kind>object</kind>
         <file>DCL_PI.obj</file>
         <name>DCL_PI.obj</name>
      </input_file>
      <input_file id="fl-c">
         <path>./elp_libs/DP_framework/TI_DCL/</path>
         <kind>object</kind>
         <file>DCL_PID.obj</file>
         <name>DCL_PID.obj</name>
      </input_file>
      <input_file id="fl-d">
         <path>./elp_libs/DP_framework/TimeSlicer/</path>
         <kind>object</kind>
         <file>TimeSlicer.obj</file>
         <name>TimeSlicer.obj</name>
      </input_file>
      <input_file id="fl-e">
         <path>./elp_libs/</path>
         <kind>object</kind>
         <file>F28M36x_ELP_DRS.obj</file>
         <name>F28M36x_ELP_DRS.obj</name>
      </input_file>
      <input_file id="fl-f">
         <path>./elp_libs/HRADC_board/</path>
         <kind>object</kind>
         <file>DMA_SPI_Interface.obj</file>
         <name>DMA_SPI_Interface.obj</name>
      </input_file>
      <input_file id="fl-10">
         <path>./elp_libs/HRADC_board/</path>
         <kind>object</kind>
         <file>HRADC_Boards.obj</file>
         <name>HRADC_Boards.obj</name>
      </input_file>
      <input_file id="fl-11">
         <path>./elp_libs/HRADC_board/</path>
         <kind>object</kind>
         <file>McBSP_SPI_Interface.obj</file>
         <name>McBSP_SPI_Interface.obj</name>
      </input_file>
      <input_file id="fl-12">
         <path>./elp_libs/IPC_modules/</path>
         <kind>object</kind>
         <file>IPC_modules.obj</file>
         <name>IPC_modules.obj</name>
      </input_file>
      <input_file id="fl-13">
         <path>./elp_libs/PS_modules/</path>
         <kind>object</kind>
         <file>FBPx4_100kHz.obj</file>
         <name>FBPx4_100kHz.obj</name>
      </input_file>
      <input_file id="fl-14">
         <path>./elp_libs/PS_modules/</path>
         <kind>object</kind>
         <file>PS_modules.obj</file>
         <name>PS_modules.obj</name>
      </input_file>
      <input_file id="fl-15">
         <path>./elp_libs/PWM_modules/</path>
         <kind>object</kind>
         <file>PWM_modules.obj</file>
         <name>PWM_modules.obj</name>
      </input_file>
      <input_file id="fl-16">
         <path>./ti_libs/common/source/</path>
         <kind>object</kind>
         <file>F28M36x_Adc.obj</file>
         <name>F28M36x_Adc.obj</name>
      </input_file>
      <input_file id="fl-17">
         <path>./ti_libs/common/source/</path>
         <kind>object</kind>
         <file>F28M36x_CodeStartBranch.obj</file>
         <name>F28M36x_CodeStartBranch.obj</name>
      </input_file>
      <input_file id="fl-18">
         <path>./ti_libs/common/source/</path>
         <kind>object</kind>
         <file>F28M36x_Comp.obj</file>
         <name>F28M36x_Comp.obj</name>
      </input_file>
      <input_file id="fl-19">
         <path>./ti_libs/common/source/</path>
         <kind>object</kind>
         <file>F28M36x_CpuTimers.obj</file>
         <name>F28M36x_CpuTimers.obj</name>
      </input_file>
      <input_file id="fl-1a">
         <path>./ti_libs/common/source/</path>
         <kind>object</kind>
         <file>F28M36x_DMA.obj</file>
         <name>F28M36x_DMA.obj</name>
      </input_file>
      <input_file id="fl-1b">
         <path>./ti_libs/common/source/</path>
         <kind>object</kind>
         <file>F28M36x_DefaultIsr.obj</file>
         <name>F28M36x_DefaultIsr.obj</name>
      </input_file>
      <input_file id="fl-1c">
         <path>./ti_libs/common/source/</path>
         <kind>object</kind>
         <file>F28M36x_EPwm.obj</file>
         <name>F28M36x_EPwm.obj</name>
      </input_file>
      <input_file id="fl-1d">
         <path>./ti_libs/common/source/</path>
         <kind>object</kind>
         <file>F28M36x_Gpio.obj</file>
         <name>F28M36x_Gpio.obj</name>
      </input_file>
      <input_file id="fl-1e">
         <path>./ti_libs/common/source/</path>
         <kind>object</kind>
         <file>F28M36x_Mcbsp.obj</file>
         <name>F28M36x_Mcbsp.obj</name>
      </input_file>
      <input_file id="fl-1f">
         <path>./ti_libs/common/source/</path>
         <kind>object</kind>
         <file>F28M36x_PieCtrl.obj</file>
         <name>F28M36x_PieCtrl.obj</name>
      </input_file>
      <input_file id="fl-20">
         <path>./ti_libs/common/source/</path>
         <kind>object</kind>
         <file>F28M36x_PieVect.obj</file>
         <name>F28M36x_PieVect.obj</name>
      </input_file>
      <input_file id="fl-21">
         <path>./ti_libs/common/source/</path>
         <kind>object</kind>
         <file>F28M36x_Sci.obj</file>
         <name>F28M36x_Sci.obj</name>
      </input_file>
      <input_file id="fl-22">
         <path>./ti_libs/common/source/</path>
         <kind>object</kind>
         <file>F28M36x_Spi.obj</file>
         <name>F28M36x_Spi.obj</name>
      </input_file>
      <input_file id="fl-23">
         <path>./ti_libs/common/source/</path>
         <kind>object</kind>
         <file>F28M36x_SysCtrl.obj</file>
         <name>F28M36x_SysCtrl.obj</name>
      </input_file>
      <input_file id="fl-24">
         <path>./ti_libs/common/source/</path>
         <kind>object</kind>
         <file>F28M36x_TempSensorConv.obj</file>
         <name>F28M36x_TempSensorConv.obj</name>
      </input_file>
      <input_file id="fl-25">
         <path>./ti_libs/common/source/</path>
         <kind>object</kind>
         <file>F28M36x_usDelay.obj</file>
         <name>F28M36x_usDelay.obj</name>
      </input_file>
      <input_file id="fl-26">
         <path>./ti_libs/headers/source/</path>
         <kind>object</kind>
         <file>F28M36x_GlobalVariableDefs.obj</file>
         <name>F28M36x_GlobalVariableDefs.obj</name>
      </input_file>
      <input_file id="fl-2b">
         <path>/home/gabriel/ti/ccsv7/tools/compiler/ti-cgt-c2000_16.9.1.LTS/lib/</path>
         <kind>archive</kind>
         <file>rts2800_fpu32.lib</file>
         <name>boot28.obj</name>
      </input_file>
      <input_file id="fl-2e">
         <path>/home/gabriel/ti/ccsv7/tools/compiler/ti-cgt-c2000_16.9.1.LTS/lib/</path>
         <kind>archive</kind>
         <file>rts2800_fpu32.lib</file>
         <name>cpy_tbl.obj</name>
      </input_file>
      <input_file id="fl-2f">
         <path>/home/gabriel/ti/ccsv7/tools/compiler/ti-cgt-c2000_16.9.1.LTS/lib/</path>
         <kind>archive</kind>
         <file>rts2800_fpu32.lib</file>
         <name>exit.obj</name>
      </input_file>
      <input_file id="fl-30">
         <path>/home/gabriel/ti/ccsv7/tools/compiler/ti-cgt-c2000_16.9.1.LTS/lib/</path>
         <kind>archive</kind>
         <file>rts2800_fpu32.lib</file>
         <name>memcpy.obj</name>
      </input_file>
      <input_file id="fl-31">
         <path>/home/gabriel/ti/ccsv7/tools/compiler/ti-cgt-c2000_16.9.1.LTS/lib/</path>
         <kind>archive</kind>
         <file>rts2800_fpu32.lib</file>
         <name>pre_init.obj</name>
      </input_file>
      <input_file id="fl-32">
         <path>/home/gabriel/ti/ccsv7/tools/compiler/ti-cgt-c2000_16.9.1.LTS/lib/</path>
         <kind>archive</kind>
         <file>rts2800_fpu32.lib</file>
         <name>startup.obj</name>
      </input_file>
      <input_file id="fl-33">
         <path>/home/gabriel/ti/ccsv7/tools/compiler/ti-cgt-c2000_16.9.1.LTS/lib/</path>
         <kind>archive</kind>
         <file>rts2800_fpu32.lib</file>
         <name>_lock.obj</name>
      </input_file>
      <input_file id="fl-34">
         <path>/home/gabriel/ti/ccsv7/tools/compiler/ti-cgt-c2000_16.9.1.LTS/lib/</path>
         <kind>archive</kind>
         <file>rts2800_fpu32.lib</file>
         <name>args_main.obj</name>
      </input_file>
      <input_file id="fl-42">
         <path>/home/gabriel/ti/ccsv7/tools/compiler/ti-cgt-c2000_16.9.1.LTS/lib/</path>
         <kind>archive</kind>
         <file>rts2800_fpu32.lib</file>
         <name>e_expf.obj</name>
      </input_file>
      <input_file id="fl-43">
         <path>/home/gabriel/ti/ccsv7/tools/compiler/ti-cgt-c2000_16.9.1.LTS/lib/</path>
         <kind>archive</kind>
         <file>rts2800_fpu32.lib</file>
         <name>epilog28.obj</name>
      </input_file>
      <input_file id="fl-44">
         <path>/home/gabriel/ti/ccsv7/tools/compiler/ti-cgt-c2000_16.9.1.LTS/lib/</path>
         <kind>archive</kind>
         <file>rts2800_fpu32.lib</file>
         <name>errno.obj</name>
      </input_file>
      <input_file id="fl-45">
         <path>/home/gabriel/ti/ccsv7/tools/compiler/ti-cgt-c2000_16.9.1.LTS/lib/</path>
         <kind>archive</kind>
         <file>rts2800_fpu32.lib</file>
         <name>fs_div28.obj</name>
      </input_file>
      <input_file id="fl-46">
         <path>/home/gabriel/ti/ccsv7/tools/compiler/ti-cgt-c2000_16.9.1.LTS/lib/</path>
         <kind>archive</kind>
         <file>rts2800_fpu32.lib</file>
         <name>prolog28.obj</name>
      </input_file>
      <input_file id="fl-47">
         <path>/home/gabriel/ti/ccsv7/tools/compiler/ti-cgt-c2000_16.9.1.LTS/lib/</path>
         <kind>archive</kind>
         <file>rts2800_fpu32.lib</file>
         <name>s_cosf.obj</name>
      </input_file>
      <input_file id="fl-48">
         <path>/home/gabriel/ti/ccsv7/tools/compiler/ti-cgt-c2000_16.9.1.LTS/lib/</path>
         <kind>archive</kind>
         <file>rts2800_fpu32.lib</file>
         <name>s_sinf.obj</name>
      </input_file>
      <input_file id="fl-49">
         <path>/home/gabriel/lnls-elp/controlsuite/c28/F28M36x_common/lib/</path>
         <kind>archive</kind>
         <file>SFO_TI_Build_V7_FPU.lib</file>
         <name>SFO_v7_fpu_lib_build_c28.obj</name>
      </input_file>
   </input_file_list>
   <object_component_list>
      <object_component id="oc-17d">
         <name>PieVectTableFile</name>
         <uninitialized>true</uninitialized>
         <run_address>0xd00</run_address>
         <size>0x100</size>
         <input_file_ref idref="fl-26"/>
      </object_component>
      <object_component id="oc-166">
         <name>DevEmuRegsFile</name>
         <uninitialized>true</uninitialized>
         <run_address>0x880</run_address>
         <size>0x42</size>
         <input_file_ref idref="fl-26"/>
      </object_component>
      <object_component id="oc-14f">
         <name>CsmRegsFile</name>
         <uninitialized>true</uninitialized>
         <run_address>0xae0</run_address>
         <size>0x16</size>
         <input_file_ref idref="fl-26"/>
      </object_component>
      <object_component id="oc-149">
         <name>AdcResultFile</name>
         <uninitialized>true</uninitialized>
         <run_address>0xb00</run_address>
         <size>0x10</size>
         <input_file_ref idref="fl-26"/>
      </object_component>
      <object_component id="oc-14b">
         <name>Adc1ResultFile</name>
         <uninitialized>true</uninitialized>
         <run_address>0xb00</run_address>
         <size>0x10</size>
         <input_file_ref idref="fl-26"/>
      </object_component>
      <object_component id="oc-14c">
         <name>Adc2ResultFile</name>
         <uninitialized>true</uninitialized>
         <run_address>0xb40</run_address>
         <size>0x10</size>
         <input_file_ref idref="fl-26"/>
      </object_component>
      <object_component id="oc-148">
         <name>CpuTimer0RegsFile</name>
         <uninitialized>true</uninitialized>
         <run_address>0xc00</run_address>
         <size>0x8</size>
         <input_file_ref idref="fl-26"/>
      </object_component>
      <object_component id="oc-146">
         <name>CpuTimer1RegsFile</name>
         <uninitialized>true</uninitialized>
         <run_address>0xc08</run_address>
         <size>0x8</size>
         <input_file_ref idref="fl-26"/>
      </object_component>
      <object_component id="oc-147">
         <name>CpuTimer2RegsFile</name>
         <uninitialized>true</uninitialized>
         <run_address>0xc10</run_address>
         <size>0x8</size>
         <input_file_ref idref="fl-26"/>
      </object_component>
      <object_component id="oc-150">
         <name>PieCtrlRegsFile</name>
         <uninitialized>true</uninitialized>
         <run_address>0xce0</run_address>
         <size>0x1a</size>
         <input_file_ref idref="fl-26"/>
      </object_component>
      <object_component id="oc-17c">
         <name>PieVectTableCopyFile</name>
         <uninitialized>true</uninitialized>
         <run_address>0xe00</run_address>
         <size>0x100</size>
         <input_file_ref idref="fl-26"/>
      </object_component>
      <object_component id="oc-17a">
         <name>DmaRegsFile</name>
         <uninitialized>true</uninitialized>
         <run_address>0x1000</run_address>
         <size>0xe0</size>
         <input_file_ref idref="fl-26"/>
      </object_component>
      <object_component id="oc-16a">
         <name>AnalogSysctrlRegsFile</name>
         <uninitialized>true</uninitialized>
         <run_address>0x1700</run_address>
         <size>0x78</size>
         <input_file_ref idref="fl-26"/>
      </object_component>
      <object_component id="oc-161">
         <name>HWBistRegsFile</name>
         <uninitialized>true</uninitialized>
         <run_address>0x1780</run_address>
         <size>0x30</size>
         <input_file_ref idref="fl-26"/>
      </object_component>
      <object_component id="oc-17e">
         <name>FlashCtrlRegsFile</name>
         <uninitialized>true</uninitialized>
         <run_address>0x4000</run_address>
         <size>0x182</size>
         <input_file_ref idref="fl-26"/>
      </object_component>
      <object_component id="oc-15f">
         <name>FlashEccRegsFile</name>
         <uninitialized>true</uninitialized>
         <run_address>0x4300</run_address>
         <size>0x24</size>
         <input_file_ref idref="fl-26"/>
      </object_component>
      <object_component id="oc-145">
         <name>M3PllRegsFile</name>
         <uninitialized>true</uninitialized>
         <run_address>0x4400</run_address>
         <size>0x8</size>
         <input_file_ref idref="fl-26"/>
      </object_component>
      <object_component id="oc-163">
         <name>RAMRegsFile</name>
         <uninitialized>true</uninitialized>
         <run_address>0x4900</run_address>
         <size>0x3e</size>
         <input_file_ref idref="fl-26"/>
      </object_component>
      <object_component id="oc-164">
         <name>RAMErrRegsFile</name>
         <uninitialized>true</uninitialized>
         <run_address>0x4a00</run_address>
         <size>0x3e</size>
         <input_file_ref idref="fl-26"/>
      </object_component>
      <object_component id="oc-165">
         <name>CtoMIpcRegsFile</name>
         <uninitialized>true</uninitialized>
         <run_address>0x4e00</run_address>
         <size>0x40</size>
         <input_file_ref idref="fl-26"/>
      </object_component>
      <object_component id="oc-151">
         <name>SysCtrlRegsFile</name>
         <uninitialized>true</uninitialized>
         <run_address>0x7010</run_address>
         <size>0x1d</size>
         <input_file_ref idref="fl-26"/>
      </object_component>
      <object_component id="oc-14e">
         <name>SpiaRegsFile</name>
         <uninitialized>true</uninitialized>
         <run_address>0x7040</run_address>
         <size>0x10</size>
         <input_file_ref idref="fl-26"/>
      </object_component>
      <object_component id="oc-14d">
         <name>SciaRegsFile</name>
         <uninitialized>true</uninitialized>
         <run_address>0x7050</run_address>
         <size>0x10</size>
         <input_file_ref idref="fl-26"/>
      </object_component>
      <object_component id="oc-13d">
         <name>NmiIntruptRegsFile</name>
         <uninitialized>true</uninitialized>
         <run_address>0x7060</run_address>
         <size>0x6</size>
         <input_file_ref idref="fl-26"/>
      </object_component>
      <object_component id="oc-14a">
         <name>XIntruptRegsFile</name>
         <uninitialized>true</uninitialized>
         <run_address>0x7070</run_address>
         <size>0x10</size>
         <input_file_ref idref="fl-26"/>
      </object_component>
      <object_component id="oc-167">
         <name>AdcRegsFile</name>
         <uninitialized>true</uninitialized>
         <run_address>0x7100</run_address>
         <size>0x50</size>
         <input_file_ref idref="fl-26"/>
      </object_component>
      <object_component id="oc-168">
         <name>Adc1RegsFile</name>
         <uninitialized>true</uninitialized>
         <run_address>0x7100</run_address>
         <size>0x50</size>
         <input_file_ref idref="fl-26"/>
      </object_component>
      <object_component id="oc-169">
         <name>Adc2RegsFile</name>
         <uninitialized>true</uninitialized>
         <run_address>0x7180</run_address>
         <size>0x50</size>
         <input_file_ref idref="fl-26"/>
      </object_component>
      <object_component id="oc-15d">
         <name>I2caRegsFile</name>
         <uninitialized>true</uninitialized>
         <run_address>0x7900</run_address>
         <size>0x22</size>
         <input_file_ref idref="fl-26"/>
      </object_component>
      <object_component id="oc-160">
         <name>McbspaRegsFile</name>
         <uninitialized>true</uninitialized>
         <run_address>0x5000</run_address>
         <size>0x24</size>
         <input_file_ref idref="fl-26"/>
      </object_component>
      <object_component id="oc-16c">
         <name>EPwm1RegsFile</name>
         <uninitialized>true</uninitialized>
         <run_address>0x5100</run_address>
         <size>0x80</size>
         <input_file_ref idref="fl-26"/>
      </object_component>
      <object_component id="oc-176">
         <name>EPwm2RegsFile</name>
         <uninitialized>true</uninitialized>
         <run_address>0x5180</run_address>
         <size>0x80</size>
         <input_file_ref idref="fl-26"/>
      </object_component>
      <object_component id="oc-16b">
         <name>EPwm3RegsFile</name>
         <uninitialized>true</uninitialized>
         <run_address>0x5200</run_address>
         <size>0x80</size>
         <input_file_ref idref="fl-26"/>
      </object_component>
      <object_component id="oc-175">
         <name>EPwm4RegsFile</name>
         <uninitialized>true</uninitialized>
         <run_address>0x5280</run_address>
         <size>0x80</size>
         <input_file_ref idref="fl-26"/>
      </object_component>
      <object_component id="oc-174">
         <name>EPwm5RegsFile</name>
         <uninitialized>true</uninitialized>
         <run_address>0x5300</run_address>
         <size>0x80</size>
         <input_file_ref idref="fl-26"/>
      </object_component>
      <object_component id="oc-16f">
         <name>EPwm6RegsFile</name>
         <uninitialized>true</uninitialized>
         <run_address>0x5380</run_address>
         <size>0x80</size>
         <input_file_ref idref="fl-26"/>
      </object_component>
      <object_component id="oc-172">
         <name>EPwm7RegsFile</name>
         <uninitialized>true</uninitialized>
         <run_address>0x5400</run_address>
         <size>0x80</size>
         <input_file_ref idref="fl-26"/>
      </object_component>
      <object_component id="oc-16d">
         <name>EPwm8RegsFile</name>
         <uninitialized>true</uninitialized>
         <run_address>0x5480</run_address>
         <size>0x80</size>
         <input_file_ref idref="fl-26"/>
      </object_component>
      <object_component id="oc-16e">
         <name>EPwm9RegsFile</name>
         <uninitialized>true</uninitialized>
         <run_address>0x5500</run_address>
         <size>0x80</size>
         <input_file_ref idref="fl-26"/>
      </object_component>
      <object_component id="oc-173">
         <name>EPwm10RegsFile</name>
         <uninitialized>true</uninitialized>
         <run_address>0x5580</run_address>
         <size>0x80</size>
         <input_file_ref idref="fl-26"/>
      </object_component>
      <object_component id="oc-170">
         <name>EPwm11RegsFile</name>
         <uninitialized>true</uninitialized>
         <run_address>0x5600</run_address>
         <size>0x80</size>
         <input_file_ref idref="fl-26"/>
      </object_component>
      <object_component id="oc-171">
         <name>EPwm12RegsFile</name>
         <uninitialized>true</uninitialized>
         <run_address>0x5680</run_address>
         <size>0x80</size>
         <input_file_ref idref="fl-26"/>
      </object_component>
      <object_component id="oc-15a">
         <name>ECap1RegsFile</name>
         <uninitialized>true</uninitialized>
         <run_address>0x5a00</run_address>
         <size>0x20</size>
         <input_file_ref idref="fl-26"/>
      </object_component>
      <object_component id="oc-154">
         <name>ECap2RegsFile</name>
         <uninitialized>true</uninitialized>
         <run_address>0x5a20</run_address>
         <size>0x20</size>
         <input_file_ref idref="fl-26"/>
      </object_component>
      <object_component id="oc-155">
         <name>ECap3RegsFile</name>
         <uninitialized>true</uninitialized>
         <run_address>0x5a40</run_address>
         <size>0x20</size>
         <input_file_ref idref="fl-26"/>
      </object_component>
      <object_component id="oc-153">
         <name>ECap4RegsFile</name>
         <uninitialized>true</uninitialized>
         <run_address>0x5a60</run_address>
         <size>0x20</size>
         <input_file_ref idref="fl-26"/>
      </object_component>
      <object_component id="oc-152">
         <name>ECap5RegsFile</name>
         <uninitialized>true</uninitialized>
         <run_address>0x5a80</run_address>
         <size>0x20</size>
         <input_file_ref idref="fl-26"/>
      </object_component>
      <object_component id="oc-158">
         <name>ECap6RegsFile</name>
         <uninitialized>true</uninitialized>
         <run_address>0x5aa0</run_address>
         <size>0x20</size>
         <input_file_ref idref="fl-26"/>
      </object_component>
      <object_component id="oc-15c">
         <name>EQep1RegsFile</name>
         <uninitialized>true</uninitialized>
         <run_address>0x5b00</run_address>
         <size>0x22</size>
         <input_file_ref idref="fl-26"/>
      </object_component>
      <object_component id="oc-15b">
         <name>EQep2RegsFile</name>
         <uninitialized>true</uninitialized>
         <run_address>0x5b40</run_address>
         <size>0x22</size>
         <input_file_ref idref="fl-26"/>
      </object_component>
      <object_component id="oc-15e">
         <name>EQep3RegsFile</name>
         <uninitialized>true</uninitialized>
         <run_address>0x5b80</run_address>
         <size>0x22</size>
         <input_file_ref idref="fl-26"/>
      </object_component>
      <object_component id="oc-17b">
         <name>GpioCtrlRegsFile</name>
         <uninitialized>true</uninitialized>
         <run_address>0x5f00</run_address>
         <size>0xe0</size>
         <input_file_ref idref="fl-26"/>
      </object_component>
      <object_component id="oc-179">
         <name>GpioG1CtrlRegsFile</name>
         <uninitialized>true</uninitialized>
         <run_address>0x5f00</run_address>
         <size>0xe0</size>
         <input_file_ref idref="fl-26"/>
      </object_component>
      <object_component id="oc-177">
         <name>GpioDataRegsFile</name>
         <uninitialized>true</uninitialized>
         <run_address>0x5f00</run_address>
         <size>0xe0</size>
         <input_file_ref idref="fl-26"/>
      </object_component>
      <object_component id="oc-178">
         <name>GpioG1DataRegsFile</name>
         <uninitialized>true</uninitialized>
         <run_address>0x5f00</run_address>
         <size>0xe0</size>
         <input_file_ref idref="fl-26"/>
      </object_component>
      <object_component id="oc-159">
         <name>GpioTripRegsFile</name>
         <uninitialized>true</uninitialized>
         <run_address>0x5fe0</run_address>
         <size>0x20</size>
         <input_file_ref idref="fl-26"/>
      </object_component>
      <object_component id="oc-156">
         <name>GpioG1TripRegsFile</name>
         <uninitialized>true</uninitialized>
         <run_address>0x5fe0</run_address>
         <size>0x20</size>
         <input_file_ref idref="fl-26"/>
      </object_component>
      <object_component id="oc-13e">
         <name>Comp1RegsFile</name>
         <uninitialized>true</uninitialized>
         <run_address>0x6400</run_address>
         <size>0x7</size>
         <input_file_ref idref="fl-26"/>
      </object_component>
      <object_component id="oc-13f">
         <name>Comp2RegsFile</name>
         <uninitialized>true</uninitialized>
         <run_address>0x6420</run_address>
         <size>0x7</size>
         <input_file_ref idref="fl-26"/>
      </object_component>
      <object_component id="oc-140">
         <name>Comp3RegsFile</name>
         <uninitialized>true</uninitialized>
         <run_address>0x6440</run_address>
         <size>0x7</size>
         <input_file_ref idref="fl-26"/>
      </object_component>
      <object_component id="oc-142">
         <name>Comp4RegsFile</name>
         <uninitialized>true</uninitialized>
         <run_address>0x6460</run_address>
         <size>0x7</size>
         <input_file_ref idref="fl-26"/>
      </object_component>
      <object_component id="oc-141">
         <name>Comp5RegsFile</name>
         <uninitialized>true</uninitialized>
         <run_address>0x6480</run_address>
         <size>0x7</size>
         <input_file_ref idref="fl-26"/>
      </object_component>
      <object_component id="oc-143">
         <name>Comp6RegsFile</name>
         <uninitialized>true</uninitialized>
         <run_address>0x64a0</run_address>
         <size>0x7</size>
         <input_file_ref idref="fl-26"/>
      </object_component>
      <object_component id="oc-162">
         <name>GpioG2CtrlRegsFile</name>
         <uninitialized>true</uninitialized>
         <run_address>0x6f80</run_address>
         <size>0x3c</size>
         <input_file_ref idref="fl-26"/>
      </object_component>
      <object_component id="oc-157">
         <name>GpioG2DataRegsFile</name>
         <uninitialized>true</uninitialized>
         <run_address>0x6fc0</run_address>
         <size>0x20</size>
         <input_file_ref idref="fl-26"/>
      </object_component>
      <object_component id="oc-13b">
         <name>FlashExeOnlyFile</name>
         <uninitialized>true</uninitialized>
         <run_address>0x13fff2</run_address>
         <size>0x2</size>
         <input_file_ref idref="fl-26"/>
      </object_component>
      <object_component id="oc-13c">
         <name>EcslPwlFile</name>
         <uninitialized>true</uninitialized>
         <run_address>0x13fff4</run_address>
         <size>0x4</size>
         <input_file_ref idref="fl-26"/>
      </object_component>
      <object_component id="oc-144">
         <name>CsmPwlFile</name>
         <uninitialized>true</uninitialized>
         <run_address>0x13fff8</run_address>
         <size>0x8</size>
         <input_file_ref idref="fl-26"/>
      </object_component>
      <object_component id="oc-85">
         <name>.cinit</name>
         <load_address>0x13e11c</load_address>
         <run_address>0x13e11c</run_address>
         <size>0x30</size>
         <input_file_ref idref="fl-6"/>
      </object_component>
      <object_component id="oc-b7">
         <name>.cinit</name>
         <load_address>0x13e14c</load_address>
         <run_address>0x13e14c</run_address>
         <size>0x1c</size>
         <input_file_ref idref="fl-f"/>
      </object_component>
      <object_component id="oc-e2">
         <name>.cinit</name>
         <load_address>0x13e168</load_address>
         <run_address>0x13e168</run_address>
         <size>0x15</size>
         <input_file_ref idref="fl-15"/>
      </object_component>
      <object_component id="oc-18c">
         <name>.cinit</name>
         <load_address>0x13e17d</load_address>
         <run_address>0x13e17d</run_address>
         <size>0xe</size>
         <input_file_ref idref="fl-2f"/>
      </object_component>
      <object_component id="oc-c0">
         <name>.cinit</name>
         <load_address>0x13e18b</load_address>
         <run_address>0x13e18b</run_address>
         <size>0xb</size>
         <input_file_ref idref="fl-10"/>
      </object_component>
      <object_component id="oc-1e7">
         <name>.cinit:__lock</name>
         <load_address>0x13e196</load_address>
         <run_address>0x13e196</run_address>
         <size>0x5</size>
         <input_file_ref idref="fl-33"/>
      </object_component>
      <object_component id="oc-1f6">
         <name>.cinit:__unlock</name>
         <load_address>0x13e19b</load_address>
         <run_address>0x13e19b</run_address>
         <size>0x5</size>
         <input_file_ref idref="fl-33"/>
      </object_component>
      <object_component id="oc-cd">
         <name>.cinit</name>
         <load_address>0x13e1a0</load_address>
         <run_address>0x13e1a0</run_address>
         <size>0x4</size>
         <input_file_ref idref="fl-12"/>
      </object_component>
      <object_component id="oc-1d0">
         <name>.cinit</name>
         <load_address>0x13e1a4</load_address>
         <run_address>0x13e1a4</run_address>
         <size>0x4</size>
         <input_file_ref idref="fl-49"/>
      </object_component>
      <object_component id="oc-8c">
         <name>.cinit</name>
         <load_address>0x13e1a8</load_address>
         <run_address>0x13e1a8</run_address>
         <size>0x4</size>
         <input_file_ref idref="fl-7"/>
      </object_component>
      <object_component id="oc-1b7">
         <name>.cinit</name>
         <load_address>0x13e1ac</load_address>
         <run_address>0x13e1ac</run_address>
         <size>0x4</size>
         <input_file_ref idref="fl-44"/>
      </object_component>
      <object_component id="oc-1dd">
         <name>.text</name>
         <load_address>0x13a000</load_address>
         <run_address>0x13a000</run_address>
         <size>0x3e1</size>
         <input_file_ref idref="fl-10"/>
      </object_component>
      <object_component id="oc-103">
         <name>.text:retain</name>
         <load_address>0x13a3e1</load_address>
         <run_address>0x13a3e1</run_address>
         <size>0x35f</size>
         <input_file_ref idref="fl-1b"/>
      </object_component>
      <object_component id="oc-1f0">
         <name>.text</name>
         <load_address>0x13a740</load_address>
         <run_address>0x13a740</run_address>
         <size>0x2e3</size>
         <input_file_ref idref="fl-13"/>
      </object_component>
      <object_component id="oc-1e0">
         <name>.text</name>
         <load_address>0x13aa23</load_address>
         <run_address>0x13aa23</run_address>
         <size>0x243</size>
         <input_file_ref idref="fl-6"/>
      </object_component>
      <object_component id="oc-1ec">
         <name>.text</name>
         <load_address>0x13ac66</load_address>
         <run_address>0x13ac66</run_address>
         <size>0x1f3</size>
         <input_file_ref idref="fl-15"/>
      </object_component>
      <object_component id="oc-1df">
         <name>.text</name>
         <load_address>0x13ae59</load_address>
         <run_address>0x13ae59</run_address>
         <size>0x17e</size>
         <input_file_ref idref="fl-7"/>
      </object_component>
      <object_component id="oc-1de">
         <name>.text</name>
         <load_address>0x13afd7</load_address>
         <run_address>0x13afd7</run_address>
         <size>0x165</size>
         <input_file_ref idref="fl-5"/>
      </object_component>
      <object_component id="oc-1ce">
         <name>.text</name>
         <load_address>0x13b13c</load_address>
         <run_address>0x13b13c</run_address>
         <size>0x140</size>
         <input_file_ref idref="fl-49"/>
      </object_component>
      <object_component id="oc-1e9">
         <name>.text</name>
         <load_address>0x13b27c</load_address>
         <run_address>0x13b27c</run_address>
         <size>0x110</size>
         <input_file_ref idref="fl-42"/>
      </object_component>
      <object_component id="oc-1ed">
         <name>.text</name>
         <load_address>0x13b38c</load_address>
         <run_address>0x13b38c</run_address>
         <size>0x10f</size>
         <input_file_ref idref="fl-11"/>
      </object_component>
      <object_component id="oc-1f1">
         <name>.text</name>
         <load_address>0x13b49b</load_address>
         <run_address>0x13b49b</run_address>
         <size>0x108</size>
         <input_file_ref idref="fl-23"/>
      </object_component>
      <object_component id="oc-1ee">
         <name>.text</name>
         <load_address>0x13b5a3</load_address>
         <run_address>0x13b5a3</run_address>
         <size>0x103</size>
         <input_file_ref idref="fl-1e"/>
      </object_component>
      <object_component id="oc-1ea">
         <name>.text</name>
         <load_address>0x13b6a6</load_address>
         <run_address>0x13b6a6</run_address>
         <size>0xea</size>
         <input_file_ref idref="fl-f"/>
      </object_component>
      <object_component id="oc-1fc">
         <name>.text</name>
         <load_address>0x13b790</load_address>
         <run_address>0x13b790</run_address>
         <size>0xa2</size>
         <input_file_ref idref="fl-12"/>
      </object_component>
      <object_component id="oc-1fa">
         <name>.text</name>
         <load_address>0x13b832</load_address>
         <run_address>0x13b832</run_address>
         <size>0xa1</size>
         <input_file_ref idref="fl-1c"/>
      </object_component>
      <object_component id="oc-1ba">
         <name>.text</name>
         <load_address>0x13b8d3</load_address>
         <run_address>0x13b8d3</run_address>
         <size>0x88</size>
         <input_file_ref idref="fl-45"/>
      </object_component>
      <object_component id="oc-ba">
         <name>.text:retain</name>
         <load_address>0x13b95b</load_address>
         <run_address>0x13b95b</run_address>
         <size>0x7e</size>
         <input_file_ref idref="fl-f"/>
      </object_component>
      <object_component id="oc-1e5">
         <name>.text</name>
         <load_address>0x13b9d9</load_address>
         <run_address>0x13b9d9</run_address>
         <size>0x77</size>
         <input_file_ref idref="fl-4"/>
      </object_component>
      <object_component id="oc-1ef">
         <name>.text</name>
         <load_address>0x13ba50</load_address>
         <run_address>0x13ba50</run_address>
         <size>0x61</size>
         <input_file_ref idref="fl-47"/>
      </object_component>
      <object_component id="oc-1eb">
         <name>.text</name>
         <load_address>0x13bab1</load_address>
         <run_address>0x13bab1</run_address>
         <size>0x5c</size>
         <input_file_ref idref="fl-19"/>
      </object_component>
      <object_component id="oc-1e4">
         <name>.text</name>
         <load_address>0x13bb0d</load_address>
         <run_address>0x13bb0d</run_address>
         <size>0x5a</size>
         <input_file_ref idref="fl-e"/>
      </object_component>
      <object_component id="oc-1e8">
         <name>.text</name>
         <load_address>0x13bb67</load_address>
         <run_address>0x13bb67</run_address>
         <size>0x58</size>
         <input_file_ref idref="fl-48"/>
      </object_component>
      <object_component id="oc-77">
         <name>.text</name>
         <load_address>0x13bbbf</load_address>
         <run_address>0x13bbbf</run_address>
         <size>0x56</size>
         <input_file_ref idref="fl-2b"/>
      </object_component>
      <object_component id="oc-1f3">
         <name>.text</name>
         <load_address>0x13bc15</load_address>
         <run_address>0x13bc15</run_address>
         <size>0x2d</size>
         <input_file_ref idref="fl-1f"/>
      </object_component>
      <object_component id="oc-1d9">
         <name>.text</name>
         <load_address>0x13bc42</load_address>
         <run_address>0x13bc42</run_address>
         <size>0x29</size>
         <input_file_ref idref="fl-2f"/>
      </object_component>
      <object_component id="oc-1d6">
         <name>.text</name>
         <load_address>0x13bc6b</load_address>
         <run_address>0x13bc6b</run_address>
         <size>0x24</size>
         <input_file_ref idref="fl-2e"/>
      </object_component>
      <object_component id="oc-1dc">
         <name>.text</name>
         <load_address>0x13bc8f</load_address>
         <run_address>0x13bc8f</run_address>
         <size>0x1e</size>
         <input_file_ref idref="fl-30"/>
      </object_component>
      <object_component id="oc-1d8">
         <name>.text</name>
         <load_address>0x13bcad</load_address>
         <run_address>0x13bcad</run_address>
         <size>0x19</size>
         <input_file_ref idref="fl-34"/>
      </object_component>
      <object_component id="oc-1bf">
         <name>.text</name>
         <load_address>0x13bcc6</load_address>
         <run_address>0x13bcc6</run_address>
         <size>0x19</size>
         <input_file_ref idref="fl-46"/>
      </object_component>
      <object_component id="oc-1fb">
         <name>.text</name>
         <load_address>0x13bcdf</load_address>
         <run_address>0x13bcdf</run_address>
         <size>0x13</size>
         <input_file_ref idref="fl-d"/>
      </object_component>
      <object_component id="oc-1f4">
         <name>.text</name>
         <load_address>0x13bcf2</load_address>
         <run_address>0x13bcf2</run_address>
         <size>0x11</size>
         <input_file_ref idref="fl-20"/>
      </object_component>
      <object_component id="oc-1b1">
         <name>.text</name>
         <load_address>0x13bd03</load_address>
         <run_address>0x13bd03</run_address>
         <size>0xc</size>
         <input_file_ref idref="fl-43"/>
      </object_component>
      <object_component id="oc-1f5">
         <name>.text</name>
         <load_address>0x13bd0f</load_address>
         <run_address>0x13bd0f</run_address>
         <size>0x9</size>
         <input_file_ref idref="fl-33"/>
      </object_component>
      <object_component id="oc-1d5">
         <name>.text</name>
         <load_address>0x13bd18</load_address>
         <run_address>0x13bd18</run_address>
         <size>0x2</size>
         <input_file_ref idref="fl-31"/>
      </object_component>
      <object_component id="oc-1d7">
         <name>.text</name>
         <load_address>0x13bd1a</load_address>
         <run_address>0x13bd1a</run_address>
         <size>0x1</size>
         <input_file_ref idref="fl-32"/>
      </object_component>
      <object_component id="oc-ed">
         <name>codestart</name>
         <load_address>0x13fff0</load_address>
         <run_address>0x13fff0</run_address>
         <size>0x2</size>
         <input_file_ref idref="fl-17"/>
      </object_component>
      <object_component id="oc-da">
         <name>ramfuncs:retain</name>
         <load_address>0x138000</load_address>
         <run_address>0x8000</run_address>
         <size>0x4ac</size>
         <input_file_ref idref="fl-13"/>
      </object_component>
      <object_component id="oc-d3">
         <name>ramfuncs:retain</name>
         <load_address>0x1384ac</load_address>
         <run_address>0x84ac</run_address>
         <size>0x267</size>
         <input_file_ref idref="fl-12"/>
      </object_component>
      <object_component id="oc-1e2">
         <name>ramfuncs</name>
         <load_address>0x138713</load_address>
         <run_address>0x8713</run_address>
         <size>0xef</size>
         <input_file_ref idref="fl-15"/>
      </object_component>
      <object_component id="oc-1e1">
         <name>ramfuncs</name>
         <load_address>0x138802</load_address>
         <run_address>0x8802</run_address>
         <size>0xdc</size>
         <input_file_ref idref="fl-6"/>
      </object_component>
      <object_component id="oc-1da">
         <name>ramfuncs</name>
         <load_address>0x1388de</load_address>
         <run_address>0x88de</run_address>
         <size>0xd9</size>
         <input_file_ref idref="fl-7"/>
      </object_component>
      <object_component id="oc-1f2">
         <name>ramfuncs</name>
         <load_address>0x1389b7</load_address>
         <run_address>0x89b7</run_address>
         <size>0x73</size>
         <input_file_ref idref="fl-23"/>
      </object_component>
      <object_component id="oc-1db">
         <name>ramfuncs</name>
         <load_address>0x138a2a</load_address>
         <run_address>0x8a2a</run_address>
         <size>0x46</size>
         <input_file_ref idref="fl-12"/>
      </object_component>
      <object_component id="oc-1e3">
         <name>ramfuncs</name>
         <load_address>0x138a70</load_address>
         <run_address>0x8a70</run_address>
         <size>0x3c</size>
         <input_file_ref idref="fl-13"/>
      </object_component>
      <object_component id="oc-135">
         <name>ramfuncs</name>
         <load_address>0x138aac</load_address>
         <run_address>0x8aac</run_address>
         <size>0x4</size>
         <input_file_ref idref="fl-25"/>
      </object_component>
      <object_component id="oc-7e">
         <name>SHARERAMS0</name>
         <uninitialized>true</uninitialized>
         <run_address>0xc000</run_address>
         <size>0x344</size>
         <input_file_ref idref="fl-5"/>
      </object_component>
      <object_component id="oc-7f">
         <name>SHARERAMS1_0</name>
         <uninitialized>true</uninitialized>
         <run_address>0xd000</run_address>
         <size>0x344</size>
         <input_file_ref idref="fl-5"/>
      </object_component>
      <object_component id="oc-b9">
         <name>SHARERAMS1_1</name>
         <uninitialized>true</uninitialized>
         <run_address>0xda40</run_address>
         <size>0x200</size>
         <input_file_ref idref="fl-f"/>
      </object_component>
      <object_component id="oc-c2">
         <name>SHARERAMS1_1</name>
         <uninitialized>true</uninitialized>
         <run_address>0xd800</run_address>
         <size>0x218</size>
         <input_file_ref idref="fl-10"/>
      </object_component>
      <object_component id="oc-d1">
         <name>SHARERAMS45</name>
         <uninitialized>true</uninitialized>
         <run_address>0x10000</run_address>
         <size>0x2000</size>
         <input_file_ref idref="fl-12"/>
      </object_component>
      <object_component id="oc-d2">
         <name>SHARERAMS67</name>
         <uninitialized>true</uninitialized>
         <run_address>0x12000</run_address>
         <size>0x2000</size>
         <input_file_ref idref="fl-12"/>
      </object_component>
      <object_component id="oc-d0">
         <name>MTOC_MSG_RAM</name>
         <uninitialized>true</uninitialized>
         <run_address>0x3fc00</run_address>
         <size>0x272</size>
         <input_file_ref idref="fl-12"/>
      </object_component>
      <object_component id="oc-cf">
         <name>CTOM_MSG_RAM</name>
         <uninitialized>true</uninitialized>
         <run_address>0x3f800</run_address>
         <size>0x24</size>
         <input_file_ref idref="fl-12"/>
      </object_component>
      <object_component id="oc-180">
         <name>.stack</name>
         <uninitialized>true</uninitialized>
         <run_address>0x80</run_address>
         <size>0x0</size>
         <input_file_ref idref="fl-2b"/>
      </object_component>
      <object_component id="oc-279">
         <name>.stack</name>
         <uninitialized>true</uninitialized>
         <run_address>0x80</run_address>
         <size>0x0</size>
      </object_component>
      <object_component id="oc-86">
         <name>.ebss</name>
         <uninitialized>true</uninitialized>
         <run_address>0xa060</run_address>
         <size>0x1e</size>
         <input_file_ref idref="fl-6"/>
      </object_component>
      <object_component id="oc-8d">
         <name>.ebss</name>
         <uninitialized>true</uninitialized>
         <run_address>0xa040</run_address>
         <size>0x20</size>
         <input_file_ref idref="fl-7"/>
      </object_component>
      <object_component id="oc-ac">
         <name>.ebss</name>
         <uninitialized>true</uninitialized>
         <run_address>0xa0b0</run_address>
         <size>0xc</size>
         <input_file_ref idref="fl-d"/>
      </object_component>
      <object_component id="oc-b8">
         <name>.ebss</name>
         <uninitialized>true</uninitialized>
         <run_address>0xa080</run_address>
         <size>0x18</size>
         <input_file_ref idref="fl-f"/>
      </object_component>
      <object_component id="oc-c1">
         <name>.ebss</name>
         <uninitialized>true</uninitialized>
         <run_address>0xa02e</run_address>
         <size>0xe</size>
         <input_file_ref idref="fl-10"/>
      </object_component>
      <object_component id="oc-ce">
         <name>.ebss</name>
         <uninitialized>true</uninitialized>
         <run_address>0xa0d6</run_address>
         <size>0x8</size>
         <input_file_ref idref="fl-12"/>
      </object_component>
      <object_component id="oc-d9">
         <name>.ebss</name>
         <uninitialized>true</uninitialized>
         <run_address>0xa0cc</run_address>
         <size>0xa</size>
         <input_file_ref idref="fl-13"/>
      </object_component>
      <object_component id="oc-e3">
         <name>.ebss</name>
         <uninitialized>true</uninitialized>
         <run_address>0xa000</run_address>
         <size>0x2e</size>
         <input_file_ref idref="fl-15"/>
      </object_component>
      <object_component id="oc-f8">
         <name>.ebss</name>
         <uninitialized>true</uninitialized>
         <run_address>0xa098</run_address>
         <size>0x18</size>
         <input_file_ref idref="fl-19"/>
      </object_component>
      <object_component id="oc-18d">
         <name>.ebss</name>
         <uninitialized>true</uninitialized>
         <run_address>0xa0de</run_address>
         <size>0x6</size>
         <input_file_ref idref="fl-2f"/>
      </object_component>
      <object_component id="oc-1fe">
         <name>.ebss:__unlock</name>
         <uninitialized>true</uninitialized>
         <run_address>0xa03e</run_address>
         <size>0x2</size>
         <input_file_ref idref="fl-33"/>
      </object_component>
      <object_component id="oc-1e6">
         <name>.ebss:__lock</name>
         <uninitialized>true</uninitialized>
         <run_address>0xa03c</run_address>
         <size>0x2</size>
         <input_file_ref idref="fl-33"/>
      </object_component>
      <object_component id="oc-1b8">
         <name>.ebss</name>
         <uninitialized>true</uninitialized>
         <run_address>0xa07e</run_address>
         <size>0x1</size>
         <input_file_ref idref="fl-44"/>
      </object_component>
      <object_component id="oc-1d1">
         <name>.ebss</name>
         <uninitialized>true</uninitialized>
         <run_address>0xa0c0</run_address>
         <size>0xb</size>
         <input_file_ref idref="fl-49"/>
      </object_component>
      <object_component id="oc-1fd">
         <name>.econst:_PieVectTableInit</name>
         <load_address>0x13e000</load_address>
         <run_address>0x13e000</run_address>
         <size>0x100</size>
         <input_file_ref idref="fl-20"/>
      </object_component>
      <object_component id="oc-1ac">
         <name>.econst</name>
         <load_address>0x13e100</load_address>
         <run_address>0x13e100</run_address>
         <size>0x10</size>
         <input_file_ref idref="fl-42"/>
      </object_component>
      <object_component id="oc-1f7">
         <name>.econst:_halF</name>
         <load_address>0x13e110</load_address>
         <run_address>0x13e110</run_address>
         <size>0x4</size>
         <input_file_ref idref="fl-42"/>
      </object_component>
      <object_component id="oc-1f8">
         <name>.econst:_ln2HI</name>
         <load_address>0x13e114</load_address>
         <run_address>0x13e114</run_address>
         <size>0x4</size>
         <input_file_ref idref="fl-42"/>
      </object_component>
      <object_component id="oc-1f9">
         <name>.econst:_ln2LO</name>
         <load_address>0x13e118</load_address>
         <run_address>0x13e118</run_address>
         <size>0x4</size>
         <input_file_ref idref="fl-42"/>
      </object_component>
      <object_component id="oc-181">
         <name>.reset</name>
         <load_address>0x3fffc0</load_address>
         <run_address>0x3fffc0</run_address>
         <size>0x2</size>
         <input_file_ref idref="fl-2b"/>
      </object_component>
      <object_component id="oc-78">
         <name>.debug_info</name>
         <load_address>0x0</load_address>
         <run_address>0x0</run_address>
         <size>0x770a</size>
         <input_file_ref idref="fl-4"/>
      </object_component>
      <object_component id="oc-7d">
         <name>.debug_info</name>
         <load_address>0x770a</load_address>
         <run_address>0x770a</run_address>
         <size>0x15cd</size>
         <input_file_ref idref="fl-5"/>
      </object_component>
      <object_component id="oc-84">
         <name>.debug_info</name>
         <load_address>0x8cd7</load_address>
         <run_address>0x8cd7</run_address>
         <size>0x2283</size>
         <input_file_ref idref="fl-6"/>
      </object_component>
      <object_component id="oc-8b">
         <name>.debug_info</name>
         <load_address>0xaf5a</load_address>
         <run_address>0xaf5a</run_address>
         <size>0x1237</size>
         <input_file_ref idref="fl-7"/>
      </object_component>
      <object_component id="oc-93">
         <name>.debug_info</name>
         <load_address>0xc191</load_address>
         <run_address>0xc191</run_address>
         <size>0x11d</size>
         <input_file_ref idref="fl-8"/>
      </object_component>
      <object_component id="oc-98">
         <name>.debug_info</name>
         <load_address>0xc2ae</load_address>
         <run_address>0xc2ae</run_address>
         <size>0x11d</size>
         <input_file_ref idref="fl-9"/>
      </object_component>
      <object_component id="oc-9d">
         <name>.debug_info</name>
         <load_address>0xc3cb</load_address>
         <run_address>0xc3cb</run_address>
         <size>0x11d</size>
         <input_file_ref idref="fl-a"/>
      </object_component>
      <object_component id="oc-a2">
         <name>.debug_info</name>
         <load_address>0xc4e8</load_address>
         <run_address>0xc4e8</run_address>
         <size>0x10c</size>
         <input_file_ref idref="fl-b"/>
      </object_component>
      <object_component id="oc-a7">
         <name>.debug_info</name>
         <load_address>0xc5f4</load_address>
         <run_address>0xc5f4</run_address>
         <size>0x10f</size>
         <input_file_ref idref="fl-c"/>
      </object_component>
      <object_component id="oc-ab">
         <name>.debug_info</name>
         <load_address>0xc703</load_address>
         <run_address>0xc703</run_address>
         <size>0x581</size>
         <input_file_ref idref="fl-d"/>
      </object_component>
      <object_component id="oc-b1">
         <name>.debug_info</name>
         <load_address>0xcc84</load_address>
         <run_address>0xcc84</run_address>
         <size>0x941</size>
         <input_file_ref idref="fl-e"/>
      </object_component>
      <object_component id="oc-b6">
         <name>.debug_info</name>
         <load_address>0xd5c5</load_address>
         <run_address>0xd5c5</run_address>
         <size>0x4bc7</size>
         <input_file_ref idref="fl-f"/>
      </object_component>
      <object_component id="oc-bf">
         <name>.debug_info</name>
         <load_address>0x1218c</load_address>
         <run_address>0x1218c</run_address>
         <size>0xc554</size>
         <input_file_ref idref="fl-10"/>
      </object_component>
      <object_component id="oc-c7">
         <name>.debug_info</name>
         <load_address>0x1e6e0</load_address>
         <run_address>0x1e6e0</run_address>
         <size>0x6871</size>
         <input_file_ref idref="fl-11"/>
      </object_component>
      <object_component id="oc-cc">
         <name>.debug_info</name>
         <load_address>0x24f51</load_address>
         <run_address>0x24f51</run_address>
         <size>0x9453</size>
         <input_file_ref idref="fl-12"/>
      </object_component>
      <object_component id="oc-d8">
         <name>.debug_info</name>
         <load_address>0x2e3a4</load_address>
         <run_address>0x2e3a4</run_address>
         <size>0xd3a8</size>
         <input_file_ref idref="fl-13"/>
      </object_component>
      <object_component id="oc-df">
         <name>.debug_info</name>
         <load_address>0x3b74c</load_address>
         <run_address>0x3b74c</run_address>
         <size>0x18a</size>
         <input_file_ref idref="fl-14"/>
      </object_component>
      <object_component id="oc-e1">
         <name>.debug_info</name>
         <load_address>0x3b8d6</load_address>
         <run_address>0x3b8d6</run_address>
         <size>0x767e</size>
         <input_file_ref idref="fl-15"/>
      </object_component>
      <object_component id="oc-e8">
         <name>.debug_info</name>
         <load_address>0x42f54</load_address>
         <run_address>0x42f54</run_address>
         <size>0x2982</size>
         <input_file_ref idref="fl-16"/>
      </object_component>
      <object_component id="oc-ee">
         <name>.debug_info</name>
         <load_address>0x458d6</load_address>
         <run_address>0x458d6</run_address>
         <size>0x15f</size>
         <input_file_ref idref="fl-17"/>
      </object_component>
      <object_component id="oc-f2">
         <name>.debug_info</name>
         <load_address>0x45a35</load_address>
         <run_address>0x45a35</run_address>
         <size>0xea6</size>
         <input_file_ref idref="fl-18"/>
      </object_component>
      <object_component id="oc-f7">
         <name>.debug_info</name>
         <load_address>0x468db</load_address>
         <run_address>0x468db</run_address>
         <size>0xabd</size>
         <input_file_ref idref="fl-19"/>
      </object_component>
      <object_component id="oc-fd">
         <name>.debug_info</name>
         <load_address>0x47398</load_address>
         <run_address>0x47398</run_address>
         <size>0x174c</size>
         <input_file_ref idref="fl-1a"/>
      </object_component>
      <object_component id="oc-102">
         <name>.debug_info</name>
         <load_address>0x48ae4</load_address>
         <run_address>0x48ae4</run_address>
         <size>0x4a23</size>
         <input_file_ref idref="fl-1b"/>
      </object_component>
      <object_component id="oc-108">
         <name>.debug_info</name>
         <load_address>0x4d507</load_address>
         <run_address>0x4d507</run_address>
         <size>0x37fa</size>
         <input_file_ref idref="fl-1c"/>
      </object_component>
      <object_component id="oc-10d">
         <name>.debug_info</name>
         <load_address>0x50d01</load_address>
         <run_address>0x50d01</run_address>
         <size>0x379e</size>
         <input_file_ref idref="fl-1d"/>
      </object_component>
      <object_component id="oc-112">
         <name>.debug_info</name>
         <load_address>0x5449f</load_address>
         <run_address>0x5449f</run_address>
         <size>0x63a1</size>
         <input_file_ref idref="fl-1e"/>
      </object_component>
      <object_component id="oc-117">
         <name>.debug_info</name>
         <load_address>0x5a840</load_address>
         <run_address>0x5a840</run_address>
         <size>0xc6b</size>
         <input_file_ref idref="fl-1f"/>
      </object_component>
      <object_component id="oc-11c">
         <name>.debug_info</name>
         <load_address>0x5b4ab</load_address>
         <run_address>0x5b4ab</run_address>
         <size>0x249e</size>
         <input_file_ref idref="fl-20"/>
      </object_component>
      <object_component id="oc-121">
         <name>.debug_info</name>
         <load_address>0x5d949</load_address>
         <run_address>0x5d949</run_address>
         <size>0x2ca9</size>
         <input_file_ref idref="fl-21"/>
      </object_component>
      <object_component id="oc-126">
         <name>.debug_info</name>
         <load_address>0x605f2</load_address>
         <run_address>0x605f2</run_address>
         <size>0x2ca9</size>
         <input_file_ref idref="fl-22"/>
      </object_component>
      <object_component id="oc-12b">
         <name>.debug_info</name>
         <load_address>0x6329b</load_address>
         <run_address>0x6329b</run_address>
         <size>0x60f4</size>
         <input_file_ref idref="fl-23"/>
      </object_component>
      <object_component id="oc-130">
         <name>.debug_info</name>
         <load_address>0x6938f</load_address>
         <run_address>0x6938f</run_address>
         <size>0x3ba</size>
         <input_file_ref idref="fl-24"/>
      </object_component>
      <object_component id="oc-136">
         <name>.debug_info</name>
         <load_address>0x69749</load_address>
         <run_address>0x69749</run_address>
         <size>0x15a</size>
         <input_file_ref idref="fl-25"/>
      </object_component>
      <object_component id="oc-13a">
         <name>.debug_info</name>
         <load_address>0x698a3</load_address>
         <run_address>0x698a3</run_address>
         <size>0x1b3cc</size>
         <input_file_ref idref="fl-26"/>
      </object_component>
      <object_component id="oc-182">
         <name>.debug_info</name>
         <load_address>0x84c6f</load_address>
         <run_address>0x84c6f</run_address>
         <size>0x16b</size>
         <input_file_ref idref="fl-2b"/>
      </object_component>
      <object_component id="oc-186">
         <name>.debug_info</name>
         <load_address>0x84dda</load_address>
         <run_address>0x84dda</run_address>
         <size>0x5c1</size>
         <input_file_ref idref="fl-2e"/>
      </object_component>
      <object_component id="oc-18b">
         <name>.debug_info</name>
         <load_address>0x8539b</load_address>
         <run_address>0x8539b</run_address>
         <size>0x5ab</size>
         <input_file_ref idref="fl-2f"/>
      </object_component>
      <object_component id="oc-192">
         <name>.debug_info</name>
         <load_address>0x85946</load_address>
         <run_address>0x85946</run_address>
         <size>0x46f</size>
         <input_file_ref idref="fl-30"/>
      </object_component>
      <object_component id="oc-197">
         <name>.debug_info</name>
         <load_address>0x85db5</load_address>
         <run_address>0x85db5</run_address>
         <size>0x3e2</size>
         <input_file_ref idref="fl-31"/>
      </object_component>
      <object_component id="oc-19c">
         <name>.debug_info</name>
         <load_address>0x86197</load_address>
         <run_address>0x86197</run_address>
         <size>0x3df</size>
         <input_file_ref idref="fl-32"/>
      </object_component>
      <object_component id="oc-1a1">
         <name>.debug_info</name>
         <load_address>0x86576</load_address>
         <run_address>0x86576</run_address>
         <size>0x501</size>
         <input_file_ref idref="fl-33"/>
      </object_component>
      <object_component id="oc-1a6">
         <name>.debug_info</name>
         <load_address>0x86a77</load_address>
         <run_address>0x86a77</run_address>
         <size>0x4ce</size>
         <input_file_ref idref="fl-34"/>
      </object_component>
      <object_component id="oc-1ab">
         <name>.debug_info</name>
         <load_address>0x86f45</load_address>
         <run_address>0x86f45</run_address>
         <size>0x645</size>
         <input_file_ref idref="fl-42"/>
      </object_component>
      <object_component id="oc-1b2">
         <name>.debug_info</name>
         <load_address>0x8758a</load_address>
         <run_address>0x8758a</run_address>
         <size>0x15a</size>
         <input_file_ref idref="fl-43"/>
      </object_component>
      <object_component id="oc-1b6">
         <name>.debug_info</name>
         <load_address>0x876e4</load_address>
         <run_address>0x876e4</run_address>
         <size>0x1bb</size>
         <input_file_ref idref="fl-44"/>
      </object_component>
      <object_component id="oc-1bb">
         <name>.debug_info</name>
         <load_address>0x8789f</load_address>
         <run_address>0x8789f</run_address>
         <size>0x10c</size>
         <input_file_ref idref="fl-45"/>
      </object_component>
      <object_component id="oc-1c0">
         <name>.debug_info</name>
         <load_address>0x879ab</load_address>
         <run_address>0x879ab</run_address>
         <size>0x19a</size>
         <input_file_ref idref="fl-46"/>
      </object_component>
      <object_component id="oc-1c4">
         <name>.debug_info</name>
         <load_address>0x87b45</load_address>
         <run_address>0x87b45</run_address>
         <size>0x422</size>
         <input_file_ref idref="fl-47"/>
      </object_component>
      <object_component id="oc-1c9">
         <name>.debug_info</name>
         <load_address>0x87f67</load_address>
         <run_address>0x87f67</run_address>
         <size>0x434</size>
         <input_file_ref idref="fl-48"/>
      </object_component>
      <object_component id="oc-1cf">
         <name>.debug_info</name>
         <load_address>0x8839b</load_address>
         <run_address>0x8839b</run_address>
         <size>0x46ee</size>
         <input_file_ref idref="fl-49"/>
      </object_component>
      <object_component id="oc-27a">
         <name>.debug_info</name>
         <load_address>0x8ca89</load_address>
         <run_address>0x8ca89</run_address>
         <size>0x9f</size>
      </object_component>
      <object_component id="oc-79">
         <name>.debug_frame</name>
         <load_address>0x0</load_address>
         <run_address>0x0</run_address>
         <size>0x51</size>
         <input_file_ref idref="fl-4"/>
      </object_component>
      <object_component id="oc-80">
         <name>.debug_frame</name>
         <load_address>0x51</load_address>
         <run_address>0x51</run_address>
         <size>0x84</size>
         <input_file_ref idref="fl-5"/>
      </object_component>
      <object_component id="oc-87">
         <name>.debug_frame</name>
         <load_address>0xd5</load_address>
         <run_address>0xd5</run_address>
         <size>0x2ea</size>
         <input_file_ref idref="fl-6"/>
      </object_component>
      <object_component id="oc-8e">
         <name>.debug_frame</name>
         <load_address>0x3bf</load_address>
         <run_address>0x3bf</run_address>
         <size>0x194</size>
         <input_file_ref idref="fl-7"/>
      </object_component>
      <object_component id="oc-ad">
         <name>.debug_frame</name>
         <load_address>0x553</load_address>
         <run_address>0x553</run_address>
         <size>0x58</size>
         <input_file_ref idref="fl-d"/>
      </object_component>
      <object_component id="oc-b2">
         <name>.debug_frame</name>
         <load_address>0x5ab</load_address>
         <run_address>0x5ab</run_address>
         <size>0xb6</size>
         <input_file_ref idref="fl-e"/>
      </object_component>
      <object_component id="oc-bb">
         <name>.debug_frame</name>
         <load_address>0x661</load_address>
         <run_address>0x661</run_address>
         <size>0x131</size>
         <input_file_ref idref="fl-f"/>
      </object_component>
      <object_component id="oc-c3">
         <name>.debug_frame</name>
         <load_address>0x792</load_address>
         <run_address>0x792</run_address>
         <size>0x1e7</size>
         <input_file_ref idref="fl-10"/>
      </object_component>
      <object_component id="oc-c8">
         <name>.debug_frame</name>
         <load_address>0x979</load_address>
         <run_address>0x979</run_address>
         <size>0x79</size>
         <input_file_ref idref="fl-11"/>
      </object_component>
      <object_component id="oc-d4">
         <name>.debug_frame</name>
         <load_address>0x9f2</load_address>
         <run_address>0x9f2</run_address>
         <size>0x17a</size>
         <input_file_ref idref="fl-12"/>
      </object_component>
      <object_component id="oc-db">
         <name>.debug_frame</name>
         <load_address>0xb6c</load_address>
         <run_address>0xb6c</run_address>
         <size>0x2cf</size>
         <input_file_ref idref="fl-13"/>
      </object_component>
      <object_component id="oc-e4">
         <name>.debug_frame</name>
         <load_address>0xe3b</load_address>
         <run_address>0xe3b</run_address>
         <size>0x252</size>
         <input_file_ref idref="fl-15"/>
      </object_component>
      <object_component id="oc-e9">
         <name>.debug_frame</name>
         <load_address>0x108d</load_address>
         <run_address>0x108d</run_address>
         <size>0x2e</size>
         <input_file_ref idref="fl-16"/>
      </object_component>
      <object_component id="oc-f3">
         <name>.debug_frame</name>
         <load_address>0x10bb</load_address>
         <run_address>0x10bb</run_address>
         <size>0x2e</size>
         <input_file_ref idref="fl-18"/>
      </object_component>
      <object_component id="oc-f9">
         <name>.debug_frame</name>
         <load_address>0x10e9</load_address>
         <run_address>0x10e9</run_address>
         <size>0x58</size>
         <input_file_ref idref="fl-19"/>
      </object_component>
      <object_component id="oc-fe">
         <name>.debug_frame</name>
         <load_address>0x1141</load_address>
         <run_address>0x1141</run_address>
         <size>0x2e</size>
         <input_file_ref idref="fl-1a"/>
      </object_component>
      <object_component id="oc-104">
         <name>.debug_frame</name>
         <load_address>0x116f</load_address>
         <run_address>0x116f</run_address>
         <size>0xca2</size>
         <input_file_ref idref="fl-1b"/>
      </object_component>
      <object_component id="oc-109">
         <name>.debug_frame</name>
         <load_address>0x1e11</load_address>
         <run_address>0x1e11</run_address>
         <size>0x13f</size>
         <input_file_ref idref="fl-1c"/>
      </object_component>
      <object_component id="oc-10e">
         <name>.debug_frame</name>
         <load_address>0x1f50</load_address>
         <run_address>0x1f50</run_address>
         <size>0x2e</size>
         <input_file_ref idref="fl-1d"/>
      </object_component>
      <object_component id="oc-113">
         <name>.debug_frame</name>
         <load_address>0x1f7e</load_address>
         <run_address>0x1f7e</run_address>
         <size>0x122</size>
         <input_file_ref idref="fl-1e"/>
      </object_component>
      <object_component id="oc-118">
         <name>.debug_frame</name>
         <load_address>0x20a0</load_address>
         <run_address>0x20a0</run_address>
         <size>0x58</size>
         <input_file_ref idref="fl-1f"/>
      </object_component>
      <object_component id="oc-11d">
         <name>.debug_frame</name>
         <load_address>0x20f8</load_address>
         <run_address>0x20f8</run_address>
         <size>0x43</size>
         <input_file_ref idref="fl-20"/>
      </object_component>
      <object_component id="oc-122">
         <name>.debug_frame</name>
         <load_address>0x213b</load_address>
         <run_address>0x213b</run_address>
         <size>0x2e</size>
         <input_file_ref idref="fl-21"/>
      </object_component>
      <object_component id="oc-127">
         <name>.debug_frame</name>
         <load_address>0x2169</load_address>
         <run_address>0x2169</run_address>
         <size>0x2e</size>
         <input_file_ref idref="fl-22"/>
      </object_component>
      <object_component id="oc-12c">
         <name>.debug_frame</name>
         <load_address>0x2197</load_address>
         <run_address>0x2197</run_address>
         <size>0x133</size>
         <input_file_ref idref="fl-23"/>
      </object_component>
      <object_component id="oc-131">
         <name>.debug_frame</name>
         <load_address>0x22ca</load_address>
         <run_address>0x22ca</run_address>
         <size>0x2e</size>
         <input_file_ref idref="fl-24"/>
      </object_component>
      <object_component id="oc-187">
         <name>.debug_frame</name>
         <load_address>0x22f8</load_address>
         <run_address>0x22f8</run_address>
         <size>0x64</size>
         <input_file_ref idref="fl-2e"/>
      </object_component>
      <object_component id="oc-18e">
         <name>.debug_frame</name>
         <load_address>0x235c</load_address>
         <run_address>0x235c</run_address>
         <size>0x61</size>
         <input_file_ref idref="fl-2f"/>
      </object_component>
      <object_component id="oc-193">
         <name>.debug_frame</name>
         <load_address>0x23bd</load_address>
         <run_address>0x23bd</run_address>
         <size>0x43</size>
         <input_file_ref idref="fl-30"/>
      </object_component>
      <object_component id="oc-198">
         <name>.debug_frame</name>
         <load_address>0x2400</load_address>
         <run_address>0x2400</run_address>
         <size>0x43</size>
         <input_file_ref idref="fl-31"/>
      </object_component>
      <object_component id="oc-19d">
         <name>.debug_frame</name>
         <load_address>0x2443</load_address>
         <run_address>0x2443</run_address>
         <size>0x43</size>
         <input_file_ref idref="fl-32"/>
      </object_component>
      <object_component id="oc-1a2">
         <name>.debug_frame</name>
         <load_address>0x2486</load_address>
         <run_address>0x2486</run_address>
         <size>0x6d</size>
         <input_file_ref idref="fl-33"/>
      </object_component>
      <object_component id="oc-1a7">
         <name>.debug_frame</name>
         <load_address>0x24f3</load_address>
         <run_address>0x24f3</run_address>
         <size>0x43</size>
         <input_file_ref idref="fl-34"/>
      </object_component>
      <object_component id="oc-1ad">
         <name>.debug_frame</name>
         <load_address>0x2536</load_address>
         <run_address>0x2536</run_address>
         <size>0x53</size>
         <input_file_ref idref="fl-42"/>
      </object_component>
      <object_component id="oc-1c5">
         <name>.debug_frame</name>
         <load_address>0x2589</load_address>
         <run_address>0x2589</run_address>
         <size>0x4a</size>
         <input_file_ref idref="fl-47"/>
      </object_component>
      <object_component id="oc-1ca">
         <name>.debug_frame</name>
         <load_address>0x25d3</load_address>
         <run_address>0x25d3</run_address>
         <size>0x4a</size>
         <input_file_ref idref="fl-48"/>
      </object_component>
      <object_component id="oc-1d2">
         <name>.debug_frame</name>
         <load_address>0x261d</load_address>
         <run_address>0x261d</run_address>
         <size>0xb4</size>
         <input_file_ref idref="fl-49"/>
      </object_component>
      <object_component id="oc-7a">
         <name>.debug_line</name>
         <load_address>0x0</load_address>
         <run_address>0x0</run_address>
         <size>0x80</size>
         <input_file_ref idref="fl-4"/>
      </object_component>
      <object_component id="oc-81">
         <name>.debug_line</name>
         <load_address>0x80</load_address>
         <run_address>0x80</run_address>
         <size>0x100</size>
         <input_file_ref idref="fl-5"/>
      </object_component>
      <object_component id="oc-88">
         <name>.debug_line</name>
         <load_address>0x180</load_address>
         <run_address>0x180</run_address>
         <size>0x3ad</size>
         <input_file_ref idref="fl-6"/>
      </object_component>
      <object_component id="oc-8f">
         <name>.debug_line</name>
         <load_address>0x52d</load_address>
         <run_address>0x52d</run_address>
         <size>0x226</size>
         <input_file_ref idref="fl-7"/>
      </object_component>
      <object_component id="oc-94">
         <name>.debug_line</name>
         <load_address>0x753</load_address>
         <run_address>0x753</run_address>
         <size>0xb9</size>
         <input_file_ref idref="fl-8"/>
      </object_component>
      <object_component id="oc-99">
         <name>.debug_line</name>
         <load_address>0x80c</load_address>
         <run_address>0x80c</run_address>
         <size>0x98</size>
         <input_file_ref idref="fl-9"/>
      </object_component>
      <object_component id="oc-9e">
         <name>.debug_line</name>
         <load_address>0x8a4</load_address>
         <run_address>0x8a4</run_address>
         <size>0xae</size>
         <input_file_ref idref="fl-a"/>
      </object_component>
      <object_component id="oc-a3">
         <name>.debug_line</name>
         <load_address>0x952</load_address>
         <run_address>0x952</run_address>
         <size>0x77</size>
         <input_file_ref idref="fl-b"/>
      </object_component>
      <object_component id="oc-a8">
         <name>.debug_line</name>
         <load_address>0x9c9</load_address>
         <run_address>0x9c9</run_address>
         <size>0x91</size>
         <input_file_ref idref="fl-c"/>
      </object_component>
      <object_component id="oc-ae">
         <name>.debug_line</name>
         <load_address>0xa5a</load_address>
         <run_address>0xa5a</run_address>
         <size>0x7d</size>
         <input_file_ref idref="fl-d"/>
      </object_component>
      <object_component id="oc-b3">
         <name>.debug_line</name>
         <load_address>0xad7</load_address>
         <run_address>0xad7</run_address>
         <size>0xfb</size>
         <input_file_ref idref="fl-e"/>
      </object_component>
      <object_component id="oc-bc">
         <name>.debug_line</name>
         <load_address>0xbd2</load_address>
         <run_address>0xbd2</run_address>
         <size>0x160</size>
         <input_file_ref idref="fl-f"/>
      </object_component>
      <object_component id="oc-c4">
         <name>.debug_line</name>
         <load_address>0xd32</load_address>
         <run_address>0xd32</run_address>
         <size>0x496</size>
         <input_file_ref idref="fl-10"/>
      </object_component>
      <object_component id="oc-c9">
         <name>.debug_line</name>
         <load_address>0x11c8</load_address>
         <run_address>0x11c8</run_address>
         <size>0x164</size>
         <input_file_ref idref="fl-11"/>
      </object_component>
      <object_component id="oc-d5">
         <name>.debug_line</name>
         <load_address>0x132c</load_address>
         <run_address>0x132c</run_address>
         <size>0x290</size>
         <input_file_ref idref="fl-12"/>
      </object_component>
      <object_component id="oc-dc">
         <name>.debug_line</name>
         <load_address>0x15bc</load_address>
         <run_address>0x15bc</run_address>
         <size>0x462</size>
         <input_file_ref idref="fl-13"/>
      </object_component>
      <object_component id="oc-e5">
         <name>.debug_line</name>
         <load_address>0x1a1e</load_address>
         <run_address>0x1a1e</run_address>
         <size>0x3b6</size>
         <input_file_ref idref="fl-15"/>
      </object_component>
      <object_component id="oc-ea">
         <name>.debug_line</name>
         <load_address>0x1dd4</load_address>
         <run_address>0x1dd4</run_address>
         <size>0x6c</size>
         <input_file_ref idref="fl-16"/>
      </object_component>
      <object_component id="oc-ef">
         <name>.debug_line</name>
         <load_address>0x1e40</load_address>
         <run_address>0x1e40</run_address>
         <size>0x88</size>
         <input_file_ref idref="fl-17"/>
      </object_component>
      <object_component id="oc-f4">
         <name>.debug_line</name>
         <load_address>0x1ec8</load_address>
         <run_address>0x1ec8</run_address>
         <size>0x6d</size>
         <input_file_ref idref="fl-18"/>
      </object_component>
      <object_component id="oc-fa">
         <name>.debug_line</name>
         <load_address>0x1f35</load_address>
         <run_address>0x1f35</run_address>
         <size>0xe2</size>
         <input_file_ref idref="fl-19"/>
      </object_component>
      <object_component id="oc-ff">
         <name>.debug_line</name>
         <load_address>0x2017</load_address>
         <run_address>0x2017</run_address>
         <size>0x6c</size>
         <input_file_ref idref="fl-1a"/>
      </object_component>
      <object_component id="oc-105">
         <name>.debug_line</name>
         <load_address>0x2083</load_address>
         <run_address>0x2083</run_address>
         <size>0x7cf</size>
         <input_file_ref idref="fl-1b"/>
      </object_component>
      <object_component id="oc-10a">
         <name>.debug_line</name>
         <load_address>0x2852</load_address>
         <run_address>0x2852</run_address>
         <size>0x191</size>
         <input_file_ref idref="fl-1c"/>
      </object_component>
      <object_component id="oc-10f">
         <name>.debug_line</name>
         <load_address>0x29e3</load_address>
         <run_address>0x29e3</run_address>
         <size>0x6d</size>
         <input_file_ref idref="fl-1d"/>
      </object_component>
      <object_component id="oc-114">
         <name>.debug_line</name>
         <load_address>0x2a50</load_address>
         <run_address>0x2a50</run_address>
         <size>0x1c5</size>
         <input_file_ref idref="fl-1e"/>
      </object_component>
      <object_component id="oc-119">
         <name>.debug_line</name>
         <load_address>0x2c15</load_address>
         <run_address>0x2c15</run_address>
         <size>0xb4</size>
         <input_file_ref idref="fl-1f"/>
      </object_component>
      <object_component id="oc-11e">
         <name>.debug_line</name>
[...]
         <name>_InitMcbspa32bit</name>
         <value>0x13b61e</value>
         <object_component_ref idref="oc-1ee"/>
      </symbol>
      <symbol id="sm-49d">
         <name>_InitMcbspaInt</name>
         <value>0x13b5c7</value>
         <object_component_ref idref="oc-1ee"/>
      </symbol>
      <symbol id="sm-49e">
         <name>_InitMcbspa24bit</name>
         <value>0x13b62c</value>
         <object_component_ref idref="oc-1ee"/>
      </symbol>
      <symbol id="sm-49f">
         <name>_InitMcbspa16bit</name>
         <value>0x13b648</value>
         <object_component_ref idref="oc-1ee"/>
      </symbol>
      <symbol id="sm-4a0">
         <name>_clkg_delay_loop</name>
         <value>0x13b5b5</value>
         <object_component_ref idref="oc-1ee"/>
      </symbol>
      <symbol id="sm-4a1">
         <name>_InitMcbspa8bit</name>
         <value>0x13b614</value>
         <object_component_ref idref="oc-1ee"/>
      </symbol>
      <symbol id="sm-4a2">
         <name>_InitMcbspGpio</name>
         <value>0x13b5dc</value>
         <object_component_ref idref="oc-1ee"/>
      </symbol>
      <symbol id="sm-4a3">
         <name>_delay_loop</name>
         <value>0x13b5a3</value>
         <object_component_ref idref="oc-1ee"/>
      </symbol>
      <symbol id="sm-4af">
         <name>_InitPieCtrl</name>
         <value>0x13bc15</value>
         <object_component_ref idref="oc-1f3"/>
      </symbol>
      <symbol id="sm-4b0">
         <name>_EnableInterrupts</name>
         <value>0x13bc39</value>
         <object_component_ref idref="oc-1f3"/>
      </symbol>
      <symbol id="sm-4bf">
         <name>_PieVectTableInit</name>
         <value>0x13e000</value>
         <object_component_ref idref="oc-1fd"/>
      </symbol>
      <symbol id="sm-4c0">
         <name>_InitPieVectTable</name>
         <value>0x13bcf2</value>
         <object_component_ref idref="oc-1f4"/>
      </symbol>
      <symbol id="sm-4ed">
         <name>_SetupFlash</name>
         <value>0x89b7</value>
         <object_component_ref idref="oc-1f2"/>
      </symbol>
      <symbol id="sm-4ee">
         <name>_FlashGainPump</name>
         <value>0x8a1d</value>
         <object_component_ref idref="oc-1f2"/>
      </symbol>
      <symbol id="sm-4ef">
         <name>_LockDevice</name>
         <value>0x13b49b</value>
         <object_component_ref idref="oc-1f1"/>
      </symbol>
      <symbol id="sm-4f0">
         <name>_ECSLSecurityStatus</name>
         <value>0x13b56a</value>
         <object_component_ref idref="oc-1f1"/>
      </symbol>
      <symbol id="sm-4f1">
         <name>_InitPeripheralClocks</name>
         <value>0x13b4a3</value>
         <object_component_ref idref="oc-1f1"/>
      </symbol>
      <symbol id="sm-4f2">
         <name>_InitFlash</name>
         <value>0x89e6</value>
         <object_component_ref idref="oc-1f2"/>
      </symbol>
      <symbol id="sm-4f3">
         <name>_FlashLeavePump</name>
         <value>0x8a12</value>
         <object_component_ref idref="oc-1f2"/>
      </symbol>
      <symbol id="sm-4f4">
         <name>_CsmUnlock</name>
         <value>0x13b576</value>
         <object_component_ref idref="oc-1f1"/>
      </symbol>
      <symbol id="sm-4f5">
         <name>_EcslUnlock</name>
         <value>0x13b553</value>
         <object_component_ref idref="oc-1f1"/>
      </symbol>
      <symbol id="sm-4f6">
         <name>_CSMSecurityStatus</name>
         <value>0x13b597</value>
         <object_component_ref idref="oc-1f1"/>
      </symbol>
      <symbol id="sm-4f7">
         <name>_GetEXEstatus</name>
         <value>0x13b549</value>
         <object_component_ref idref="oc-1f1"/>
      </symbol>
      <symbol id="sm-4f8">
         <name>_InitSysCtrl</name>
         <value>0x13b50c</value>
         <object_component_ref idref="oc-1f1"/>
      </symbol>
      <symbol id="sm-50d">
         <name>_DSP28x_usDelay</name>
         <value>0x8aac</value>
         <object_component_ref idref="oc-135"/>
      </symbol>
      <symbol id="sm-59b">
         <name>_FlashCtrlRegs</name>
         <value>0x4000</value>
         <object_component_ref idref="oc-17e"/>
      </symbol>
      <symbol id="sm-59c">
         <name>_HWBistRegs</name>
         <value>0x1780</value>
         <object_component_ref idref="oc-161"/>
      </symbol>
      <symbol id="sm-59d">
         <name>_GpioG1DataRegs</name>
         <value>0x5f00</value>
         <object_component_ref idref="oc-178"/>
      </symbol>
      <symbol id="sm-59e">
         <name>_Comp5Regs</name>
         <value>0x6480</value>
         <object_component_ref idref="oc-141"/>
      </symbol>
      <symbol id="sm-59f">
         <name>_RAMErrRegs</name>
         <value>0x4a00</value>
         <object_component_ref idref="oc-164"/>
      </symbol>
      <symbol id="sm-5a0">
         <name>_Adc1Result</name>
         <value>0xb00</value>
         <object_component_ref idref="oc-14b"/>
      </symbol>
      <symbol id="sm-5a1">
         <name>_GpioCtrlRegs</name>
         <value>0x5f00</value>
         <object_component_ref idref="oc-17b"/>
      </symbol>
      <symbol id="sm-5a2">
         <name>_PieVectTable</name>
         <value>0xd00</value>
         <object_component_ref idref="oc-17d"/>
      </symbol>
      <symbol id="sm-5a3">
         <name>_Comp6Regs</name>
         <value>0x64a0</value>
         <object_component_ref idref="oc-143"/>
      </symbol>
      <symbol id="sm-5a4">
         <name>_ECap4Regs</name>
         <value>0x5a60</value>
         <object_component_ref idref="oc-153"/>
      </symbol>
      <symbol id="sm-5a5">
         <name>_GpioG1CtrlRegs</name>
         <value>0x5f00</value>
         <object_component_ref idref="oc-179"/>
      </symbol>
      <symbol id="sm-5a6">
         <name>_CsmRegs</name>
         <value>0xae0</value>
         <object_component_ref idref="oc-14f"/>
      </symbol>
      <symbol id="sm-5a7">
         <name>_AdcResult</name>
         <value>0xb00</value>
         <object_component_ref idref="oc-149"/>
      </symbol>
      <symbol id="sm-5a8">
         <name>_EPwm4Regs</name>
         <value>0x5280</value>
         <object_component_ref idref="oc-175"/>
      </symbol>
      <symbol id="sm-5a9">
         <name>_ECap5Regs</name>
         <value>0x5a80</value>
         <object_component_ref idref="oc-152"/>
      </symbol>
      <symbol id="sm-5aa">
         <name>_CpuTimer1Regs</name>
         <value>0xc08</value>
         <object_component_ref idref="oc-146"/>
      </symbol>
      <symbol id="sm-5ab">
         <name>_SysCtrlRegs</name>
         <value>0x7010</value>
         <object_component_ref idref="oc-151"/>
      </symbol>
      <symbol id="sm-5ac">
         <name>_CtoMIpcRegs</name>
         <value>0x4e00</value>
         <object_component_ref idref="oc-165"/>
      </symbol>
      <symbol id="sm-5ad">
         <name>_EPwm5Regs</name>
         <value>0x5300</value>
         <object_component_ref idref="oc-174"/>
      </symbol>
      <symbol id="sm-5ae">
         <name>_SpiaRegs</name>
         <value>0x7040</value>
         <object_component_ref idref="oc-14e"/>
      </symbol>
      <symbol id="sm-5af">
         <name>_ECap6Regs</name>
         <value>0x5aa0</value>
         <object_component_ref idref="oc-158"/>
      </symbol>
      <symbol id="sm-5b0">
         <name>_DmaRegs</name>
         <value>0x1000</value>
         <object_component_ref idref="oc-17a"/>
      </symbol>
      <symbol id="sm-5b1">
         <name>_CpuTimer0Regs</name>
         <value>0xc00</value>
         <object_component_ref idref="oc-148"/>
      </symbol>
      <symbol id="sm-5b2">
         <name>_DevEmuRegs</name>
         <value>0x880</value>
         <object_component_ref idref="oc-166"/>
      </symbol>
      <symbol id="sm-5b3">
         <name>_EPwm6Regs</name>
         <value>0x5380</value>
         <object_component_ref idref="oc-16f"/>
      </symbol>
      <symbol id="sm-5b4">
         <name>_Comp1Regs</name>
         <value>0x6400</value>
         <object_component_ref idref="oc-13e"/>
      </symbol>
      <symbol id="sm-5b5">
         <name>_SciaRegs</name>
         <value>0x7050</value>
         <object_component_ref idref="oc-14d"/>
      </symbol>
      <symbol id="sm-5b6">
         <name>_Adc1Regs</name>
         <value>0x7100</value>
         <object_component_ref idref="oc-168"/>
      </symbol>
      <symbol id="sm-5b7">
         <name>_FlashEccRegs</name>
         <value>0x4300</value>
         <object_component_ref idref="oc-15f"/>
      </symbol>
      <symbol id="sm-5b8">
         <name>_EPwm11Regs</name>
         <value>0x5600</value>
         <object_component_ref idref="oc-170"/>
      </symbol>
      <symbol id="sm-5b9">
         <name>_GpioTripRegs</name>
         <value>0x5fe0</value>
         <object_component_ref idref="oc-159"/>
      </symbol>
      <symbol id="sm-5ba">
         <name>_GpioDataRegs</name>
         <value>0x5f00</value>
         <object_component_ref idref="oc-177"/>
      </symbol>
      <symbol id="sm-5bb">
         <name>_EcslPwl</name>
         <value>0x13fff4</value>
         <object_component_ref idref="oc-13c"/>
      </symbol>
      <symbol id="sm-5bc">
         <name>_CsmPwl</name>
         <value>0x13fff8</value>
         <object_component_ref idref="oc-144"/>
      </symbol>
      <symbol id="sm-5bd">
         <name>_AdcRegs</name>
         <value>0x7100</value>
         <object_component_ref idref="oc-167"/>
      </symbol>
      <symbol id="sm-5be">
         <name>_EPwm7Regs</name>
         <value>0x5400</value>
         <object_component_ref idref="oc-172"/>
      </symbol>
      <symbol id="sm-5bf">
         <name>_Comp2Regs</name>
         <value>0x6420</value>
         <object_component_ref idref="oc-13f"/>
      </symbol>
      <symbol id="sm-5c0">
         <name>_RAMRegs</name>
         <value>0x4900</value>
         <object_component_ref idref="oc-163"/>
      </symbol>
      <symbol id="sm-5c1">
         <name>_XIntruptRegs</name>
         <value>0x7070</value>
         <object_component_ref idref="oc-14a"/>
      </symbol>
      <symbol id="sm-5c2">
         <name>_EPwm10Regs</name>
         <value>0x5580</value>
         <object_component_ref idref="oc-173"/>
      </symbol>
      <symbol id="sm-5c3">
         <name>_CpuTimer2Regs</name>
         <value>0xc10</value>
         <object_component_ref idref="oc-147"/>
      </symbol>
      <symbol id="sm-5c4">
         <name>_PieCtrlRegs</name>
         <value>0xce0</value>
         <object_component_ref idref="oc-150"/>
      </symbol>
      <symbol id="sm-5c5">
         <name>_Comp3Regs</name>
         <value>0x6440</value>
         <object_component_ref idref="oc-140"/>
      </symbol>
      <symbol id="sm-5c6">
         <name>_ECap1Regs</name>
         <value>0x5a00</value>
         <object_component_ref idref="oc-15a"/>
      </symbol>
      <symbol id="sm-5c7">
         <name>_GpioG1TripRegs</name>
         <value>0x5fe0</value>
         <object_component_ref idref="oc-156"/>
      </symbol>
      <symbol id="sm-5c8">
         <name>_M3PllRegs</name>
         <value>0x4400</value>
         <object_component_ref idref="oc-145"/>
      </symbol>
      <symbol id="sm-5c9">
         <name>_EQep1Regs</name>
         <value>0x5b00</value>
         <object_component_ref idref="oc-15c"/>
      </symbol>
      <symbol id="sm-5ca">
         <name>_GpioG2DataRegs</name>
         <value>0x6fc0</value>
         <object_component_ref idref="oc-157"/>
      </symbol>
      <symbol id="sm-5cb">
         <name>_McbspaRegs</name>
         <value>0x5000</value>
         <object_component_ref idref="oc-160"/>
      </symbol>
      <symbol id="sm-5cc">
         <name>_EPwm1Regs</name>
         <value>0x5100</value>
         <object_component_ref idref="oc-16c"/>
      </symbol>
      <symbol id="sm-5cd">
         <name>_Adc2Regs</name>
         <value>0x7180</value>
         <object_component_ref idref="oc-169"/>
      </symbol>
      <symbol id="sm-5ce">
         <name>_ECap2Regs</name>
         <value>0x5a20</value>
         <object_component_ref idref="oc-154"/>
      </symbol>
      <symbol id="sm-5cf">
         <name>_EPwm12Regs</name>
         <value>0x5680</value>
         <object_component_ref idref="oc-171"/>
      </symbol>
      <symbol id="sm-5d0">
         <name>_FlashExeOnly</name>
         <value>0x13fff2</value>
         <object_component_ref idref="oc-13b"/>
      </symbol>
      <symbol id="sm-5d1">
         <name>_EQep2Regs</name>
         <value>0x5b40</value>
         <object_component_ref idref="oc-15b"/>
      </symbol>
      <symbol id="sm-5d2">
         <name>_EPwm8Regs</name>
         <value>0x5480</value>
         <object_component_ref idref="oc-16d"/>
      </symbol>
      <symbol id="sm-5d3">
         <name>_Adc2Result</name>
         <value>0xb40</value>
         <object_component_ref idref="oc-14c"/>
      </symbol>
      <symbol id="sm-5d4">
         <name>_EPwm2Regs</name>
         <value>0x5180</value>
         <object_component_ref idref="oc-176"/>
      </symbol>
      <symbol id="sm-5d5">
         <name>_GpioG2CtrlRegs</name>
         <value>0x6f80</value>
         <object_component_ref idref="oc-162"/>
      </symbol>
      <symbol id="sm-5d6">
         <name>_ECap3Regs</name>
         <value>0x5a40</value>
         <object_component_ref idref="oc-155"/>
      </symbol>
      <symbol id="sm-5d7">
         <name>_AnalogSysctrlRegs</name>
         <value>0x1700</value>
         <object_component_ref idref="oc-16a"/>
      </symbol>
      <symbol id="sm-5d8">
         <name>_PieVectTableCopy</name>
         <value>0xe00</value>
         <object_component_ref idref="oc-17c"/>
      </symbol>
      <symbol id="sm-5d9">
         <name>_EQep3Regs</name>
         <value>0x5b80</value>
         <object_component_ref idref="oc-15e"/>
      </symbol>
      <symbol id="sm-5da">
         <name>_EPwm9Regs</name>
         <value>0x5500</value>
         <object_component_ref idref="oc-16e"/>
      </symbol>
      <symbol id="sm-5db">
         <name>_NmiIntruptRegs</name>
         <value>0x7060</value>
         <object_component_ref idref="oc-13d"/>
      </symbol>
      <symbol id="sm-5dc">
         <name>_Comp4Regs</name>
         <value>0x6460</value>
         <object_component_ref idref="oc-142"/>
      </symbol>
      <symbol id="sm-5dd">
         <name>_EPwm3Regs</name>
         <value>0x5200</value>
         <object_component_ref idref="oc-16b"/>
      </symbol>
      <symbol id="sm-5de">
         <name>_I2caRegs</name>
         <value>0x7900</value>
         <object_component_ref idref="oc-15d"/>
      </symbol>
      <symbol id="sm-5f9">
         <name>_c_int00</name>
         <value>0x13bbbf</value>
         <object_component_ref idref="oc-77"/>
      </symbol>
      <symbol id="sm-5fa">
         <name>__stack</name>
         <value>0x80</value>
         <object_component_ref idref="oc-180"/>
      </symbol>
      <symbol id="sm-609">
         <name>_copy_in</name>
         <value>0x13bc6b</value>
         <object_component_ref idref="oc-1d6"/>
      </symbol>
      <symbol id="sm-61d">
         <name>C$$EXIT</name>
         <value>0x13bc42</value>
         <object_component_ref idref="oc-1d9"/>
      </symbol>
      <symbol id="sm-61e">
         <name>_exit</name>
         <value>0x13bc44</value>
         <object_component_ref idref="oc-1d9"/>
      </symbol>
      <symbol id="sm-61f">
         <name>___TI_cleanup_ptr</name>
         <value>0xa0e0</value>
         <object_component_ref idref="oc-18d"/>
      </symbol>
      <symbol id="sm-620">
         <name>___TI_enable_exit_profile_output</name>
         <value>0xa0de</value>
         <object_component_ref idref="oc-18d"/>
      </symbol>
      <symbol id="sm-621">
         <name>_abort</name>
         <value>0x13bc42</value>
         <object_component_ref idref="oc-1d9"/>
      </symbol>
      <symbol id="sm-622">
         <name>___TI_dtors_ptr</name>
         <value>0xa0e2</value>
         <object_component_ref idref="oc-18d"/>
      </symbol>
      <symbol id="sm-633">
         <name>_memcpy</name>
         <value>0x13bc8f</value>
         <object_component_ref idref="oc-1dc"/>
      </symbol>
      <symbol id="sm-63f">
         <name>__system_pre_init</name>
         <value>0x13bd18</value>
         <object_component_ref idref="oc-1d5"/>
      </symbol>
      <symbol id="sm-64b">
         <name>__system_post_cinit</name>
         <value>0x13bd1a</value>
         <object_component_ref idref="oc-1d7"/>
      </symbol>
      <symbol id="sm-65f">
         <name>__unlock</name>
         <value>0xa03e</value>
         <object_component_ref idref="oc-1fe"/>
      </symbol>
      <symbol id="sm-660">
         <name>__lock</name>
         <value>0xa03c</value>
         <object_component_ref idref="oc-1e6"/>
      </symbol>
      <symbol id="sm-661">
         <name>__register_lock</name>
         <value>0x13bd13</value>
         <object_component_ref idref="oc-1f5"/>
      </symbol>
      <symbol id="sm-662">
         <name>__nop</name>
         <value>0x13bd17</value>
         <object_component_ref idref="oc-1f5"/>
      </symbol>
      <symbol id="sm-663">
         <name>__register_unlock</name>
         <value>0x13bd0f</value>
         <object_component_ref idref="oc-1f5"/>
      </symbol>
      <symbol id="sm-672">
         <name>__args_main</name>
         <value>0x13bcad</value>
         <object_component_ref idref="oc-1d8"/>
      </symbol>
      <symbol id="sm-6a0">
         <name>_exp</name>
         <value>0x13b27c</value>
         <object_component_ref idref="oc-1e9"/>
      </symbol>
      <symbol id="sm-6a1">
         <name>_expf</name>
         <value>0x13b27c</value>
         <object_component_ref idref="oc-1e9"/>
      </symbol>
      <symbol id="sm-6ad">
         <name>_epilog_c28x_1</name>
         <value>0x13bd03</value>
         <object_component_ref idref="oc-1b1"/>
      </symbol>
      <symbol id="sm-6ae">
         <name>_epilog_c28x_2</name>
         <value>0x13bd07</value>
         <object_component_ref idref="oc-1b1"/>
      </symbol>
      <symbol id="sm-6b8">
         <name>_errno</name>
         <value>0xa07e</value>
         <object_component_ref idref="oc-1b8"/>
      </symbol>
      <symbol id="sm-6c9">
         <name>FS$$DIV</name>
         <value>0x13b8d3</value>
         <object_component_ref idref="oc-1ba"/>
      </symbol>
      <symbol id="sm-6d5">
         <name>_prolog_c28x_1</name>
         <value>0x13bcc6</value>
         <object_component_ref idref="oc-1bf"/>
      </symbol>
      <symbol id="sm-6d6">
         <name>_prolog_c28x_2</name>
         <value>0x13bcca</value>
         <object_component_ref idref="oc-1bf"/>
      </symbol>
      <symbol id="sm-6d7">
         <name>_prolog_c28x_3</name>
         <value>0x13bcd2</value>
         <object_component_ref idref="oc-1bf"/>
      </symbol>
      <symbol id="sm-6e5">
         <name>_cos</name>
         <value>0x13ba50</value>
         <object_component_ref idref="oc-1ef"/>
      </symbol>
      <symbol id="sm-6e6">
         <name>_cosf</name>
         <value>0x13ba50</value>
         <object_component_ref idref="oc-1ef"/>
      </symbol>
      <symbol id="sm-6f3">
         <name>_sin</name>
         <value>0x13bb67</value>
         <object_component_ref idref="oc-1e8"/>
      </symbol>
      <symbol id="sm-6f4">
         <name>_sinf</name>
         <value>0x13bb67</value>
         <object_component_ref idref="oc-1e8"/>
      </symbol>
      <symbol id="sm-71c">
         <name>_SFO_CAL</name>
         <value>0xa0c5</value>
         <object_component_ref idref="oc-1d1"/>
      </symbol>
      <symbol id="sm-71d">
         <name>_MEP_SF</name>
         <value>0xa0c6</value>
         <object_component_ref idref="oc-1d1"/>
      </symbol>
      <symbol id="sm-71e">
         <name>_SFO</name>
         <value>0x13b13c</value>
         <object_component_ref idref="oc-1ce"/>
      </symbol>
   </symbol_table>
   <title>Link successful</title>
</link_info>
