<?xml version="1.0"?>
<link_info>
   <banner>TMS320C2000 Linker PC v6.4.10</banner>
   <copyright>Copyright (c) 1996-2015 Texas Instruments Incorporated</copyright>
   <link_time>0x57a22b15</link_time>
   <link_errors>0x0</link_errors>
   <output_file>C28_V2.0.out</output_file>
   <entry_point>
      <name>_c_int00</name>
      <address>0x13c80f</address>
   </entry_point>
   <input_file_list>
      <input_file id="fl-2">
         <path>.\F28M36x_ELP_DRS\</path>
         <kind>object</kind>
         <file>F28M36x_ELP_DRS.obj</file>
         <name>F28M36x_ELP_DRS.obj</name>
      </input_file>
      <input_file id="fl-3">
         <path>.\F28M36x_ELP_DRS\PS_modules\</path>
         <kind>object</kind>
         <file>PS_modules.obj</file>
         <name>PS_modules.obj</name>
      </input_file>
      <input_file id="fl-4">
         <path>.\</path>
         <kind>object</kind>
         <file>main.obj</file>
         <name>main.obj</name>
      </input_file>
      <input_file id="fl-5">
         <path>.\source2\</path>
         <kind>object</kind>
         <file>F28M36x_GlobalVariableDefs.obj</file>
         <name>F28M36x_GlobalVariableDefs.obj</name>
      </input_file>
      <input_file id="fl-6">
         <path>.\source\</path>
         <kind>object</kind>
         <file>F28M36x_Adc.obj</file>
         <name>F28M36x_Adc.obj</name>
      </input_file>
      <input_file id="fl-7">
         <path>.\source\</path>
         <kind>object</kind>
         <file>F28M36x_CodeStartBranch.obj</file>
         <name>F28M36x_CodeStartBranch.obj</name>
      </input_file>
      <input_file id="fl-8">
         <path>.\source\</path>
         <kind>object</kind>
         <file>F28M36x_Comp.obj</file>
         <name>F28M36x_Comp.obj</name>
      </input_file>
      <input_file id="fl-9">
         <path>.\source\</path>
         <kind>object</kind>
         <file>F28M36x_CpuTimers.obj</file>
         <name>F28M36x_CpuTimers.obj</name>
      </input_file>
      <input_file id="fl-a">
         <path>.\source\</path>
         <kind>object</kind>
         <file>F28M36x_DMA.obj</file>
         <name>F28M36x_DMA.obj</name>
      </input_file>
      <input_file id="fl-b">
         <path>.\source\</path>
         <kind>object</kind>
         <file>F28M36x_DefaultIsr.obj</file>
         <name>F28M36x_DefaultIsr.obj</name>
      </input_file>
      <input_file id="fl-c">
         <path>.\source\</path>
         <kind>object</kind>
         <file>F28M36x_EPwm.obj</file>
         <name>F28M36x_EPwm.obj</name>
      </input_file>
      <input_file id="fl-d">
         <path>.\source\</path>
         <kind>object</kind>
         <file>F28M36x_Gpio.obj</file>
         <name>F28M36x_Gpio.obj</name>
      </input_file>
      <input_file id="fl-e">
         <path>.\source\</path>
         <kind>object</kind>
         <file>F28M36x_Mcbsp.obj</file>
         <name>F28M36x_Mcbsp.obj</name>
      </input_file>
      <input_file id="fl-f">
         <path>.\source\</path>
         <kind>object</kind>
         <file>F28M36x_PieCtrl.obj</file>
         <name>F28M36x_PieCtrl.obj</name>
      </input_file>
      <input_file id="fl-10">
         <path>.\source\</path>
         <kind>object</kind>
         <file>F28M36x_PieVect.obj</file>
         <name>F28M36x_PieVect.obj</name>
      </input_file>
      <input_file id="fl-11">
         <path>.\source\</path>
         <kind>object</kind>
         <file>F28M36x_Sci.obj</file>
         <name>F28M36x_Sci.obj</name>
      </input_file>
      <input_file id="fl-12">
         <path>.\source\</path>
         <kind>object</kind>
         <file>F28M36x_Spi.obj</file>
         <name>F28M36x_Spi.obj</name>
      </input_file>
      <input_file id="fl-13">
         <path>.\source\</path>
         <kind>object</kind>
         <file>F28M36x_SysCtrl.obj</file>
         <name>F28M36x_SysCtrl.obj</name>
      </input_file>
      <input_file id="fl-14">
         <path>.\source\</path>
         <kind>object</kind>
         <file>F28M36x_TempSensorConv.obj</file>
         <name>F28M36x_TempSensorConv.obj</name>
      </input_file>
      <input_file id="fl-15">
         <path>.\source\</path>
         <kind>object</kind>
         <file>F28M36x_usDelay.obj</file>
         <name>F28M36x_usDelay.obj</name>
      </input_file>
      <input_file id="fl-16">
         <path>.\F28M36x_ELP_DRS\PWM_modules\</path>
         <kind>object</kind>
         <file>PWM_modules.obj</file>
         <name>PWM_modules.obj</name>
      </input_file>
      <input_file id="fl-17">
         <path>.\F28M36x_ELP_DRS\PS_modules\</path>
         <kind>object</kind>
         <file>FAC_ACDC_10kHz.obj</file>
         <name>FAC_ACDC_10kHz.obj</name>
      </input_file>
      <input_file id="fl-18">
         <path>.\F28M36x_ELP_DRS\PS_modules\</path>
         <kind>object</kind>
         <file>FAC_DCDC_20kHz.obj</file>
         <name>FAC_DCDC_20kHz.obj</name>
      </input_file>
      <input_file id="fl-19">
         <path>.\F28M36x_ELP_DRS\PS_modules\</path>
         <kind>object</kind>
         <file>FAC_Full_ACDC_10kHz.obj</file>
         <name>FAC_Full_ACDC_10kHz.obj</name>
      </input_file>
      <input_file id="fl-1a">
         <path>.\F28M36x_ELP_DRS\PS_modules\</path>
         <kind>object</kind>
         <file>FAC_Full_DCDC_20kHz.obj</file>
         <name>FAC_Full_DCDC_20kHz.obj</name>
      </input_file>
      <input_file id="fl-1b">
         <path>.\F28M36x_ELP_DRS\PS_modules\</path>
         <kind>object</kind>
         <file>FAP_ACDC.obj</file>
         <name>FAP_ACDC.obj</name>
      </input_file>
      <input_file id="fl-1c">
         <path>.\F28M36x_ELP_DRS\PS_modules\</path>
         <kind>object</kind>
         <file>FAP_DCDC_20kHz.obj</file>
         <name>FAP_DCDC_20kHz.obj</name>
      </input_file>
      <input_file id="fl-1d">
         <path>.\F28M36x_ELP_DRS\PS_modules\</path>
         <kind>object</kind>
         <file>FBP_100kHz.obj</file>
         <name>FBP_100kHz.obj</name>
      </input_file>
      <input_file id="fl-1e">
         <path>.\F28M36x_ELP_DRS\PS_modules\</path>
         <kind>object</kind>
         <file>Test_HRADC.obj</file>
         <name>Test_HRADC.obj</name>
      </input_file>
      <input_file id="fl-1f">
         <path>.\F28M36x_ELP_DRS\PS_modules\</path>
         <kind>object</kind>
         <file>Test_HRPWM.obj</file>
         <name>Test_HRPWM.obj</name>
      </input_file>
      <input_file id="fl-20">
         <path>.\F28M36x_ELP_DRS\IPC_modules\</path>
         <kind>object</kind>
         <file>IPC_modules.obj</file>
         <name>IPC_modules.obj</name>
      </input_file>
      <input_file id="fl-21">
         <path>.\F28M36x_ELP_DRS\HRADC_board\</path>
         <kind>object</kind>
         <file>DMA_SPI_Interface.obj</file>
         <name>DMA_SPI_Interface.obj</name>
      </input_file>
      <input_file id="fl-22">
         <path>.\F28M36x_ELP_DRS\HRADC_board\</path>
         <kind>object</kind>
         <file>HRADC_Boards.obj</file>
         <name>HRADC_Boards.obj</name>
      </input_file>
      <input_file id="fl-23">
         <path>.\F28M36x_ELP_DRS\HRADC_board\</path>
         <kind>object</kind>
         <file>McBSP_SPI_Interface.obj</file>
         <name>McBSP_SPI_Interface.obj</name>
      </input_file>
      <input_file id="fl-24">
         <path>.\F28M36x_ELP_DRS\DP_framework\TimeSlicer\</path>
         <kind>object</kind>
         <file>TimeSlicer.obj</file>
         <name>TimeSlicer.obj</name>
      </input_file>
      <input_file id="fl-25">
         <path>.\F28M36x_ELP_DRS\DP_framework\SigGen\</path>
         <kind>object</kind>
         <file>SigGen.obj</file>
         <name>SigGen.obj</name>
      </input_file>
      <input_file id="fl-26">
         <path>.\F28M36x_ELP_DRS\DP_framework\ELP_DCL\</path>
         <kind>object</kind>
         <file>ELP_DCL.obj</file>
         <name>ELP_DCL.obj</name>
      </input_file>
      <input_file id="fl-27">
         <path>.\F28M36x_ELP_DRS\DP_framework\</path>
         <kind>object</kind>
         <file>DP_framework.obj</file>
         <name>DP_framework.obj</name>
      </input_file>
      <input_file id="fl-30">
         <path>D:\ARQ\Projects\C28\F28M36x_common\lib\</path>
         <kind>archive</kind>
         <file>SFO_TI_Build_V7_FPU.lib</file>
         <name>SFO_v7_fpu_lib_build_c28.obj</name>
      </input_file>
      <input_file id="fl-36">
         <path>C:\ti\ccsv6\tools\compiler\ti-cgt-c2000_6.4.10\lib\</path>
         <kind>archive</kind>
         <file>rts2800_fpu32.lib</file>
         <name>boot.obj</name>
      </input_file>
      <input_file id="fl-37">
         <path>C:\ti\ccsv6\tools\compiler\ti-cgt-c2000_6.4.10\lib\</path>
         <kind>archive</kind>
         <file>rts2800_fpu32.lib</file>
         <name>cos.obj</name>
      </input_file>
      <input_file id="fl-38">
         <path>C:\ti\ccsv6\tools\compiler\ti-cgt-c2000_6.4.10\lib\</path>
         <kind>archive</kind>
         <file>rts2800_fpu32.lib</file>
         <name>epilog.obj</name>
      </input_file>
      <input_file id="fl-39">
         <path>C:\ti\ccsv6\tools\compiler\ti-cgt-c2000_6.4.10\lib\</path>
         <kind>archive</kind>
         <file>rts2800_fpu32.lib</file>
         <name>exit.obj</name>
      </input_file>
      <input_file id="fl-3a">
         <path>C:\ti\ccsv6\tools\compiler\ti-cgt-c2000_6.4.10\lib\</path>
         <kind>archive</kind>
         <file>rts2800_fpu32.lib</file>
         <name>exp.obj</name>
      </input_file>
      <input_file id="fl-3b">
         <path>C:\ti\ccsv6\tools\compiler\ti-cgt-c2000_6.4.10\lib\</path>
         <kind>archive</kind>
         <file>rts2800_fpu32.lib</file>
         <name>fs_div.obj</name>
      </input_file>
      <input_file id="fl-3c">
         <path>C:\ti\ccsv6\tools\compiler\ti-cgt-c2000_6.4.10\lib\</path>
         <kind>archive</kind>
         <file>rts2800_fpu32.lib</file>
         <name>ldexp.obj</name>
      </input_file>
      <input_file id="fl-3d">
         <path>C:\ti\ccsv6\tools\compiler\ti-cgt-c2000_6.4.10\lib\</path>
         <kind>archive</kind>
         <file>rts2800_fpu32.lib</file>
         <name>memcpy.obj</name>
      </input_file>
      <input_file id="fl-3e">
         <path>C:\ti\ccsv6\tools\compiler\ti-cgt-c2000_6.4.10\lib\</path>
         <kind>archive</kind>
         <file>rts2800_fpu32.lib</file>
         <name>prolog.obj</name>
      </input_file>
      <input_file id="fl-3f">
         <path>C:\ti\ccsv6\tools\compiler\ti-cgt-c2000_6.4.10\lib\</path>
         <kind>archive</kind>
         <file>rts2800_fpu32.lib</file>
         <name>sin.obj</name>
      </input_file>
      <input_file id="fl-40">
         <path>C:\ti\ccsv6\tools\compiler\ti-cgt-c2000_6.4.10\lib\</path>
         <kind>archive</kind>
         <file>rts2800_fpu32.lib</file>
         <name>_lock.obj</name>
      </input_file>
      <input_file id="fl-41">
         <path>C:\ti\ccsv6\tools\compiler\ti-cgt-c2000_6.4.10\lib\</path>
         <kind>archive</kind>
         <file>rts2800_fpu32.lib</file>
         <name>args_main.obj</name>
      </input_file>
      <input_file id="fl-42">
         <path>C:\ti\ccsv6\tools\compiler\ti-cgt-c2000_6.4.10\lib\</path>
         <kind>archive</kind>
         <file>rts2800_fpu32.lib</file>
         <name>errno.obj</name>
      </input_file>
   </input_file_list>
   <object_component_list>
      <object_component id="oc-c3">
         <name>PieVectTableFile</name>
         <uninitialized>true</uninitialized>
         <run_address>0xd00</run_address>
         <size>0x100</size>
         <input_file_ref idref="fl-5"/>
      </object_component>
      <object_component id="oc-af">
         <name>DevEmuRegsFile</name>
         <uninitialized>true</uninitialized>
         <run_address>0x880</run_address>
         <size>0x42</size>
         <input_file_ref idref="fl-5"/>
      </object_component>
      <object_component id="oc-98">
         <name>CsmRegsFile</name>
         <uninitialized>true</uninitialized>
         <run_address>0xae0</run_address>
         <size>0x16</size>
         <input_file_ref idref="fl-5"/>
      </object_component>
      <object_component id="oc-92">
         <name>AdcResultFile</name>
         <uninitialized>true</uninitialized>
         <run_address>0xb00</run_address>
         <size>0x10</size>
         <input_file_ref idref="fl-5"/>
      </object_component>
      <object_component id="oc-94">
         <name>Adc1ResultFile</name>
         <uninitialized>true</uninitialized>
         <run_address>0xb00</run_address>
         <size>0x10</size>
         <input_file_ref idref="fl-5"/>
      </object_component>
      <object_component id="oc-95">
         <name>Adc2ResultFile</name>
         <uninitialized>true</uninitialized>
         <run_address>0xb40</run_address>
         <size>0x10</size>
         <input_file_ref idref="fl-5"/>
      </object_component>
      <object_component id="oc-91">
         <name>CpuTimer0RegsFile</name>
         <uninitialized>true</uninitialized>
         <run_address>0xc00</run_address>
         <size>0x8</size>
         <input_file_ref idref="fl-5"/>
      </object_component>
      <object_component id="oc-8f">
         <name>CpuTimer1RegsFile</name>
         <uninitialized>true</uninitialized>
         <run_address>0xc08</run_address>
         <size>0x8</size>
         <input_file_ref idref="fl-5"/>
      </object_component>
      <object_component id="oc-90">
         <name>CpuTimer2RegsFile</name>
         <uninitialized>true</uninitialized>
         <run_address>0xc10</run_address>
         <size>0x8</size>
         <input_file_ref idref="fl-5"/>
      </object_component>
      <object_component id="oc-99">
         <name>PieCtrlRegsFile</name>
         <uninitialized>true</uninitialized>
         <run_address>0xce0</run_address>
         <size>0x1a</size>
         <input_file_ref idref="fl-5"/>
      </object_component>
      <object_component id="oc-c4">
         <name>PieVectTableCopyFile</name>
         <uninitialized>true</uninitialized>
         <run_address>0xe00</run_address>
         <size>0x100</size>
         <input_file_ref idref="fl-5"/>
      </object_component>
      <object_component id="oc-bf">
         <name>DmaRegsFile</name>
         <uninitialized>true</uninitialized>
         <run_address>0x1000</run_address>
         <size>0xe0</size>
         <input_file_ref idref="fl-5"/>
      </object_component>
      <object_component id="oc-b3">
         <name>AnalogSysctrlRegsFile</name>
         <uninitialized>true</uninitialized>
         <run_address>0x1700</run_address>
         <size>0x78</size>
         <input_file_ref idref="fl-5"/>
      </object_component>
      <object_component id="oc-aa">
         <name>HWBistRegsFile</name>
         <uninitialized>true</uninitialized>
         <run_address>0x1780</run_address>
         <size>0x30</size>
         <input_file_ref idref="fl-5"/>
      </object_component>
      <object_component id="oc-c5">
         <name>FlashCtrlRegsFile</name>
         <uninitialized>true</uninitialized>
         <run_address>0x4000</run_address>
         <size>0x182</size>
         <input_file_ref idref="fl-5"/>
      </object_component>
      <object_component id="oc-a9">
         <name>FlashEccRegsFile</name>
         <uninitialized>true</uninitialized>
         <run_address>0x4300</run_address>
         <size>0x24</size>
         <input_file_ref idref="fl-5"/>
      </object_component>
      <object_component id="oc-8e">
         <name>M3PllRegsFile</name>
         <uninitialized>true</uninitialized>
         <run_address>0x4400</run_address>
         <size>0x8</size>
         <input_file_ref idref="fl-5"/>
      </object_component>
      <object_component id="oc-ac">
         <name>RAMRegsFile</name>
         <uninitialized>true</uninitialized>
         <run_address>0x4900</run_address>
         <size>0x3e</size>
         <input_file_ref idref="fl-5"/>
      </object_component>
      <object_component id="oc-ad">
         <name>RAMErrRegsFile</name>
         <uninitialized>true</uninitialized>
         <run_address>0x4a00</run_address>
         <size>0x3e</size>
         <input_file_ref idref="fl-5"/>
      </object_component>
      <object_component id="oc-ae">
         <name>CtoMIpcRegsFile</name>
         <uninitialized>true</uninitialized>
         <run_address>0x4e00</run_address>
         <size>0x40</size>
         <input_file_ref idref="fl-5"/>
      </object_component>
      <object_component id="oc-9a">
         <name>SysCtrlRegsFile</name>
         <uninitialized>true</uninitialized>
         <run_address>0x7010</run_address>
         <size>0x1d</size>
         <input_file_ref idref="fl-5"/>
      </object_component>
      <object_component id="oc-97">
         <name>SpiaRegsFile</name>
         <uninitialized>true</uninitialized>
         <run_address>0x7040</run_address>
         <size>0x10</size>
         <input_file_ref idref="fl-5"/>
      </object_component>
      <object_component id="oc-96">
         <name>SciaRegsFile</name>
         <uninitialized>true</uninitialized>
         <run_address>0x7050</run_address>
         <size>0x10</size>
         <input_file_ref idref="fl-5"/>
      </object_component>
      <object_component id="oc-86">
         <name>NmiIntruptRegsFile</name>
         <uninitialized>true</uninitialized>
         <run_address>0x7060</run_address>
         <size>0x6</size>
         <input_file_ref idref="fl-5"/>
      </object_component>
      <object_component id="oc-93">
         <name>XIntruptRegsFile</name>
         <uninitialized>true</uninitialized>
         <run_address>0x7070</run_address>
         <size>0x10</size>
         <input_file_ref idref="fl-5"/>
      </object_component>
      <object_component id="oc-b0">
         <name>AdcRegsFile</name>
         <uninitialized>true</uninitialized>
         <run_address>0x7100</run_address>
         <size>0x50</size>
         <input_file_ref idref="fl-5"/>
      </object_component>
      <object_component id="oc-b1">
         <name>Adc1RegsFile</name>
         <uninitialized>true</uninitialized>
         <run_address>0x7100</run_address>
         <size>0x50</size>
         <input_file_ref idref="fl-5"/>
      </object_component>
      <object_component id="oc-b2">
         <name>Adc2RegsFile</name>
         <uninitialized>true</uninitialized>
         <run_address>0x7180</run_address>
         <size>0x50</size>
         <input_file_ref idref="fl-5"/>
      </object_component>
      <object_component id="oc-a6">
         <name>I2caRegsFile</name>
         <uninitialized>true</uninitialized>
         <run_address>0x7900</run_address>
         <size>0x22</size>
         <input_file_ref idref="fl-5"/>
      </object_component>
      <object_component id="oc-a8">
         <name>McbspaRegsFile</name>
         <uninitialized>true</uninitialized>
         <run_address>0x5000</run_address>
         <size>0x24</size>
         <input_file_ref idref="fl-5"/>
      </object_component>
      <object_component id="oc-bd">
         <name>EPwm1RegsFile</name>
         <uninitialized>true</uninitialized>
         <run_address>0x5100</run_address>
         <size>0x80</size>
         <input_file_ref idref="fl-5"/>
      </object_component>
      <object_component id="oc-b4">
         <name>EPwm2RegsFile</name>
         <uninitialized>true</uninitialized>
         <run_address>0x5180</run_address>
         <size>0x80</size>
         <input_file_ref idref="fl-5"/>
      </object_component>
      <object_component id="oc-bc">
         <name>EPwm3RegsFile</name>
         <uninitialized>true</uninitialized>
         <run_address>0x5200</run_address>
         <size>0x80</size>
         <input_file_ref idref="fl-5"/>
      </object_component>
      <object_component id="oc-bb">
         <name>EPwm4RegsFile</name>
         <uninitialized>true</uninitialized>
         <run_address>0x5280</run_address>
         <size>0x80</size>
         <input_file_ref idref="fl-5"/>
      </object_component>
      <object_component id="oc-b6">
         <name>EPwm5RegsFile</name>
         <uninitialized>true</uninitialized>
         <run_address>0x5300</run_address>
         <size>0x80</size>
         <input_file_ref idref="fl-5"/>
      </object_component>
      <object_component id="oc-b5">
         <name>EPwm6RegsFile</name>
         <uninitialized>true</uninitialized>
         <run_address>0x5380</run_address>
         <size>0x80</size>
         <input_file_ref idref="fl-5"/>
      </object_component>
      <object_component id="oc-b7">
         <name>EPwm7RegsFile</name>
         <uninitialized>true</uninitialized>
         <run_address>0x5400</run_address>
         <size>0x80</size>
         <input_file_ref idref="fl-5"/>
      </object_component>
      <object_component id="oc-b9">
         <name>EPwm8RegsFile</name>
         <uninitialized>true</uninitialized>
         <run_address>0x5480</run_address>
         <size>0x80</size>
         <input_file_ref idref="fl-5"/>
      </object_component>
      <object_component id="oc-b8">
         <name>EPwm9RegsFile</name>
         <uninitialized>true</uninitialized>
         <run_address>0x5500</run_address>
         <size>0x80</size>
         <input_file_ref idref="fl-5"/>
      </object_component>
      <object_component id="oc-ba">
         <name>EPwm10RegsFile</name>
         <uninitialized>true</uninitialized>
         <run_address>0x5580</run_address>
         <size>0x80</size>
         <input_file_ref idref="fl-5"/>
      </object_component>
      <object_component id="oc-a3">
         <name>ECap1RegsFile</name>
         <uninitialized>true</uninitialized>
         <run_address>0x5a00</run_address>
         <size>0x20</size>
         <input_file_ref idref="fl-5"/>
      </object_component>
      <object_component id="oc-9d">
         <name>ECap2RegsFile</name>
         <uninitialized>true</uninitialized>
         <run_address>0x5a20</run_address>
         <size>0x20</size>
         <input_file_ref idref="fl-5"/>
      </object_component>
      <object_component id="oc-9e">
         <name>ECap3RegsFile</name>
         <uninitialized>true</uninitialized>
         <run_address>0x5a40</run_address>
         <size>0x20</size>
         <input_file_ref idref="fl-5"/>
      </object_component>
      <object_component id="oc-9c">
         <name>ECap4RegsFile</name>
         <uninitialized>true</uninitialized>
         <run_address>0x5a60</run_address>
         <size>0x20</size>
         <input_file_ref idref="fl-5"/>
      </object_component>
      <object_component id="oc-9b">
         <name>ECap5RegsFile</name>
         <uninitialized>true</uninitialized>
         <run_address>0x5a80</run_address>
         <size>0x20</size>
         <input_file_ref idref="fl-5"/>
      </object_component>
      <object_component id="oc-a1">
         <name>ECap6RegsFile</name>
         <uninitialized>true</uninitialized>
         <run_address>0x5aa0</run_address>
         <size>0x20</size>
         <input_file_ref idref="fl-5"/>
      </object_component>
      <object_component id="oc-a7">
         <name>EQep1RegsFile</name>
         <uninitialized>true</uninitialized>
         <run_address>0x5b00</run_address>
         <size>0x22</size>
         <input_file_ref idref="fl-5"/>
      </object_component>
      <object_component id="oc-a4">
         <name>EQep2RegsFile</name>
         <uninitialized>true</uninitialized>
         <run_address>0x5b40</run_address>
         <size>0x22</size>
         <input_file_ref idref="fl-5"/>
      </object_component>
      <object_component id="oc-a5">
         <name>EQep3RegsFile</name>
         <uninitialized>true</uninitialized>
         <run_address>0x5b80</run_address>
         <size>0x22</size>
         <input_file_ref idref="fl-5"/>
      </object_component>
      <object_component id="oc-c0">
         <name>GpioCtrlRegsFile</name>
         <uninitialized>true</uninitialized>
         <run_address>0x5f00</run_address>
         <size>0xe0</size>
         <input_file_ref idref="fl-5"/>
      </object_component>
      <object_component id="oc-be">
         <name>GpioG1CtrlRegsFile</name>
         <uninitialized>true</uninitialized>
         <run_address>0x5f00</run_address>
         <size>0xe0</size>
         <input_file_ref idref="fl-5"/>
      </object_component>
      <object_component id="oc-c1">
         <name>GpioDataRegsFile</name>
         <uninitialized>true</uninitialized>
         <run_address>0x5f00</run_address>
         <size>0xe0</size>
         <input_file_ref idref="fl-5"/>
      </object_component>
      <object_component id="oc-c2">
         <name>GpioG1DataRegsFile</name>
         <uninitialized>true</uninitialized>
         <run_address>0x5f00</run_address>
         <size>0xe0</size>
         <input_file_ref idref="fl-5"/>
      </object_component>
      <object_component id="oc-a2">
         <name>GpioTripRegsFile</name>
         <uninitialized>true</uninitialized>
         <run_address>0x5fe0</run_address>
         <size>0x20</size>
         <input_file_ref idref="fl-5"/>
      </object_component>
      <object_component id="oc-9f">
         <name>GpioG1TripRegsFile</name>
         <uninitialized>true</uninitialized>
         <run_address>0x5fe0</run_address>
         <size>0x20</size>
         <input_file_ref idref="fl-5"/>
      </object_component>
      <object_component id="oc-87">
         <name>Comp1RegsFile</name>
         <uninitialized>true</uninitialized>
         <run_address>0x6400</run_address>
         <size>0x7</size>
         <input_file_ref idref="fl-5"/>
      </object_component>
      <object_component id="oc-88">
         <name>Comp2RegsFile</name>
         <uninitialized>true</uninitialized>
         <run_address>0x6420</run_address>
         <size>0x7</size>
         <input_file_ref idref="fl-5"/>
      </object_component>
      <object_component id="oc-89">
         <name>Comp3RegsFile</name>
         <uninitialized>true</uninitialized>
         <run_address>0x6440</run_address>
         <size>0x7</size>
         <input_file_ref idref="fl-5"/>
      </object_component>
      <object_component id="oc-8b">
         <name>Comp4RegsFile</name>
         <uninitialized>true</uninitialized>
         <run_address>0x6460</run_address>
         <size>0x7</size>
         <input_file_ref idref="fl-5"/>
      </object_component>
      <object_component id="oc-8a">
         <name>Comp5RegsFile</name>
         <uninitialized>true</uninitialized>
         <run_address>0x6480</run_address>
         <size>0x7</size>
         <input_file_ref idref="fl-5"/>
      </object_component>
      <object_component id="oc-8c">
         <name>Comp6RegsFile</name>
         <uninitialized>true</uninitialized>
         <run_address>0x64a0</run_address>
         <size>0x7</size>
         <input_file_ref idref="fl-5"/>
      </object_component>
      <object_component id="oc-ab">
         <name>GpioG2CtrlRegsFile</name>
         <uninitialized>true</uninitialized>
         <run_address>0x6f80</run_address>
         <size>0x3c</size>
         <input_file_ref idref="fl-5"/>
      </object_component>
      <object_component id="oc-a0">
         <name>GpioG2DataRegsFile</name>
         <uninitialized>true</uninitialized>
         <run_address>0x6fc0</run_address>
         <size>0x20</size>
         <input_file_ref idref="fl-5"/>
      </object_component>
      <object_component id="oc-84">
         <name>FlashExeOnlyFile</name>
         <uninitialized>true</uninitialized>
         <run_address>0x13fff2</run_address>
         <size>0x2</size>
         <input_file_ref idref="fl-5"/>
      </object_component>
      <object_component id="oc-85">
         <name>EcslPwlFile</name>
         <uninitialized>true</uninitialized>
         <run_address>0x13fff4</run_address>
         <size>0x4</size>
         <input_file_ref idref="fl-5"/>
      </object_component>
      <object_component id="oc-8d">
         <name>CsmPwlFile</name>
         <uninitialized>true</uninitialized>
         <run_address>0x13fff8</run_address>
         <size>0x8</size>
         <input_file_ref idref="fl-5"/>
      </object_component>
      <object_component id="oc-18e">
         <name>.cinit</name>
         <load_address>0x13e100</load_address>
         <run_address>0x13e100</run_address>
         <size>0x30</size>
         <input_file_ref idref="fl-26"/>
      </object_component>
      <object_component id="oc-11b">
         <name>.cinit</name>
         <load_address>0x13e130</load_address>
         <run_address>0x13e130</run_address>
         <size>0x15</size>
         <input_file_ref idref="fl-16"/>
      </object_component>
      <object_component id="oc-153">
         <name>.cinit</name>
         <load_address>0x13e145</load_address>
         <run_address>0x13e145</run_address>
         <size>0xd</size>
         <input_file_ref idref="fl-1e"/>
      </object_component>
      <object_component id="oc-16d">
         <name>.cinit</name>
         <load_address>0x13e152</load_address>
         <run_address>0x13e152</run_address>
         <size>0xc</size>
         <input_file_ref idref="fl-21"/>
      </object_component>
      <object_component id="oc-1b3">
         <name>.cinit</name>
         <load_address>0x13e15e</load_address>
         <run_address>0x13e15e</run_address>
         <size>0xa</size>
         <input_file_ref idref="fl-39"/>
      </object_component>
      <object_component id="oc-1f9">
         <name>.cinit:__lock</name>
         <load_address>0x13e168</load_address>
         <run_address>0x13e168</run_address>
         <size>0x5</size>
         <input_file_ref idref="fl-40"/>
      </object_component>
      <object_component id="oc-20c">
         <name>.cinit:__unlock</name>
         <load_address>0x13e16d</load_address>
         <run_address>0x13e16d</run_address>
         <size>0x5</size>
         <input_file_ref idref="fl-40"/>
      </object_component>
      <object_component id="oc-19d">
         <name>.cinit</name>
         <load_address>0x13e172</load_address>
         <run_address>0x13e172</run_address>
         <size>0x4</size>
         <input_file_ref idref="fl-30"/>
      </object_component>
      <object_component id="oc-1e2">
         <name>.cinit</name>
         <load_address>0x13e176</load_address>
         <run_address>0x13e176</run_address>
         <size>0x4</size>
         <input_file_ref idref="fl-42"/>
      </object_component>
      <object_component id="oc-1fd">
         <name>.text</name>
         <load_address>0x13a000</load_address>
         <run_address>0x13a000</run_address>
         <size>0x3ce</size>
         <input_file_ref idref="fl-19"/>
      </object_component>
      <object_component id="oc-e2">
         <name>.text:retain</name>
         <load_address>0x13a3ce</load_address>
         <run_address>0x13a3ce</run_address>
         <size>0x35f</size>
         <input_file_ref idref="fl-b"/>
      </object_component>
      <object_component id="oc-210">
         <name>.text</name>
         <load_address>0x13a72d</load_address>
         <run_address>0x13a72d</run_address>
         <size>0x304</size>
         <input_file_ref idref="fl-22"/>
      </object_component>
      <object_component id="oc-1fa">
         <name>.text</name>
         <load_address>0x13aa31</load_address>
         <run_address>0x13aa31</run_address>
         <size>0x2b0</size>
         <input_file_ref idref="fl-17"/>
      </object_component>
      <object_component id="oc-1fe">
         <name>.text</name>
         <load_address>0x13ace1</load_address>
         <run_address>0x13ace1</run_address>
         <size>0x253</size>
         <input_file_ref idref="fl-1a"/>
      </object_component>
      <object_component id="oc-1e9">
         <name>.text</name>
         <load_address>0x13af34</load_address>
         <run_address>0x13af34</run_address>
         <size>0x21d</size>
         <input_file_ref idref="fl-26"/>
      </object_component>
      <object_component id="oc-1fc">
         <name>.text</name>
         <load_address>0x13b151</load_address>
         <run_address>0x13b151</run_address>
         <size>0x205</size>
         <input_file_ref idref="fl-18"/>
      </object_component>
      <object_component id="oc-201">
         <name>.text</name>
         <load_address>0x13b356</load_address>
         <run_address>0x13b356</run_address>
         <size>0x200</size>
         <input_file_ref idref="fl-1c"/>
      </object_component>
      <object_component id="oc-202">
         <name>.text</name>
         <load_address>0x13b556</load_address>
         <run_address>0x13b556</run_address>
         <size>0x1e6</size>
         <input_file_ref idref="fl-1d"/>
      </object_component>
      <object_component id="oc-211">
         <name>.text</name>
         <load_address>0x13b73c</load_address>
         <run_address>0x13b73c</run_address>
         <size>0x1e1</size>
         <input_file_ref idref="fl-16"/>
      </object_component>
      <object_component id="oc-209">
         <name>.text</name>
         <load_address>0x13b91d</load_address>
         <run_address>0x13b91d</run_address>
         <size>0x18b</size>
         <input_file_ref idref="fl-1e"/>
      </object_component>
      <object_component id="oc-1f4">
         <name>.text</name>
         <load_address>0x13baa8</load_address>
         <run_address>0x13baa8</run_address>
         <size>0x167</size>
         <input_file_ref idref="fl-27"/>
      </object_component>
      <object_component id="oc-19b">
         <name>.text</name>
         <load_address>0x13bc0f</load_address>
         <run_address>0x13bc0f</run_address>
         <size>0x140</size>
         <input_file_ref idref="fl-30"/>
      </object_component>
      <object_component id="oc-200">
         <name>.text</name>
         <load_address>0x13bd4f</load_address>
         <run_address>0x13bd4f</run_address>
         <size>0x11a</size>
         <input_file_ref idref="fl-1b"/>
      </object_component>
      <object_component id="oc-205">
         <name>.text</name>
         <load_address>0x13be69</load_address>
         <run_address>0x13be69</run_address>
         <size>0x106</size>
         <input_file_ref idref="fl-13"/>
      </object_component>
      <object_component id="oc-20f">
         <name>.text</name>
         <load_address>0x13bf6f</load_address>
         <run_address>0x13bf6f</run_address>
         <size>0x105</size>
         <input_file_ref idref="fl-e"/>
      </object_component>
      <object_component id="oc-20e">
         <name>.text</name>
         <load_address>0x13c074</load_address>
         <run_address>0x13c074</run_address>
         <size>0x104</size>
         <input_file_ref idref="fl-23"/>
      </object_component>
      <object_component id="oc-1f5">
         <name>.text</name>
         <load_address>0x13c178</load_address>
         <run_address>0x13c178</run_address>
         <size>0xe5</size>
         <input_file_ref idref="fl-25"/>
      </object_component>
      <object_component id="oc-20d">
         <name>.text</name>
         <load_address>0x13c25d</load_address>
         <run_address>0x13c25d</run_address>
         <size>0xdd</size>
         <input_file_ref idref="fl-21"/>
      </object_component>
      <object_component id="oc-20a">
         <name>.text</name>
         <load_address>0x13c33a</load_address>
         <run_address>0x13c33a</run_address>
         <size>0xdd</size>
         <input_file_ref idref="fl-1f"/>
      </object_component>
      <object_component id="oc-212">
         <name>.text</name>
         <load_address>0x13c417</load_address>
         <run_address>0x13c417</run_address>
         <size>0xa1</size>
         <input_file_ref idref="fl-c"/>
      </object_component>
      <object_component id="oc-214">
         <name>.text</name>
         <load_address>0x13c4b8</load_address>
         <run_address>0x13c4b8</run_address>
         <size>0x89</size>
         <input_file_ref idref="fl-20"/>
      </object_component>
      <object_component id="oc-1be">
         <name>.text</name>
         <load_address>0x13c541</load_address>
         <run_address>0x13c541</run_address>
         <size>0x88</size>
         <input_file_ref idref="fl-3b"/>
      </object_component>
      <object_component id="oc-170">
         <name>.text:retain</name>
         <load_address>0x13c5c9</load_address>
         <run_address>0x13c5c9</run_address>
         <size>0x7c</size>
         <input_file_ref idref="fl-21"/>
      </object_component>
      <object_component id="oc-204">
         <name>.text</name>
         <load_address>0x13c645</load_address>
         <run_address>0x13c645</run_address>
         <size>0x68</size>
         <input_file_ref idref="fl-3a"/>
      </object_component>
      <object_component id="oc-1fb">
         <name>.text</name>
         <load_address>0x13c6ad</load_address>
         <run_address>0x13c6ad</run_address>
         <size>0x61</size>
         <input_file_ref idref="fl-37"/>
      </object_component>
      <object_component id="oc-1ff">
         <name>.text</name>
         <load_address>0x13c70e</load_address>
         <run_address>0x13c70e</run_address>
         <size>0x5c</size>
         <input_file_ref idref="fl-9"/>
      </object_component>
      <object_component id="oc-203">
         <name>.text</name>
         <load_address>0x13c76a</load_address>
         <run_address>0x13c76a</run_address>
         <size>0x58</size>
         <input_file_ref idref="fl-3f"/>
      </object_component>
      <object_component id="oc-1f7">
         <name>.text</name>
         <load_address>0x13c7c2</load_address>
         <run_address>0x13c7c2</run_address>
         <size>0x4d</size>
         <input_file_ref idref="fl-4"/>
      </object_component>
      <object_component id="oc-76">
         <name>.text</name>
         <load_address>0x13c80f</load_address>
         <run_address>0x13c80f</run_address>
         <size>0x46</size>
         <input_file_ref idref="fl-36"/>
      </object_component>
      <object_component id="oc-1eb">
         <name>.text</name>
         <load_address>0x13c855</load_address>
         <run_address>0x13c855</run_address>
         <size>0x37</size>
         <input_file_ref idref="fl-2"/>
      </object_component>
      <object_component id="oc-215">
         <name>.text</name>
         <load_address>0x13c88c</load_address>
         <run_address>0x13c88c</run_address>
         <size>0x34</size>
         <input_file_ref idref="fl-3c"/>
      </object_component>
      <object_component id="oc-207">
         <name>.text</name>
         <load_address>0x13c8c0</load_address>
         <run_address>0x13c8c0</run_address>
         <size>0x2d</size>
         <input_file_ref idref="fl-f"/>
      </object_component>
      <object_component id="oc-1f3">
         <name>.text</name>
         <load_address>0x13c8ed</load_address>
         <run_address>0x13c8ed</run_address>
         <size>0x1e</size>
         <input_file_ref idref="fl-3d"/>
      </object_component>
      <object_component id="oc-156">
         <name>.text:retain</name>
         <load_address>0x13c90b</load_address>
         <run_address>0x13c90b</run_address>
         <size>0x1a</size>
         <input_file_ref idref="fl-1e"/>
      </object_component>
      <object_component id="oc-1e5">
         <name>.text</name>
         <load_address>0x13c925</load_address>
         <run_address>0x13c925</run_address>
         <size>0x19</size>
         <input_file_ref idref="fl-41"/>
      </object_component>
      <object_component id="oc-1e6">
         <name>.text</name>
         <load_address>0x13c93e</load_address>
         <run_address>0x13c93e</run_address>
         <size>0x19</size>
         <input_file_ref idref="fl-39"/>
      </object_component>
      <object_component id="oc-1cd">
         <name>.text</name>
         <load_address>0x13c957</load_address>
         <run_address>0x13c957</run_address>
         <size>0x19</size>
         <input_file_ref idref="fl-3e"/>
      </object_component>
      <object_component id="oc-213">
         <name>.text</name>
         <load_address>0x13c970</load_address>
         <run_address>0x13c970</run_address>
         <size>0x13</size>
         <input_file_ref idref="fl-24"/>
      </object_component>
      <object_component id="oc-208">
         <name>.text</name>
         <load_address>0x13c983</load_address>
         <run_address>0x13c983</run_address>
         <size>0x11</size>
         <input_file_ref idref="fl-10"/>
      </object_component>
      <object_component id="oc-1ad">
         <name>.text</name>
         <load_address>0x13c994</load_address>
         <run_address>0x13c994</run_address>
         <size>0xc</size>
         <input_file_ref idref="fl-38"/>
      </object_component>
      <object_component id="oc-20b">
         <name>.text</name>
         <load_address>0x13c9a0</load_address>
         <run_address>0x13c9a0</run_address>
         <size>0x9</size>
         <input_file_ref idref="fl-40"/>
      </object_component>
      <object_component id="oc-cc">
         <name>codestart</name>
         <load_address>0x13fff0</load_address>
         <run_address>0x13fff0</run_address>
         <size>0x2</size>
         <input_file_ref idref="fl-7"/>
      </object_component>
      <object_component id="oc-131">
         <name>ramfuncs:retain</name>
         <load_address>0x138000</load_address>
         <run_address>0x8000</run_address>
         <size>0x45a</size>
         <input_file_ref idref="fl-19"/>
      </object_component>
      <object_component id="oc-138">
         <name>ramfuncs:retain</name>
         <load_address>0x13845a</load_address>
         <run_address>0x845a</run_address>
         <size>0x335</size>
         <input_file_ref idref="fl-1a"/>
      </object_component>
      <object_component id="oc-123">
         <name>ramfuncs:retain</name>
         <load_address>0x13878f</load_address>
         <run_address>0x878f</run_address>
         <size>0x329</size>
         <input_file_ref idref="fl-17"/>
      </object_component>
      <object_component id="oc-146">
         <name>ramfuncs:retain</name>
         <load_address>0x138ab8</load_address>
         <run_address>0x8ab8</run_address>
         <size>0x2f6</size>
         <input_file_ref idref="fl-1c"/>
      </object_component>
      <object_component id="oc-12a">
         <name>ramfuncs:retain</name>
         <load_address>0x138dae</load_address>
         <run_address>0x8dae</run_address>
         <size>0x2d0</size>
         <input_file_ref idref="fl-18"/>
      </object_component>
      <object_component id="oc-14d">
         <name>ramfuncs:retain</name>
         <load_address>0x13907e</load_address>
         <run_address>0x907e</run_address>
         <size>0x282</size>
         <input_file_ref idref="fl-1d"/>
      </object_component>
      <object_component id="oc-155">
         <name>ramfuncs:retain</name>
         <load_address>0x139300</load_address>
         <run_address>0x9300</run_address>
         <size>0x1d4</size>
         <input_file_ref idref="fl-1e"/>
      </object_component>
      <object_component id="oc-167">
         <name>ramfuncs:retain</name>
         <load_address>0x1394d4</load_address>
         <run_address>0x94d4</run_address>
         <size>0x186</size>
         <input_file_ref idref="fl-20"/>
      </object_component>
      <object_component id="oc-1ef">
         <name>ramfuncs</name>
         <load_address>0x13965a</load_address>
         <run_address>0x965a</run_address>
         <size>0x128</size>
         <input_file_ref idref="fl-1b"/>
      </object_component>
      <object_component id="oc-1ea">
         <name>ramfuncs</name>
         <load_address>0x139782</load_address>
         <run_address>0x9782</run_address>
         <size>0xf1</size>
         <input_file_ref idref="fl-16"/>
      </object_component>
      <object_component id="oc-1e8">
         <name>ramfuncs</name>
         <load_address>0x139873</load_address>
         <run_address>0x9873</run_address>
         <size>0xea</size>
         <input_file_ref idref="fl-26"/>
      </object_component>
      <object_component id="oc-1f6">
         <name>ramfuncs</name>
         <load_address>0x13995d</load_address>
         <run_address>0x995d</run_address>
         <size>0xdb</size>
         <input_file_ref idref="fl-25"/>
      </object_component>
      <object_component id="oc-206">
         <name>ramfuncs</name>
         <load_address>0x139a38</load_address>
         <run_address>0x9a38</run_address>
         <size>0x73</size>
         <input_file_ref idref="fl-13"/>
      </object_component>
      <object_component id="oc-13f">
         <name>ramfuncs:retain</name>
         <load_address>0x139aab</load_address>
         <run_address>0x9aab</run_address>
         <size>0x70</size>
         <input_file_ref idref="fl-1b"/>
      </object_component>
      <object_component id="oc-1ed">
         <name>ramfuncs</name>
         <load_address>0x139b1b</load_address>
         <run_address>0x9b1b</run_address>
         <size>0x55</size>
         <input_file_ref idref="fl-19"/>
      </object_component>
      <object_component id="oc-1f2">
         <name>ramfuncs</name>
         <load_address>0x139b70</load_address>
         <run_address>0x9b70</run_address>
         <size>0x4b</size>
         <input_file_ref idref="fl-20"/>
      </object_component>
      <object_component id="oc-1e7">
         <name>ramfuncs</name>
         <load_address>0x139bbb</load_address>
         <run_address>0x9bbb</run_address>
         <size>0x49</size>
         <input_file_ref idref="fl-17"/>
      </object_component>
      <object_component id="oc-1f1">
         <name>ramfuncs</name>
         <load_address>0x139c04</load_address>
         <run_address>0x9c04</run_address>
         <size>0x42</size>
         <input_file_ref idref="fl-1d"/>
      </object_component>
      <object_component id="oc-1ec">
         <name>ramfuncs</name>
         <load_address>0x139c46</load_address>
         <run_address>0x9c46</run_address>
         <size>0x3b</size>
         <input_file_ref idref="fl-18"/>
      </object_component>
      <object_component id="oc-1ee">
         <name>ramfuncs</name>
         <load_address>0x139c81</load_address>
         <run_address>0x9c81</run_address>
         <size>0x39</size>
         <input_file_ref idref="fl-1a"/>
      </object_component>
      <object_component id="oc-1f0">
         <name>ramfuncs</name>
         <load_address>0x139cba</load_address>
         <run_address>0x9cba</run_address>
         <size>0x2f</size>
         <input_file_ref idref="fl-1c"/>
      </object_component>
      <object_component id="oc-115">
         <name>ramfuncs</name>
         <load_address>0x139ce9</load_address>
         <run_address>0x9ce9</run_address>
         <size>0x4</size>
         <input_file_ref idref="fl-15"/>
      </object_component>
      <object_component id="oc-195">
         <name>SHARERAMS0</name>
         <uninitialized>true</uninitialized>
         <run_address>0xc000</run_address>
         <size>0x330</size>
         <input_file_ref idref="fl-27"/>
      </object_component>
      <object_component id="oc-196">
         <name>SHARERAMS1</name>
         <uninitialized>true</uninitialized>
         <run_address>0xd000</run_address>
         <size>0x330</size>
         <input_file_ref idref="fl-27"/>
      </object_component>
      <object_component id="oc-16f">
         <name>SHARERAMS2</name>
         <uninitialized>true</uninitialized>
         <run_address>0xe240</run_address>
         <size>0x200</size>
         <input_file_ref idref="fl-21"/>
      </object_component>
      <object_component id="oc-177">
         <name>SHARERAMS2</name>
         <uninitialized>true</uninitialized>
         <run_address>0xe000</run_address>
         <size>0x218</size>
         <input_file_ref idref="fl-22"/>
      </object_component>
      <object_component id="oc-165">
         <name>SHARERAMS45</name>
         <uninitialized>true</uninitialized>
         <run_address>0x10000</run_address>
         <size>0x2000</size>
         <input_file_ref idref="fl-20"/>
      </object_component>
      <object_component id="oc-166">
         <name>SHARERAMS67</name>
         <uninitialized>true</uninitialized>
         <run_address>0x12000</run_address>
         <size>0x2000</size>
         <input_file_ref idref="fl-20"/>
      </object_component>
      <object_component id="oc-164">
         <name>MTOC_MSG_RAM</name>
         <uninitialized>true</uninitialized>
         <run_address>0x3fc00</run_address>
         <size>0x272</size>
         <input_file_ref idref="fl-20"/>
      </object_component>
      <object_component id="oc-163">
         <name>CTOM_MSG_RAM</name>
         <uninitialized>true</uninitialized>
         <run_address>0x3f800</run_address>
         <size>0x22</size>
         <input_file_ref idref="fl-20"/>
      </object_component>
      <object_component id="oc-1a2">
         <name>.stack</name>
         <uninitialized>true</uninitialized>
         <run_address>0x80</run_address>
         <size>0x0</size>
         <input_file_ref idref="fl-36"/>
      </object_component>
      <object_component id="oc-28d">
         <name>.stack</name>
         <uninitialized>true</uninitialized>
         <run_address>0x80</run_address>
         <size>0x0</size>
      </object_component>
      <object_component id="oc-d7">
         <name>.ebss</name>
         <uninitialized>true</uninitialized>
         <run_address>0xa8e4</run_address>
         <size>0x18</size>
         <input_file_ref idref="fl-9"/>
      </object_component>
      <object_component id="oc-11c">
         <name>.ebss</name>
         <uninitialized>true</uninitialized>
         <run_address>0xa900</run_address>
         <size>0x2e</size>
         <input_file_ref idref="fl-16"/>
      </object_component>
      <object_component id="oc-122">
         <name>.ebss</name>
         <uninitialized>true</uninitialized>
         <run_address>0xa998</run_address>
         <size>0xa</size>
         <input_file_ref idref="fl-17"/>
      </object_component>
      <object_component id="oc-129">
         <name>.ebss</name>
         <uninitialized>true</uninitialized>
         <run_address>0xa9aa</run_address>
         <size>0x8</size>
         <input_file_ref idref="fl-18"/>
      </object_component>
      <object_component id="oc-130">
         <name>.ebss</name>
         <uninitialized>true</uninitialized>
         <run_address>0xa92e</run_address>
         <size>0xe</size>
         <input_file_ref idref="fl-19"/>
      </object_component>
      <object_component id="oc-137">
         <name>.ebss</name>
         <uninitialized>true</uninitialized>
         <run_address>0xa9b2</run_address>
         <size>0x8</size>
         <input_file_ref idref="fl-1a"/>
      </object_component>
      <object_component id="oc-13e">
         <name>.ebss</name>
         <uninitialized>true</uninitialized>
         <run_address>0xa93c</run_address>
         <size>0x3</size>
         <input_file_ref idref="fl-1b"/>
      </object_component>
      <object_component id="oc-145">
         <name>.ebss</name>
         <uninitialized>true</uninitialized>
         <run_address>0xa9c0</run_address>
         <size>0x8</size>
         <input_file_ref idref="fl-1c"/>
      </object_component>
      <object_component id="oc-14c">
         <name>.ebss</name>
         <uninitialized>true</uninitialized>
         <run_address>0xa9c8</run_address>
         <size>0x8</size>
         <input_file_ref idref="fl-1d"/>
      </object_component>
      <object_component id="oc-154">
         <name>.ebss</name>
         <uninitialized>true</uninitialized>
         <run_address>0xa840</run_address>
         <size>0xa4</size>
         <input_file_ref idref="fl-1e"/>
      </object_component>
      <object_component id="oc-15c">
         <name>.ebss</name>
         <uninitialized>true</uninitialized>
         <run_address>0xa000</run_address>
         <size>0x840</size>
         <input_file_ref idref="fl-1f"/>
      </object_component>
      <object_component id="oc-162">
         <name>.ebss</name>
         <uninitialized>true</uninitialized>
         <run_address>0xa9d0</run_address>
         <size>0x8</size>
         <input_file_ref idref="fl-20"/>
      </object_component>
      <object_component id="oc-16e">
         <name>.ebss</name>
         <uninitialized>true</uninitialized>
         <run_address>0xa9a2</run_address>
         <size>0x8</size>
         <input_file_ref idref="fl-21"/>
      </object_component>
      <object_component id="oc-176">
         <name>.ebss</name>
         <uninitialized>true</uninitialized>
         <run_address>0xa9ba</run_address>
         <size>0x6</size>
         <input_file_ref idref="fl-22"/>
      </object_component>
      <object_component id="oc-182">
         <name>.ebss</name>
         <uninitialized>true</uninitialized>
         <run_address>0xa980</run_address>
         <size>0xc</size>
         <input_file_ref idref="fl-24"/>
      </object_component>
      <object_component id="oc-188">
         <name>.ebss</name>
         <uninitialized>true</uninitialized>
         <run_address>0xa95e</run_address>
         <size>0x1e</size>
         <input_file_ref idref="fl-25"/>
      </object_component>
      <object_component id="oc-18f">
         <name>.ebss</name>
         <uninitialized>true</uninitialized>
         <run_address>0xa940</run_address>
         <size>0x1e</size>
         <input_file_ref idref="fl-26"/>
      </object_component>
      <object_component id="oc-19e">
         <name>.ebss</name>
         <uninitialized>true</uninitialized>
         <run_address>0xa98c</run_address>
         <size>0xb</size>
         <input_file_ref idref="fl-30"/>
      </object_component>
      <object_component id="oc-1b4">
         <name>.ebss</name>
         <uninitialized>true</uninitialized>
         <run_address>0xa8fc</run_address>
         <size>0x4</size>
         <input_file_ref idref="fl-39"/>
      </object_component>
      <object_component id="oc-216">
         <name>.ebss:__unlock</name>
         <uninitialized>true</uninitialized>
         <run_address>0xa97e</run_address>
         <size>0x2</size>
         <input_file_ref idref="fl-40"/>
      </object_component>
      <object_component id="oc-1f8">
         <name>.ebss:__lock</name>
         <uninitialized>true</uninitialized>
         <run_address>0xa97c</run_address>
         <size>0x2</size>
         <input_file_ref idref="fl-40"/>
      </object_component>
      <object_component id="oc-1e3">
         <name>.ebss</name>
         <uninitialized>true</uninitialized>
         <run_address>0xa93f</run_address>
         <size>0x1</size>
         <input_file_ref idref="fl-42"/>
      </object_component>
      <object_component id="oc-fc">
         <name>.econst</name>
         <load_address>0x13e000</load_address>
         <run_address>0x13e000</run_address>
         <size>0x100</size>
         <input_file_ref idref="fl-10"/>
      </object_component>
      <object_component id="oc-1a3">
         <name>.reset</name>
         <load_address>0x3fffc0</load_address>
         <run_address>0x3fffc0</run_address>
         <size>0x2</size>
         <input_file_ref idref="fl-36"/>
      </object_component>
      <object_component id="oc-77">
         <name>.debug_info</name>
         <load_address>0x0</load_address>
         <run_address>0x0</run_address>
         <size>0x930</size>
         <input_file_ref idref="fl-2"/>
      </object_component>
      <object_component id="oc-7c">
         <name>.debug_info</name>
         <load_address>0x930</load_address>
         <run_address>0x930</run_address>
         <size>0x1a1</size>
         <input_file_ref idref="fl-3"/>
      </object_component>
      <object_component id="oc-7e">
         <name>.debug_info</name>
         <load_address>0xad1</load_address>
         <run_address>0xad1</run_address>
         <size>0xea0</size>
         <input_file_ref idref="fl-4"/>
      </object_component>
      <object_component id="oc-83">
         <name>.debug_info</name>
         <load_address>0x1971</load_address>
         <run_address>0x1971</run_address>
         <size>0x1b329</size>
         <input_file_ref idref="fl-5"/>
      </object_component>
      <object_component id="oc-c7">
         <name>.debug_info</name>
         <load_address>0x1cc9a</load_address>
         <run_address>0x1cc9a</run_address>
         <size>0x296d</size>
         <input_file_ref idref="fl-6"/>
      </object_component>
      <object_component id="oc-cd">
         <name>.debug_info</name>
         <load_address>0x1f607</load_address>
         <run_address>0x1f607</run_address>
         <size>0x13a</size>
         <input_file_ref idref="fl-7"/>
      </object_component>
      <object_component id="oc-d1">
         <name>.debug_info</name>
         <load_address>0x1f741</load_address>
         <run_address>0x1f741</run_address>
         <size>0xe91</size>
         <input_file_ref idref="fl-8"/>
      </object_component>
      <object_component id="oc-d6">
         <name>.debug_info</name>
         <load_address>0x205d2</load_address>
         <run_address>0x205d2</run_address>
         <size>0xa58</size>
         <input_file_ref idref="fl-9"/>
      </object_component>
      <object_component id="oc-dc">
         <name>.debug_info</name>
         <load_address>0x2102a</load_address>
         <run_address>0x2102a</run_address>
         <size>0x1737</size>
         <input_file_ref idref="fl-a"/>
      </object_component>
      <object_component id="oc-e1">
         <name>.debug_info</name>
         <load_address>0x22761</load_address>
         <run_address>0x22761</run_address>
         <size>0x3c9e</size>
         <input_file_ref idref="fl-b"/>
      </object_component>
      <object_component id="oc-e7">
         <name>.debug_info</name>
         <load_address>0x263ff</load_address>
         <run_address>0x263ff</run_address>
         <size>0x35dd</size>
         <input_file_ref idref="fl-c"/>
      </object_component>
      <object_component id="oc-ec">
         <name>.debug_info</name>
         <load_address>0x299dc</load_address>
         <run_address>0x299dc</run_address>
         <size>0x3789</size>
         <input_file_ref idref="fl-d"/>
      </object_component>
      <object_component id="oc-f1">
         <name>.debug_info</name>
         <load_address>0x2d165</load_address>
         <run_address>0x2d165</run_address>
         <size>0x61d4</size>
         <input_file_ref idref="fl-e"/>
      </object_component>
      <object_component id="oc-f6">
         <name>.debug_info</name>
         <load_address>0x33339</load_address>
         <run_address>0x33339</run_address>
         <size>0xc06</size>
         <input_file_ref idref="fl-f"/>
      </object_component>
      <object_component id="oc-fb">
         <name>.debug_info</name>
         <load_address>0x33f3f</load_address>
         <run_address>0x33f3f</run_address>
         <size>0x2461</size>
         <input_file_ref idref="fl-10"/>
      </object_component>
      <object_component id="oc-101">
         <name>.debug_info</name>
         <load_address>0x363a0</load_address>
         <run_address>0x363a0</run_address>
         <size>0x2c94</size>
         <input_file_ref idref="fl-11"/>
      </object_component>
      <object_component id="oc-106">
         <name>.debug_info</name>
         <load_address>0x39034</load_address>
         <run_address>0x39034</run_address>
         <size>0x2c94</size>
         <input_file_ref idref="fl-12"/>
      </object_component>
      <object_component id="oc-10b">
         <name>.debug_info</name>
         <load_address>0x3bcc8</load_address>
         <run_address>0x3bcc8</run_address>
         <size>0x5eb7</size>
         <input_file_ref idref="fl-13"/>
      </object_component>
      <object_component id="oc-110">
         <name>.debug_info</name>
         <load_address>0x41b7f</load_address>
         <run_address>0x41b7f</run_address>
         <size>0x3a5</size>
         <input_file_ref idref="fl-14"/>
      </object_component>
      <object_component id="oc-116">
         <name>.debug_info</name>
         <load_address>0x41f24</load_address>
         <run_address>0x41f24</run_address>
         <size>0x135</size>
         <input_file_ref idref="fl-15"/>
      </object_component>
      <object_component id="oc-11a">
         <name>.debug_info</name>
         <load_address>0x42059</load_address>
         <run_address>0x42059</run_address>
         <size>0x7336</size>
         <input_file_ref idref="fl-16"/>
      </object_component>
      <object_component id="oc-121">
         <name>.debug_info</name>
         <load_address>0x4938f</load_address>
         <run_address>0x4938f</run_address>
         <size>0xd430</size>
         <input_file_ref idref="fl-17"/>
      </object_component>
      <object_component id="oc-128">
         <name>.debug_info</name>
         <load_address>0x567bf</load_address>
         <run_address>0x567bf</run_address>
         <size>0xd39e</size>
         <input_file_ref idref="fl-18"/>
      </object_component>
      <object_component id="oc-12f">
         <name>.debug_info</name>
         <load_address>0x63b5d</load_address>
         <run_address>0x63b5d</run_address>
         <size>0xd91a</size>
         <input_file_ref idref="fl-19"/>
      </object_component>
      <object_component id="oc-136">
         <name>.debug_info</name>
         <load_address>0x71477</load_address>
         <run_address>0x71477</run_address>
         <size>0xd4c8</size>
         <input_file_ref idref="fl-1a"/>
      </object_component>
      <object_component id="oc-13d">
         <name>.debug_info</name>
         <load_address>0x7e93f</load_address>
         <run_address>0x7e93f</run_address>
         <size>0xa6ea</size>
         <input_file_ref idref="fl-1b"/>
      </object_component>
      <object_component id="oc-144">
         <name>.debug_info</name>
         <load_address>0x89029</load_address>
         <run_address>0x89029</run_address>
         <size>0xd208</size>
         <input_file_ref idref="fl-1c"/>
      </object_component>
      <object_component id="oc-14b">
         <name>.debug_info</name>
         <load_address>0x96231</load_address>
         <run_address>0x96231</run_address>
         <size>0xff65</size>
         <input_file_ref idref="fl-1d"/>
      </object_component>
      <object_component id="oc-152">
         <name>.debug_info</name>
         <load_address>0xa6196</load_address>
         <run_address>0xa6196</run_address>
         <size>0xb30f</size>
         <input_file_ref idref="fl-1e"/>
      </object_component>
      <object_component id="oc-15b">
         <name>.debug_info</name>
         <load_address>0xb14a5</load_address>
         <run_address>0xb14a5</run_address>
         <size>0x765f</size>
         <input_file_ref idref="fl-1f"/>
      </object_component>
      <object_component id="oc-161">
         <name>.debug_info</name>
         <load_address>0xb8b04</load_address>
         <run_address>0xb8b04</run_address>
         <size>0x890b</size>
         <input_file_ref idref="fl-20"/>
      </object_component>
      <object_component id="oc-16c">
         <name>.debug_info</name>
         <load_address>0xc140f</load_address>
         <run_address>0xc140f</run_address>
         <size>0x4c50</size>
         <input_file_ref idref="fl-21"/>
      </object_component>
      <object_component id="oc-175">
         <name>.debug_info</name>
         <load_address>0xc605f</load_address>
         <run_address>0xc605f</run_address>
         <size>0xbeb4</size>
         <input_file_ref idref="fl-22"/>
      </object_component>
      <object_component id="oc-17c">
         <name>.debug_info</name>
         <load_address>0xd1f13</load_address>
         <run_address>0xd1f13</run_address>
         <size>0x68e1</size>
         <input_file_ref idref="fl-23"/>
      </object_component>
      <object_component id="oc-181">
         <name>.debug_info</name>
         <load_address>0xd87f4</load_address>
         <run_address>0xd87f4</run_address>
         <size>0x5f8</size>
         <input_file_ref idref="fl-24"/>
      </object_component>
      <object_component id="oc-187">
         <name>.debug_info</name>
         <load_address>0xd8dec</load_address>
         <run_address>0xd8dec</run_address>
         <size>0x12fb</size>
         <input_file_ref idref="fl-25"/>
      </object_component>
      <object_component id="oc-18d">
         <name>.debug_info</name>
         <load_address>0xda0e7</load_address>
         <run_address>0xda0e7</run_address>
         <size>0x22b1</size>
         <input_file_ref idref="fl-26"/>
      </object_component>
      <object_component id="oc-194">
         <name>.debug_info</name>
         <load_address>0xdc398</load_address>
         <run_address>0xdc398</run_address>
         <size>0x15a7</size>
         <input_file_ref idref="fl-27"/>
      </object_component>
      <object_component id="oc-19c">
         <name>.debug_info</name>
         <load_address>0xdd93f</load_address>
         <run_address>0xdd93f</run_address>
         <size>0x46ee</size>
         <input_file_ref idref="fl-30"/>
      </object_component>
      <object_component id="oc-1a4">
         <name>.debug_info</name>
         <load_address>0xe202d</load_address>
         <run_address>0xe202d</run_address>
         <size>0x145</size>
         <input_file_ref idref="fl-36"/>
      </object_component>
      <object_component id="oc-1a8">
         <name>.debug_info</name>
         <load_address>0xe2172</load_address>
         <run_address>0xe2172</run_address>
         <size>0x42c</size>
         <input_file_ref idref="fl-37"/>
      </object_component>
      <object_component id="oc-1ae">
         <name>.debug_info</name>
         <load_address>0xe259e</load_address>
         <run_address>0xe259e</run_address>
         <size>0x175</size>
         <input_file_ref idref="fl-38"/>
      </object_component>
      <object_component id="oc-1b2">
         <name>.debug_info</name>
         <load_address>0xe2713</load_address>
         <run_address>0xe2713</run_address>
         <size>0x4ee</size>
         <input_file_ref idref="fl-39"/>
      </object_component>
      <object_component id="oc-1b9">
         <name>.debug_info</name>
         <load_address>0xe2c01</load_address>
         <run_address>0xe2c01</run_address>
         <size>0x452</size>
         <input_file_ref idref="fl-3a"/>
      </object_component>
      <object_component id="oc-1bf">
         <name>.debug_info</name>
         <load_address>0xe3053</load_address>
         <run_address>0xe3053</run_address>
         <size>0x127</size>
         <input_file_ref idref="fl-3b"/>
      </object_component>
      <object_component id="oc-1c3">
         <name>.debug_info</name>
         <load_address>0xe317a</load_address>
         <run_address>0xe317a</run_address>
         <size>0x444</size>
         <input_file_ref idref="fl-3c"/>
      </object_component>
      <object_component id="oc-1c8">
         <name>.debug_info</name>
         <load_address>0xe35be</load_address>
         <run_address>0xe35be</run_address>
         <size>0x486</size>
         <input_file_ref idref="fl-3d"/>
      </object_component>
      <object_component id="oc-1ce">
         <name>.debug_info</name>
         <load_address>0xe3a44</load_address>
         <run_address>0xe3a44</run_address>
         <size>0x1b5</size>
         <input_file_ref idref="fl-3e"/>
      </object_component>
      <object_component id="oc-1d2">
         <name>.debug_info</name>
         <load_address>0xe3bf9</load_address>
         <run_address>0xe3bf9</run_address>
         <size>0x43e</size>
         <input_file_ref idref="fl-3f"/>
      </object_component>
      <object_component id="oc-1d7">
         <name>.debug_info</name>
         <load_address>0xe4037</load_address>
         <run_address>0xe4037</run_address>
         <size>0x518</size>
         <input_file_ref idref="fl-40"/>
      </object_component>
      <object_component id="oc-1dc">
         <name>.debug_info</name>
         <load_address>0xe454f</load_address>
         <run_address>0xe454f</run_address>
         <size>0x4e5</size>
         <input_file_ref idref="fl-41"/>
      </object_component>
      <object_component id="oc-1e1">
         <name>.debug_info</name>
         <load_address>0xe4a34</load_address>
         <run_address>0xe4a34</run_address>
         <size>0x1d2</size>
         <input_file_ref idref="fl-42"/>
      </object_component>
      <object_component id="oc-28e">
         <name>.debug_info</name>
         <load_address>0xe4c06</load_address>
         <run_address>0xe4c06</run_address>
         <size>0xa2</size>
      </object_component>
      <object_component id="oc-78">
         <name>.debug_frame</name>
         <load_address>0x0</load_address>
         <run_address>0x0</run_address>
         <size>0xf9</size>
         <input_file_ref idref="fl-2"/>
      </object_component>
      <object_component id="oc-7f">
         <name>.debug_frame</name>
         <load_address>0xf9</load_address>
         <run_address>0xf9</run_address>
         <size>0xa1</size>
         <input_file_ref idref="fl-4"/>
      </object_component>
      <object_component id="oc-c8">
         <name>.debug_frame</name>
         <load_address>0x19a</load_address>
         <run_address>0x19a</run_address>
         <size>0x8c</size>
         <input_file_ref idref="fl-6"/>
      </object_component>
      <object_component id="oc-d2">
         <name>.debug_frame</name>
         <load_address>0x226</load_address>
         <run_address>0x226</run_address>
         <size>0x8c</size>
         <input_file_ref idref="fl-8"/>
      </object_component>
      <object_component id="oc-d8">
         <name>.debug_frame</name>
         <load_address>0x2b2</load_address>
         <run_address>0x2b2</run_address>
         <size>0xb6</size>
         <input_file_ref idref="fl-9"/>
      </object_component>
      <object_component id="oc-dd">
         <name>.debug_frame</name>
         <load_address>0x368</load_address>
         <run_address>0x368</run_address>
         <size>0x8c</size>
         <input_file_ref idref="fl-a"/>
      </object_component>
      <object_component id="oc-e3">
         <name>.debug_frame</name>
         <load_address>0x3f4</load_address>
         <run_address>0x3f4</run_address>
         <size>0xd06</size>
         <input_file_ref idref="fl-b"/>
      </object_component>
      <object_component id="oc-e8">
         <name>.debug_frame</name>
         <load_address>0x10fa</load_address>
         <run_address>0x10fa</run_address>
         <size>0x19d</size>
         <input_file_ref idref="fl-c"/>
      </object_component>
      <object_component id="oc-ed">
         <name>.debug_frame</name>
         <load_address>0x1297</load_address>
         <run_address>0x1297</run_address>
         <size>0x8c</size>
         <input_file_ref idref="fl-d"/>
      </object_component>
      <object_component id="oc-f2">
         <name>.debug_frame</name>
         <load_address>0x1323</load_address>
         <run_address>0x1323</run_address>
         <size>0x180</size>
         <input_file_ref idref="fl-e"/>
      </object_component>
      <object_component id="oc-f7">
         <name>.debug_frame</name>
         <load_address>0x14a3</load_address>
         <run_address>0x14a3</run_address>
         <size>0xb6</size>
         <input_file_ref idref="fl-f"/>
      </object_component>
      <object_component id="oc-fd">
         <name>.debug_frame</name>
         <load_address>0x1559</load_address>
         <run_address>0x1559</run_address>
         <size>0xa1</size>
         <input_file_ref idref="fl-10"/>
      </object_component>
      <object_component id="oc-102">
         <name>.debug_frame</name>
         <load_address>0x15fa</load_address>
         <run_address>0x15fa</run_address>
         <size>0x8c</size>
         <input_file_ref idref="fl-11"/>
      </object_component>
      <object_component id="oc-107">
         <name>.debug_frame</name>
         <load_address>0x1686</load_address>
         <run_address>0x1686</run_address>
         <size>0x8c</size>
         <input_file_ref idref="fl-12"/>
      </object_component>
      <object_component id="oc-10c">
         <name>.debug_frame</name>
         <load_address>0x1712</load_address>
         <run_address>0x1712</run_address>
         <size>0x191</size>
         <input_file_ref idref="fl-13"/>
      </object_component>
      <object_component id="oc-111">
         <name>.debug_frame</name>
         <load_address>0x18a3</load_address>
         <run_address>0x18a3</run_address>
         <size>0x8c</size>
         <input_file_ref idref="fl-14"/>
      </object_component>
      <object_component id="oc-11d">
         <name>.debug_frame</name>
         <load_address>0x192f</load_address>
         <run_address>0x192f</run_address>
         <size>0x2b0</size>
         <input_file_ref idref="fl-16"/>
      </object_component>
      <object_component id="oc-124">
         <name>.debug_frame</name>
         <load_address>0x1bdf</load_address>
         <run_address>0x1bdf</run_address>
         <size>0x37c</size>
         <input_file_ref idref="fl-17"/>
      </object_component>
      <object_component id="oc-12b">
         <name>.debug_frame</name>
         <load_address>0x1f5b</load_address>
         <run_address>0x1f5b</run_address>
         <size>0x383</size>
         <input_file_ref idref="fl-18"/>
      </object_component>
      <object_component id="oc-132">
         <name>.debug_frame</name>
         <load_address>0x22de</load_address>
         <run_address>0x22de</run_address>
         <size>0x386</size>
         <input_file_ref idref="fl-19"/>
      </object_component>
      <object_component id="oc-139">
         <name>.debug_frame</name>
         <load_address>0x2664</load_address>
         <run_address>0x2664</run_address>
         <size>0x39e</size>
         <input_file_ref idref="fl-1a"/>
      </object_component>
      <object_component id="oc-140">
         <name>.debug_frame</name>
         <load_address>0x2a02</load_address>
         <run_address>0x2a02</run_address>
         <size>0x258</size>
         <input_file_ref idref="fl-1b"/>
      </object_component>
      <object_component id="oc-147">
         <name>.debug_frame</name>
         <load_address>0x2c5a</load_address>
         <run_address>0x2c5a</run_address>
         <size>0x368</size>
         <input_file_ref idref="fl-1c"/>
      </object_component>
      <object_component id="oc-14e">
         <name>.debug_frame</name>
         <load_address>0x2fc2</load_address>
         <run_address>0x2fc2</run_address>
         <size>0x35d</size>
         <input_file_ref idref="fl-1d"/>
      </object_component>
      <object_component id="oc-157">
         <name>.debug_frame</name>
         <load_address>0x331f</load_address>
         <run_address>0x331f</run_address>
         <size>0x267</size>
         <input_file_ref idref="fl-1e"/>
      </object_component>
      <object_component id="oc-15d">
         <name>.debug_frame</name>
         <load_address>0x3586</load_address>
         <run_address>0x3586</run_address>
         <size>0xcc</size>
         <input_file_ref idref="fl-1f"/>
      </object_component>
      <object_component id="oc-168">
         <name>.debug_frame</name>
         <load_address>0x3652</load_address>
         <run_address>0x3652</run_address>
         <size>0x1f2</size>
         <input_file_ref idref="fl-20"/>
      </object_component>
      <object_component id="oc-171">
         <name>.debug_frame</name>
         <load_address>0x3844</load_address>
         <run_address>0x3844</run_address>
         <size>0x1b0</size>
         <input_file_ref idref="fl-21"/>
      </object_component>
      <object_component id="oc-178">
         <name>.debug_frame</name>
         <load_address>0x39f4</load_address>
         <run_address>0x39f4</run_address>
         <size>0x1e9</size>
         <input_file_ref idref="fl-22"/>
      </object_component>
      <object_component id="oc-17d">
         <name>.debug_frame</name>
         <load_address>0x3bdd</load_address>
         <run_address>0x3bdd</run_address>
         <size>0xcb</size>
         <input_file_ref idref="fl-23"/>
      </object_component>
      <object_component id="oc-183">
         <name>.debug_frame</name>
         <load_address>0x3ca8</load_address>
         <run_address>0x3ca8</run_address>
         <size>0xb6</size>
         <input_file_ref idref="fl-24"/>
      </object_component>
      <object_component id="oc-189">
         <name>.debug_frame</name>
         <load_address>0x3d5e</load_address>
         <run_address>0x3d5e</run_address>
         <size>0x1cd</size>
         <input_file_ref idref="fl-25"/>
      </object_component>
      <object_component id="oc-190">
         <name>.debug_frame</name>
         <load_address>0x3f2b</load_address>
         <run_address>0x3f2b</run_address>
         <size>0x2f7</size>
         <input_file_ref idref="fl-26"/>
      </object_component>
      <object_component id="oc-197">
         <name>.debug_frame</name>
         <load_address>0x4222</load_address>
         <run_address>0x4222</run_address>
         <size>0xe2</size>
         <input_file_ref idref="fl-27"/>
      </object_component>
      <object_component id="oc-19f">
         <name>.debug_frame</name>
         <load_address>0x4304</load_address>
         <run_address>0x4304</run_address>
         <size>0xb4</size>
         <input_file_ref idref="fl-30"/>
      </object_component>
      <object_component id="oc-1a9">
         <name>.debug_frame</name>
         <load_address>0x43b8</load_address>
         <run_address>0x43b8</run_address>
         <size>0xa8</size>
         <input_file_ref idref="fl-37"/>
[...]
      </symbol>
      <symbol id="sm-5c3">
         <name>_HRADC3</name>
         <value>0xa84e</value>
         <object_component_ref idref="oc-154"/>
      </symbol>
      <symbol id="sm-5c4">
         <name>_HRADC0</name>
         <value>0xa84a</value>
         <object_component_ref idref="oc-154"/>
      </symbol>
      <symbol id="sm-5c5">
         <name>_HRADC1</name>
         <value>0xa852</value>
         <object_component_ref idref="oc-154"/>
      </symbol>
      <symbol id="sm-5c6">
         <name>_SamplingEnable</name>
         <value>0xa847</value>
         <object_component_ref idref="oc-154"/>
      </symbol>
      <symbol id="sm-5c7">
         <name>_enableHeater</name>
         <value>0xa845</value>
         <object_component_ref idref="oc-154"/>
      </symbol>
      <symbol id="sm-5e1">
         <name>_main_Test_HRPWM</name>
         <value>0x13c3aa</value>
         <object_component_ref idref="oc-20a"/>
      </symbol>
      <symbol id="sm-614">
         <name>_wfmRef_Curve</name>
         <value>0x12000</value>
         <object_component_ref idref="oc-166"/>
      </symbol>
      <symbol id="sm-615">
         <name>_isr_IPC_Channel_1</name>
         <value>0x9528</value>
         <object_component_ref idref="oc-167"/>
      </symbol>
      <symbol id="sm-616">
         <name>_isr_IPC_Channel_2</name>
         <value>0x94d4</value>
         <object_component_ref idref="oc-167"/>
      </symbol>
      <symbol id="sm-617">
         <name>_InitIPC</name>
         <value>0x13c4b8</value>
         <object_component_ref idref="oc-214"/>
      </symbol>
      <symbol id="sm-618">
         <name>_IPC_MtoC_Param</name>
         <value>0x3fcc0</value>
         <object_component_ref idref="oc-164"/>
      </symbol>
      <symbol id="sm-619">
         <name>_wfmSyncFlag</name>
         <value>0xa9d0</value>
         <object_component_ref idref="oc-162"/>
      </symbol>
      <symbol id="sm-61a">
         <name>_ConfigPSOpMode</name>
         <value>0x9b75</value>
         <object_component_ref idref="oc-1f2"/>
      </symbol>
      <symbol id="sm-61b">
         <name>_IPC_CtoM_Msg</name>
         <value>0x3f800</value>
         <object_component_ref idref="oc-163"/>
      </symbol>
      <symbol id="sm-61c">
         <name>_IPC_PS_funcs</name>
         <value>0xa9d4</value>
         <object_component_ref idref="oc-162"/>
      </symbol>
      <symbol id="sm-61d">
         <name>_IPC_MtoC_Msg</name>
         <value>0x3fc00</value>
         <object_component_ref idref="oc-164"/>
      </symbol>
      <symbol id="sm-61e">
         <name>_samplesBuffer</name>
         <value>0x10000</value>
         <object_component_ref idref="oc-165"/>
      </symbol>
      <symbol id="sm-61f">
         <name>_SendIpcFlag</name>
         <value>0x9b70</value>
         <object_component_ref idref="oc-1f2"/>
      </symbol>
      <symbol id="sm-635">
         <name>_local_D_INTCH1_ISR</name>
         <value>0x13c607</value>
         <object_component_ref idref="oc-170"/>
      </symbol>
      <symbol id="sm-636">
         <name>_Init_DMA_McBSP_nBuffers</name>
         <value>0x13c295</value>
         <object_component_ref idref="oc-20d"/>
      </symbol>
      <symbol id="sm-637">
         <name>_i_rdata</name>
         <value>0xa9a2</value>
         <object_component_ref idref="oc-16e"/>
      </symbol>
      <symbol id="sm-638">
         <name>_local_D_INTCH2_ISR</name>
         <value>0x13c5c9</value>
         <object_component_ref idref="oc-170"/>
      </symbol>
      <symbol id="sm-639">
         <name>_start_DMA</name>
         <value>0x13c288</value>
         <object_component_ref idref="oc-20d"/>
      </symbol>
      <symbol id="sm-63a">
         <name>_stop_DMA</name>
         <value>0x13c25d</value>
         <object_component_ref idref="oc-20d"/>
      </symbol>
      <symbol id="sm-63b">
         <name>_DMATransferSize</name>
         <value>0xa9a6</value>
         <object_component_ref idref="oc-16e"/>
      </symbol>
      <symbol id="sm-63c">
         <name>_dummy_data</name>
         <value>0xa9a4</value>
         <object_component_ref idref="oc-16e"/>
      </symbol>
      <symbol id="sm-63d">
         <name>_buffers_HRADC</name>
         <value>0xe240</value>
         <object_component_ref idref="oc-16f"/>
      </symbol>
      <symbol id="sm-67a">
         <name>_counterErrorSendCommand</name>
         <value>0xa9bc</value>
         <object_component_ref idref="oc-176"/>
      </symbol>
      <symbol id="sm-67b">
         <name>_Config_HRADC_board</name>
         <value>0x13a937</value>
         <object_component_ref idref="oc-210"/>
      </symbol>
      <symbol id="sm-67c">
         <name>_CheckStatus_HRADC</name>
         <value>0x13a91e</value>
         <object_component_ref idref="oc-210"/>
      </symbol>
      <symbol id="sm-67d">
         <name>_Config_HRADC_SoC</name>
         <value>0x13a9bd</value>
         <object_component_ref idref="oc-210"/>
      </symbol>
      <symbol id="sm-67e">
         <name>_Config_HRADC_UFM_OpMode</name>
         <value>0x13a984</value>
         <object_component_ref idref="oc-210"/>
      </symbol>
      <symbol id="sm-67f">
         <name>_HRADC0_board</name>
         <value>0xe040</value>
         <object_component_ref idref="oc-177"/>
      </symbol>
      <symbol id="sm-680">
         <name>_Init_HRADC_Info</name>
         <value>0x13a856</value>
         <object_component_ref idref="oc-210"/>
      </symbol>
      <symbol id="sm-681">
         <name>_SendCommand_HRADC</name>
         <value>0x13a7de</value>
         <object_component_ref idref="oc-210"/>
      </symbol>
      <symbol id="sm-682">
         <name>_AverageFilter</name>
         <value>0xa9be</value>
         <object_component_ref idref="oc-176"/>
      </symbol>
      <symbol id="sm-683">
         <name>_HRADC1_board</name>
         <value>0xe1c0</value>
         <object_component_ref idref="oc-177"/>
      </symbol>
      <symbol id="sm-684">
         <name>_Config_HRADC_Sampling_OpMode</name>
         <value>0x13a9fd</value>
         <object_component_ref idref="oc-210"/>
      </symbol>
      <symbol id="sm-685">
         <name>_HRADCs_Info</name>
         <value>0xe000</value>
         <object_component_ref idref="oc-177"/>
      </symbol>
      <symbol id="sm-686">
         <name>_HRADC2_board</name>
         <value>0xe0c0</value>
         <object_component_ref idref="oc-177"/>
      </symbol>
      <symbol id="sm-687">
         <name>_Erase_HRADC_UFM</name>
         <value>0x13a8cb</value>
         <object_component_ref idref="oc-210"/>
      </symbol>
      <symbol id="sm-688">
         <name>_HRADC3_board</name>
         <value>0xe140</value>
         <object_component_ref idref="oc-177"/>
      </symbol>
      <symbol id="sm-689">
         <name>_Read_HRADC_UFM</name>
         <value>0x13a811</value>
         <object_component_ref idref="oc-210"/>
      </symbol>
      <symbol id="sm-68a">
         <name>_Write_HRADC_UFM</name>
         <value>0x13a72d</value>
         <object_component_ref idref="oc-210"/>
      </symbol>
      <symbol id="sm-697">
         <name>_Init_SPIMaster_McBSP</name>
         <value>0x13c0bf</value>
         <object_component_ref idref="oc-20e"/>
      </symbol>
      <symbol id="sm-698">
         <name>_Init_SPIMaster_McBSP_HRADC_UFM</name>
         <value>0x13c074</value>
         <object_component_ref idref="oc-20e"/>
      </symbol>
      <symbol id="sm-699">
         <name>_Init_SPIMaster_Gpio</name>
         <value>0x13c10d</value>
         <object_component_ref idref="oc-20e"/>
      </symbol>
      <symbol id="sm-6a9">
         <name>_Set_TimeSlicer</name>
         <value>0x13c970</value>
         <object_component_ref idref="oc-213"/>
      </symbol>
      <symbol id="sm-6aa">
         <name>_TimeSlicer</name>
         <value>0xa980</value>
         <object_component_ref idref="oc-182"/>
      </symbol>
      <symbol id="sm-6ab">
         <name>_Reset_TimeSlicers</name>
         <value>0x13c97a</value>
         <object_component_ref idref="oc-213"/>
      </symbol>
      <symbol id="sm-6cb">
         <name>_Run_ELP_SigGen_Square</name>
         <value>0x9977</value>
         <object_component_ref idref="oc-1f6"/>
      </symbol>
      <symbol id="sm-6cc">
         <name>_Disable_ELP_SigGen</name>
         <value>0x997d</value>
         <object_component_ref idref="oc-1f6"/>
      </symbol>
      <symbol id="sm-6cd">
         <name>_Init_ELP_SigGen</name>
         <value>0x13c184</value>
         <object_component_ref idref="oc-1f5"/>
      </symbol>
      <symbol id="sm-6ce">
         <name>_Run_ELP_SigGen_DampedSine</name>
         <value>0x99d8</value>
         <object_component_ref idref="oc-1f6"/>
      </symbol>
      <symbol id="sm-6cf">
         <name>_Run_ELP_SigGen_Triangle</name>
         <value>0x9971</value>
         <object_component_ref idref="oc-1f6"/>
      </symbol>
      <symbol id="sm-6d0">
         <name>_Enable_ELP_SigGen</name>
         <value>0x9a2a</value>
         <object_component_ref idref="oc-1f6"/>
      </symbol>
      <symbol id="sm-6d1">
         <name>_SignalGenerator</name>
         <value>0xa95e</value>
         <object_component_ref idref="oc-188"/>
      </symbol>
      <symbol id="sm-6d2">
         <name>_Run_ELP_SigGen_FreqSweep</name>
         <value>0x99d2</value>
         <object_component_ref idref="oc-1f6"/>
      </symbol>
      <symbol id="sm-6d3">
         <name>_Reset_ELP_SigGen</name>
         <value>0x13c178</value>
         <object_component_ref idref="oc-1f5"/>
      </symbol>
      <symbol id="sm-6d4">
         <name>_Run_ELP_SigGen_Sine</name>
         <value>0x997f</value>
         <object_component_ref idref="oc-1f6"/>
      </symbol>
      <symbol id="sm-6d5">
         <name>_Update_ELP_SigGen</name>
         <value>0x995d</value>
         <object_component_ref idref="oc-1f6"/>
      </symbol>
      <symbol id="sm-6fa">
         <name>_b_coeff_NF_Vdc</name>
         <value>0xa958</value>
         <object_component_ref idref="oc-18f"/>
      </symbol>
      <symbol id="sm-6fb">
         <name>_Run_ELP_Error</name>
         <value>0x13af94</value>
         <object_component_ref idref="oc-1e9"/>
      </symbol>
      <symbol id="sm-6fc">
         <name>_Run_ELP_IIR_3P3Z</name>
         <value>0x13af34</value>
         <object_component_ref idref="oc-1e9"/>
      </symbol>
      <symbol id="sm-6fd">
         <name>_Bypass_ELP_SRLim</name>
         <value>0x13b14f</value>
         <object_component_ref idref="oc-1e9"/>
      </symbol>
      <symbol id="sm-6fe">
         <name>_Run_ELP_PI_dawu</name>
         <value>0x98a3</value>
         <object_component_ref idref="oc-1e8"/>
      </symbol>
      <symbol id="sm-6ff">
         <name>_Reset_ELP_PI_dawu</name>
         <value>0x13afa5</value>
         <object_component_ref idref="oc-1e9"/>
      </symbol>
      <symbol id="sm-700">
         <name>_Reset_ELP_IIR_2P2Z</name>
         <value>0x13afd2</value>
         <object_component_ref idref="oc-1e9"/>
      </symbol>
      <symbol id="sm-701">
         <name>_Run_ELP_LPF</name>
         <value>0x98f6</value>
         <object_component_ref idref="oc-1e8"/>
      </symbol>
      <symbol id="sm-702">
         <name>_Init_ELP_Error</name>
         <value>0x13b143</value>
         <object_component_ref idref="oc-1e9"/>
      </symbol>
      <symbol id="sm-703">
         <name>_Reset_ELP_LPF</name>
         <value>0x13afb5</value>
         <object_component_ref idref="oc-1e9"/>
      </symbol>
      <symbol id="sm-704">
         <name>_Reset_ELP_SRLim</name>
         <value>0x13afa0</value>
         <object_component_ref idref="oc-1e9"/>
      </symbol>
      <symbol id="sm-705">
         <name>_Init_ELP_LPF</name>
         <value>0x13b0ae</value>
         <object_component_ref idref="oc-1e9"/>
      </symbol>
      <symbol id="sm-706">
         <name>_Init_ELP_NF_IIR</name>
         <value>0x13b039</value>
         <object_component_ref idref="oc-1e9"/>
      </symbol>
      <symbol id="sm-707">
         <name>_Run_ELP_SRLim</name>
         <value>0x9873</value>
         <object_component_ref idref="oc-1e8"/>
      </symbol>
      <symbol id="sm-708">
         <name>_Reset_ELP_Error</name>
         <value>0x13afe2</value>
         <object_component_ref idref="oc-1e9"/>
      </symbol>
      <symbol id="sm-709">
         <name>_a_coeff_NF_Vdc</name>
         <value>0xa940</value>
         <object_component_ref idref="oc-18f"/>
      </symbol>
      <symbol id="sm-70a">
         <name>_Init_ELP_SRLim</name>
         <value>0x13afe7</value>
         <object_component_ref idref="oc-1e9"/>
      </symbol>
      <symbol id="sm-70b">
         <name>_a_coeff_LPF_Iin</name>
         <value>0xa948</value>
         <object_component_ref idref="oc-18f"/>
      </symbol>
      <symbol id="sm-70c">
         <name>_b_coeff_LPF_Iin</name>
         <value>0xa94c</value>
         <object_component_ref idref="oc-18f"/>
      </symbol>
      <symbol id="sm-70d">
         <name>_b_coeff_IIR_Vdc_ctrl</name>
         <value>0xa952</value>
         <object_component_ref idref="oc-18f"/>
      </symbol>
      <symbol id="sm-70e">
         <name>_a_coeff_IIR_Vdc_ctrl</name>
         <value>0xa944</value>
         <object_component_ref idref="oc-18f"/>
      </symbol>
      <symbol id="sm-70f">
         <name>_Init_ELP_IIR_2P2Z</name>
         <value>0x13b11d</value>
         <object_component_ref idref="oc-1e9"/>
      </symbol>
      <symbol id="sm-710">
         <name>_Init_ELP_PI_dawu</name>
         <value>0x13affa</value>
         <object_component_ref idref="oc-1e9"/>
      </symbol>
      <symbol id="sm-711">
         <name>_Init_ELP_IIR_3P3Z</name>
         <value>0x13b0eb</value>
         <object_component_ref idref="oc-1e9"/>
      </symbol>
      <symbol id="sm-712">
         <name>_Run_ELP_IIR_2P2Z</name>
         <value>0x9911</value>
         <object_component_ref idref="oc-1e8"/>
      </symbol>
      <symbol id="sm-713">
         <name>_Reset_ELP_IIR_3P3Z</name>
         <value>0x13afbe</value>
         <object_component_ref idref="oc-1e9"/>
      </symbol>
      <symbol id="sm-738">
         <name>_InitDP_Framework</name>
         <value>0x13baa8</value>
         <object_component_ref idref="oc-1f4"/>
      </symbol>
      <symbol id="sm-739">
         <name>_ConfigDP_Module_AllParam</name>
         <value>0x13babb</value>
         <object_component_ref idref="oc-1f4"/>
      </symbol>
      <symbol id="sm-73a">
         <name>_DP_Framework</name>
         <value>0xd000</value>
         <object_component_ref idref="oc-196"/>
      </symbol>
      <symbol id="sm-73b">
         <name>_ConfigDP_Module</name>
         <value>0x13bb61</value>
         <object_component_ref idref="oc-1f4"/>
      </symbol>
      <symbol id="sm-73c">
         <name>_DP_Framework_MtoC</name>
         <value>0xc000</value>
         <object_component_ref idref="oc-195"/>
      </symbol>
      <symbol id="sm-766">
         <name>_SFO_CAL</name>
         <value>0xa991</value>
         <object_component_ref idref="oc-19e"/>
      </symbol>
      <symbol id="sm-767">
         <name>_MEP_SF</name>
         <value>0xa992</value>
         <object_component_ref idref="oc-19e"/>
      </symbol>
      <symbol id="sm-768">
         <name>_SFO</name>
         <value>0x13bc0f</value>
         <object_component_ref idref="oc-19b"/>
      </symbol>
      <symbol id="sm-781">
         <name>_c_int00</name>
         <value>0x13c80f</value>
         <object_component_ref idref="oc-76"/>
      </symbol>
      <symbol id="sm-782">
         <name>__stack</name>
         <value>0x80</value>
         <object_component_ref idref="oc-1a2"/>
      </symbol>
      <symbol id="sm-791">
         <name>_cos</name>
         <value>0x13c6ad</value>
         <object_component_ref idref="oc-1fb"/>
      </symbol>
      <symbol id="sm-79d">
         <name>_epilog_c28x_1</name>
         <value>0x13c994</value>
         <object_component_ref idref="oc-1ad"/>
      </symbol>
      <symbol id="sm-79e">
         <name>_epilog_c28x_2</name>
         <value>0x13c998</value>
         <object_component_ref idref="oc-1ad"/>
      </symbol>
      <symbol id="sm-7b2">
         <name>C$$EXIT</name>
         <value>0x13c93e</value>
         <object_component_ref idref="oc-1e6"/>
      </symbol>
      <symbol id="sm-7b3">
         <name>_exit</name>
         <value>0x13c940</value>
         <object_component_ref idref="oc-1e6"/>
      </symbol>
      <symbol id="sm-7b4">
         <name>___TI_cleanup_ptr</name>
         <value>0xa8fc</value>
         <object_component_ref idref="oc-1b4"/>
      </symbol>
      <symbol id="sm-7b5">
         <name>_abort</name>
         <value>0x13c93e</value>
         <object_component_ref idref="oc-1e6"/>
      </symbol>
      <symbol id="sm-7b6">
         <name>___TI_dtors_ptr</name>
         <value>0xa8fe</value>
         <object_component_ref idref="oc-1b4"/>
      </symbol>
      <symbol id="sm-7c7">
         <name>_exp</name>
         <value>0x13c645</value>
         <object_component_ref idref="oc-204"/>
      </symbol>
      <symbol id="sm-7d8">
         <name>FS$$DIV</name>
         <value>0x13c541</value>
         <object_component_ref idref="oc-1be"/>
      </symbol>
      <symbol id="sm-7eb">
         <name>_ldexp</name>
         <value>0x13c88c</value>
         <object_component_ref idref="oc-215"/>
      </symbol>
      <symbol id="sm-7fd">
         <name>_memcpy</name>
         <value>0x13c8ed</value>
         <object_component_ref idref="oc-1f3"/>
      </symbol>
      <symbol id="sm-809">
         <name>_prolog_c28x_1</name>
         <value>0x13c957</value>
         <object_component_ref idref="oc-1cd"/>
      </symbol>
      <symbol id="sm-80a">
         <name>_prolog_c28x_2</name>
         <value>0x13c95b</value>
         <object_component_ref idref="oc-1cd"/>
      </symbol>
      <symbol id="sm-80b">
         <name>_prolog_c28x_3</name>
         <value>0x13c963</value>
         <object_component_ref idref="oc-1cd"/>
      </symbol>
      <symbol id="sm-819">
         <name>_sin</name>
         <value>0x13c76a</value>
         <object_component_ref idref="oc-203"/>
      </symbol>
      <symbol id="sm-82e">
         <name>__unlock</name>
         <value>0xa97e</value>
         <object_component_ref idref="oc-216"/>
      </symbol>
      <symbol id="sm-82f">
         <name>__lock</name>
         <value>0xa97c</value>
         <object_component_ref idref="oc-1f8"/>
      </symbol>
      <symbol id="sm-830">
         <name>__register_lock</name>
         <value>0x13c9a4</value>
         <object_component_ref idref="oc-20b"/>
      </symbol>
      <symbol id="sm-831">
         <name>__nop</name>
         <value>0x13c9a8</value>
         <object_component_ref idref="oc-20b"/>
      </symbol>
      <symbol id="sm-832">
         <name>__register_unlock</name>
         <value>0x13c9a0</value>
         <object_component_ref idref="oc-20b"/>
      </symbol>
      <symbol id="sm-842">
         <name>__args_main</name>
         <value>0x13c925</value>
         <object_component_ref idref="oc-1e5"/>
      </symbol>
      <symbol id="sm-84d">
         <name>_errno</name>
         <value>0xa93f</value>
         <object_component_ref idref="oc-1e3"/>
      </symbol>
   </symbol_table>
   <title>Link successful</title>
</link_info>
