******************************************************************************
             TMS320C2000 Linker Unix v15.12.1                  
******************************************************************************
>> Linked Wed Aug 31 10:17:33 2016

OUTPUT FILE NAME:   <C28_V2.0.out>
ENTRY POINT SYMBOL: "_c_int00"  address: 0013cb9f


MEMORY CONFIGURATION

         name            origin    length      used     unused   attr    fill
----------------------  --------  ---------  --------  --------  ----  --------
PAGE 0:
  RAML0L1               00008000   00002000  00001ed5  0000012b  RWIX
  FLASHN                00100000   00002000  00000000  00002000  RWIX
  FLASHM                00102000   00002000  00000000  00002000  RWIX
  FLASHL                00104000   00002000  00000000  00002000  RWIX
  FLASHK                00106000   00002000  00000000  00002000  RWIX
  FLASHJ                00108000   00008000  00000000  00008000  RWIX
  FLASHI                00110000   00008000  00000000  00008000  RWIX
  FLASHH                00118000   00008000  00000000  00008000  RWIX
  FLASHG                00120000   00008000  00000000  00008000  RWIX
  FLASHF                00128000   00008000  00000000  00008000  RWIX
  FLASHE                00130000   00008000  00000000  00008000  RWIX
  FLASHD                00138000   00002000  00001ed5  0000012b  RWIX
  FLASHCB               0013a000   00004000  00002dbf  00001241  RWIX
  FLASHA                0013e000   00001f80  000001c3  00001dbd  RWIX
  CSM_RSVD              0013ff80   00000070  00000000  00000070  RWIX
  BEGIN                 0013fff0   00000002  00000002  00000000  RWIX
  FLASH_EXE_ONLY_P0     0013fff2   00000002  00000000  00000002  RWIX
  ECSL_PWL_P0           0013fff4   00000004  00000000  00000004  RWIX
  CSM_PWL_P0            0013fff8   00000008  00000000  00000008  RWIX
  FPUTABLES             003fd21a   000006a0  00000000  000006a0  RWIX
  IQTABLES              003fd8ba   00000b50  00000000  00000b50  RWIX
  IQTABLES2             003fe40a   0000008c  00000000  0000008c  RWIX
  IQTABLES3             003fe496   000000aa  00000000  000000aa  RWIX
  BOOTROM               003fed6a   00001200  00000000  00001200  RWIX
  PIEMISHNDLR           003fffbe   00000002  00000000  00000002  RWIX
  RESET                 003fffc0   00000002  00000000  00000002  RWIX
  VECTORS               003fffc2   0000003e  00000000  0000003e  RWIX

PAGE 1:
  BOOT_RSVD             00000000   00000050  00000000  00000050  RWIX
  RAMM0                 00000080   00000380  00000300  00000080  RWIX
  RAMM1                 00000400   00000400  00000000  00000400  RWIX
  DEV_EMU               00000880   00000180  00000042  0000013e  RWIX
  CSM                   00000ae0   00000020  00000016  0000000a  RWIX
  ADC1_RESULT           00000b00   00000020  00000010  00000010  RWIX
  ADC2_RESULT           00000b40   00000020  00000010  00000010  RWIX
  CPU_TIMER0            00000c00   00000008  00000008  00000000  RWIX
  CPU_TIMER1            00000c08   00000008  00000008  00000000  RWIX
  CPU_TIMER2            00000c10   00000008  00000008  00000000  RWIX
  PIE_CTRL              00000ce0   00000020  0000001a  00000006  RWIX
  PIE_VECT              00000d00   00000100  00000100  00000000  RWIX
  PIE_VECT_CP           00000e00   00000100  00000100  00000000  RWIX
  DMA                   00001000   00000200  000000e0  00000120  RWIX
  ASYSCTRLCONFIG        00001700   00000080  00000078  00000008  RWIX
  HWBIST                00001780   00000040  00000030  00000010  RWIX
  FLASH_REGS            00004000   00000300  00000182  0000017e  RWIX
  FLASH_ECC             00004300   00000040  00000024  0000001c  RWIX
  M3PLL                 00004400   00000040  00000008  00000038  RWIX
  RAM_REGS              00004900   00000080  0000003e  00000042  RWIX
  RAM_ERR_REGS          00004a00   00000080  0000003e  00000042  RWIX
  CM_MC_IPC             00004e00   00000040  00000040  00000000  RWIX
  MCBSPA                00005000   00000040  00000024  0000001c  RWIX
  EPWM1                 00005100   00000080  00000080  00000000  RWIX
  EPWM2                 00005180   00000080  00000080  00000000  RWIX
  EPWM3                 00005200   00000080  00000080  00000000  RWIX
  EPWM4                 00005280   00000080  00000080  00000000  RWIX
  EPWM5                 00005300   00000080  00000080  00000000  RWIX
  EPWM6                 00005380   00000080  00000080  00000000  RWIX
  EPWM7                 00005400   00000080  00000080  00000000  RWIX
  EPWM8                 00005480   00000080  00000080  00000000  RWIX
  EPWM9                 00005500   00000080  00000080  00000000  RWIX
  EPWM10                00005580   00000080  00000080  00000000  RWIX
  EPWM11                00005600   00000080  00000000  00000080  RWIX
  EPWM12                00005680   00000080  00000000  00000080  RWIX
  ECAP1                 00005a00   00000020  00000020  00000000  RWIX
  ECAP2                 00005a20   00000020  00000020  00000000  RWIX
  ECAP3                 00005a40   00000020  00000020  00000000  RWIX
  ECAP4                 00005a60   00000020  00000020  00000000  RWIX
  ECAP5                 00005a80   00000020  00000020  00000000  RWIX
  ECAP6                 00005aa0   00000020  00000020  00000000  RWIX
  EQEP1                 00005b00   00000040  00000022  0000001e  RWIX
  EQEP2                 00005b40   00000040  00000022  0000001e  RWIX
  EQEP3                 00005b80   00000040  00000022  0000001e  RWIX
  GPIOG1REGS            00005f00   000000e0  000000e0  00000000  RWIX
  GPIOG1TRIP            00005fe0   00000020  00000020  00000000  RWIX
  COMP1                 00006400   00000020  00000007  00000019  RWIX
  COMP2                 00006420   00000020  00000007  00000019  RWIX
  COMP3                 00006440   00000020  00000007  00000019  RWIX
  COMP4                 00006460   00000020  00000007  00000019  RWIX
  COMP5                 00006480   00000020  00000007  00000019  RWIX
  COMP6                 000064a0   00000020  00000007  00000019  RWIX
  GPIOG2CTRL            00006f80   00000040  0000003c  00000004  RWIX
  GPIOG2DAT             00006fc0   00000020  00000020  00000000  RWIX
  SYSTEM                00007010   00000020  0000001d  00000003  RWIX
  SPIA                  00007040   00000010  00000010  00000000  RWIX
  SCIA                  00007050   00000010  00000010  00000000  RWIX
  NMIINTRUPT            00007060   00000010  00000006  0000000a  RWIX
  XINTRUPT              00007070   00000010  00000010  00000000  RWIX
  ADC1                  00007100   00000080  00000050  00000030  RWIX
  ADC2                  00007180   00000080  00000050  00000030  RWIX
  I2CA                  00007900   00000040  00000022  0000001e  RWIX
  RAML2                 0000a000   00001000  00000a0c  000005f4  RWIX
  RAML3                 0000b000   00001000  00000000  00001000  RWIX
  RAMS0                 0000c000   00001000  00000344  00000cbc  RWIX
  RAMS1                 0000d000   00001000  00000344  00000cbc  RWIX
  RAMS2                 0000e000   00001000  00000440  00000bc0  RWIX
  RAMS3                 0000f000   00001000  00000000  00001000  RWIX
  RAMS45                00010000   00002000  00002000  00000000  RWIX
  RAMS67                00012000   00002000  00002000  00000000  RWIX
  CTOMRAM               0003f800   00000380  00000024  0000035c  RWIX
  MTOCRAM               0003fc00   00000380  00000272  0000010e  RWIX
  FLASH_EXE_ONLY        0013fff2   00000002  00000002  00000000  RWIX
  ECSL_PWL              0013fff4   00000004  00000004  00000000  RWIX
  CSM_PWL               0013fff8   00000008  00000008  00000000  RWIX


SECTION ALLOCATION MAP

 output                                  attributes/
section   page    origin      length       input sections
--------  ----  ----------  ----------   ----------------
ramfuncs   0    00138000    00001ed5     RUN ADDR = 00008000
                  00138000    00000444     FAC_Full_ACDC_10kHz.obj (ramfuncs:retain)
                  00138444    00000387     FAP_DCDC_20kHz.obj (ramfuncs:retain)
                  001387cb    00000327     FAC_Full_DCDC_20kHz.obj (ramfuncs:retain)
                  00138af2    0000031b     FAC_ACDC_10kHz.obj (ramfuncs:retain)
                  00138e0d    000002c6     FAC_DCDC_20kHz.obj (ramfuncs:retain)
                  001390d3    00000278     FBP_100kHz.obj (ramfuncs:retain)
                  0013934b    000001d2     Test_HRADC.obj (ramfuncs:retain)
                  0013951d    0000019d     IPC_modules.obj (ramfuncs:retain)
                  001396ba    00000141     FAP_ACDC.obj (ramfuncs)
                  001397fb    000000ef     PWM_modules.obj (ramfuncs)
                  001398ea    000000de     ELP_DCL.obj (ramfuncs)
                  001399c8    000000de     Jiga_HRADC.obj (ramfuncs:retain)
                  00139aa6    000000d7     SigGen.obj (ramfuncs)
                  00139b7d    000000d2     FAP_DCDC_20kHz.obj (ramfuncs)
                  00139c4f    00000073     F28M36x_SysCtrl.obj (ramfuncs)
                  00139cc2    00000070     FAP_ACDC.obj (ramfuncs:retain)
                  00139d32    00000055     FAC_Full_ACDC_10kHz.obj (ramfuncs)
                  00139d87    0000004b     IPC_modules.obj (ramfuncs)
                  00139dd2    00000049     FAC_ACDC_10kHz.obj (ramfuncs)
                  00139e1b    00000042     FBP_100kHz.obj (ramfuncs)
                  00139e5d    0000003b     FAC_DCDC_20kHz.obj (ramfuncs)
                  00139e98    00000039     FAC_Full_DCDC_20kHz.obj (ramfuncs)
                  00139ed1    00000004     F28M36x_usDelay.obj (ramfuncs)

.cinit     0    0013e11c    000000a7     
                  0013e11c    00000030     ELP_DCL.obj (.cinit)
                  0013e14c    00000027     Jiga_HRADC.obj (.cinit)
                  0013e173    00000015     PWM_modules.obj (.cinit)
                  0013e188    0000000e     rts2800_fpu32.lib : exit.obj (.cinit)
                  0013e196    0000000d     Test_HRADC.obj (.cinit)
                  0013e1a3    0000000c     DMA_SPI_Interface.obj (.cinit)
                  0013e1af    00000005     rts2800_fpu32.lib : _lock.obj (.cinit:__lock)
                  0013e1b4    00000005                       : _lock.obj (.cinit:__unlock)
                  0013e1b9    00000004     SFO_TI_Build_V7_FPU.lib : SFO_v7_fpu_lib_build_c28.obj (.cinit)
                  0013e1bd    00000004     rts2800_fpu32.lib : errno.obj (.cinit)
                  0013e1c1    00000002     --HOLE-- [fill = 0]

.stack     1    00000080    00000300     UNINITIALIZED
                  00000080    00000300     --HOLE--

DevEmuRegsFile 
*          1    00000880    00000042     UNINITIALIZED
                  00000880    00000042     F28M36x_GlobalVariableDefs.obj (DevEmuRegsFile)

CsmRegsFile 
*          1    00000ae0    00000016     UNINITIALIZED
                  00000ae0    00000016     F28M36x_GlobalVariableDefs.obj (CsmRegsFile)

AdcResultFile 
*          1    00000b00    00000010     UNINITIALIZED
                  00000b00    00000010     F28M36x_GlobalVariableDefs.obj (AdcResultFile)

Adc1ResultFile 
*          1    00000b00    00000010     UNINITIALIZED
                  00000b00    00000010     F28M36x_GlobalVariableDefs.obj (Adc1ResultFile)

Adc2ResultFile 
*          1    00000b40    00000010     UNINITIALIZED
                  00000b40    00000010     F28M36x_GlobalVariableDefs.obj (Adc2ResultFile)

CpuTimer0RegsFile 
*          1    00000c00    00000008     UNINITIALIZED
                  00000c00    00000008     F28M36x_GlobalVariableDefs.obj (CpuTimer0RegsFile)

CpuTimer1RegsFile 
*          1    00000c08    00000008     UNINITIALIZED
                  00000c08    00000008     F28M36x_GlobalVariableDefs.obj (CpuTimer1RegsFile)

CpuTimer2RegsFile 
*          1    00000c10    00000008     UNINITIALIZED
                  00000c10    00000008     F28M36x_GlobalVariableDefs.obj (CpuTimer2RegsFile)

PieCtrlRegsFile 
*          1    00000ce0    0000001a     UNINITIALIZED
                  00000ce0    0000001a     F28M36x_GlobalVariableDefs.obj (PieCtrlRegsFile)

PieVectTableFile 
*          1    00000d00    00000100     UNINITIALIZED
                  00000d00    00000100     F28M36x_GlobalVariableDefs.obj (PieVectTableFile)

EmuKeyVar 
*          1    00000d00    00000000     UNINITIALIZED

EmuBModeVar 
*          1    00000d00    00000000     UNINITIALIZED

FlashCallbackVar 
*          1    00000d00    00000000     UNINITIALIZED

FlashScalingVar 
*          1    00000d00    00000000     UNINITIALIZED

PieVectTableCopyFile 
*          1    00000e00    00000100     UNINITIALIZED
                  00000e00    00000100     F28M36x_GlobalVariableDefs.obj (PieVectTableCopyFile)

DmaRegsFile 
*          1    00001000    000000e0     UNINITIALIZED
                  00001000    000000e0     F28M36x_GlobalVariableDefs.obj (DmaRegsFile)

AnalogSysctrlRegsFile 
*          1    00001700    00000078     UNINITIALIZED
                  00001700    00000078     F28M36x_GlobalVariableDefs.obj (AnalogSysctrlRegsFile)

HWBistRegsFile 
*          1    00001780    00000030     UNINITIALIZED
                  00001780    00000030     F28M36x_GlobalVariableDefs.obj (HWBistRegsFile)

FlashCtrlRegsFile 
*          1    00004000    00000182     UNINITIALIZED
                  00004000    00000182     F28M36x_GlobalVariableDefs.obj (FlashCtrlRegsFile)

FlashEccRegsFile 
*          1    00004300    00000024     UNINITIALIZED
                  00004300    00000024     F28M36x_GlobalVariableDefs.obj (FlashEccRegsFile)

M3PllRegsFile 
*          1    00004400    00000008     UNINITIALIZED
                  00004400    00000008     F28M36x_GlobalVariableDefs.obj (M3PllRegsFile)

RAMRegsFile 
*          1    00004900    0000003e     UNINITIALIZED
                  00004900    0000003e     F28M36x_GlobalVariableDefs.obj (RAMRegsFile)

RAMErrRegsFile 
*          1    00004a00    0000003e     UNINITIALIZED
                  00004a00    0000003e     F28M36x_GlobalVariableDefs.obj (RAMErrRegsFile)

CtoMIpcRegsFile 
*          1    00004e00    00000040     UNINITIALIZED
                  00004e00    00000040     F28M36x_GlobalVariableDefs.obj (CtoMIpcRegsFile)

McbspaRegsFile 
*          1    00005000    00000024     UNINITIALIZED
                  00005000    00000024     F28M36x_GlobalVariableDefs.obj (McbspaRegsFile)

EPwm1RegsFile 
*          1    00005100    00000080     UNINITIALIZED
                  00005100    00000080     F28M36x_GlobalVariableDefs.obj (EPwm1RegsFile)

EPwm2RegsFile 
*          1    00005180    00000080     UNINITIALIZED
                  00005180    00000080     F28M36x_GlobalVariableDefs.obj (EPwm2RegsFile)

EPwm3RegsFile 
*          1    00005200    00000080     UNINITIALIZED
                  00005200    00000080     F28M36x_GlobalVariableDefs.obj (EPwm3RegsFile)

EPwm4RegsFile 
*          1    00005280    00000080     UNINITIALIZED
                  00005280    00000080     F28M36x_GlobalVariableDefs.obj (EPwm4RegsFile)

EPwm5RegsFile 
*          1    00005300    00000080     UNINITIALIZED
                  00005300    00000080     F28M36x_GlobalVariableDefs.obj (EPwm5RegsFile)

EPwm6RegsFile 
*          1    00005380    00000080     UNINITIALIZED
                  00005380    00000080     F28M36x_GlobalVariableDefs.obj (EPwm6RegsFile)

EPwm7RegsFile 
*          1    00005400    00000080     UNINITIALIZED
                  00005400    00000080     F28M36x_GlobalVariableDefs.obj (EPwm7RegsFile)

EPwm8RegsFile 
*          1    00005480    00000080     UNINITIALIZED
                  00005480    00000080     F28M36x_GlobalVariableDefs.obj (EPwm8RegsFile)

EPwm9RegsFile 
*          1    00005500    00000080     UNINITIALIZED
                  00005500    00000080     F28M36x_GlobalVariableDefs.obj (EPwm9RegsFile)

EPwm10RegsFile 
*          1    00005580    00000080     UNINITIALIZED
                  00005580    00000080     F28M36x_GlobalVariableDefs.obj (EPwm10RegsFile)

SysCtrlRegsFile 
*          1    00007010    0000001d     UNINITIALIZED
                  00007010    0000001d     F28M36x_GlobalVariableDefs.obj (SysCtrlRegsFile)

SpiaRegsFile 
*          1    00007040    00000010     UNINITIALIZED
                  00007040    00000010     F28M36x_GlobalVariableDefs.obj (SpiaRegsFile)

SciaRegsFile 
*          1    00007050    00000010     UNINITIALIZED
                  00007050    00000010     F28M36x_GlobalVariableDefs.obj (SciaRegsFile)

NmiIntruptRegsFile 
*          1    00007060    00000006     UNINITIALIZED
                  00007060    00000006     F28M36x_GlobalVariableDefs.obj (NmiIntruptRegsFile)

XIntruptRegsFile 
*          1    00007070    00000010     UNINITIALIZED
                  00007070    00000010     F28M36x_GlobalVariableDefs.obj (XIntruptRegsFile)

AdcRegsFile 
*          1    00007100    00000050     UNINITIALIZED
                  00007100    00000050     F28M36x_GlobalVariableDefs.obj (AdcRegsFile)

Adc1RegsFile 
*          1    00007100    00000050     UNINITIALIZED
                  00007100    00000050     F28M36x_GlobalVariableDefs.obj (Adc1RegsFile)

Adc2RegsFile 
*          1    00007180    00000050     UNINITIALIZED
                  00007180    00000050     F28M36x_GlobalVariableDefs.obj (Adc2RegsFile)

I2caRegsFile 
*          1    00007900    00000022     UNINITIALIZED
                  00007900    00000022     F28M36x_GlobalVariableDefs.obj (I2caRegsFile)

ECap1RegsFile 
*          1    00005a00    00000020     UNINITIALIZED
                  00005a00    00000020     F28M36x_GlobalVariableDefs.obj (ECap1RegsFile)

ECap2RegsFile 
*          1    00005a20    00000020     UNINITIALIZED
                  00005a20    00000020     F28M36x_GlobalVariableDefs.obj (ECap2RegsFile)

ECap3RegsFile 
*          1    00005a40    00000020     UNINITIALIZED
                  00005a40    00000020     F28M36x_GlobalVariableDefs.obj (ECap3RegsFile)

ECap4RegsFile 
*          1    00005a60    00000020     UNINITIALIZED
                  00005a60    00000020     F28M36x_GlobalVariableDefs.obj (ECap4RegsFile)

ECap5RegsFile 
*          1    00005a80    00000020     UNINITIALIZED
                  00005a80    00000020     F28M36x_GlobalVariableDefs.obj (ECap5RegsFile)

ECap6RegsFile 
*          1    00005aa0    00000020     UNINITIALIZED
                  00005aa0    00000020     F28M36x_GlobalVariableDefs.obj (ECap6RegsFile)

EQep1RegsFile 
*          1    00005b00    00000022     UNINITIALIZED
                  00005b00    00000022     F28M36x_GlobalVariableDefs.obj (EQep1RegsFile)

EQep2RegsFile 
*          1    00005b40    00000022     UNINITIALIZED
                  00005b40    00000022     F28M36x_GlobalVariableDefs.obj (EQep2RegsFile)

EQep3RegsFile 
*          1    00005b80    00000022     UNINITIALIZED
                  00005b80    00000022     F28M36x_GlobalVariableDefs.obj (EQep3RegsFile)

GpioCtrlRegsFile 
*          1    00005f00    000000e0     UNINITIALIZED
                  00005f00    000000e0     F28M36x_GlobalVariableDefs.obj (GpioCtrlRegsFile)

GpioG1CtrlRegsFile 
*          1    00005f00    000000e0     UNINITIALIZED
                  00005f00    000000e0     F28M36x_GlobalVariableDefs.obj (GpioG1CtrlRegsFile)

GpioDataRegsFile 
*          1    00005f00    000000e0     UNINITIALIZED
                  00005f00    000000e0     F28M36x_GlobalVariableDefs.obj (GpioDataRegsFile)

GpioG1DataRegsFile 
*          1    00005f00    000000e0     UNINITIALIZED
                  00005f00    000000e0     F28M36x_GlobalVariableDefs.obj (GpioG1DataRegsFile)

GpioTripRegsFile 
*          1    00005fe0    00000020     UNINITIALIZED
                  00005fe0    00000020     F28M36x_GlobalVariableDefs.obj (GpioTripRegsFile)

GpioG1TripRegsFile 
*          1    00005fe0    00000020     UNINITIALIZED
                  00005fe0    00000020     F28M36x_GlobalVariableDefs.obj (GpioG1TripRegsFile)

Comp1RegsFile 
*          1    00006400    00000007     UNINITIALIZED
                  00006400    00000007     F28M36x_GlobalVariableDefs.obj (Comp1RegsFile)

Comp2RegsFile 
*          1    00006420    00000007     UNINITIALIZED
                  00006420    00000007     F28M36x_GlobalVariableDefs.obj (Comp2RegsFile)

Comp3RegsFile 
*          1    00006440    00000007     UNINITIALIZED
                  00006440    00000007     F28M36x_GlobalVariableDefs.obj (Comp3RegsFile)

Comp4RegsFile 
*          1    00006460    00000007     UNINITIALIZED
                  00006460    00000007     F28M36x_GlobalVariableDefs.obj (Comp4RegsFile)

Comp5RegsFile 
*          1    00006480    00000007     UNINITIALIZED
                  00006480    00000007     F28M36x_GlobalVariableDefs.obj (Comp5RegsFile)

Comp6RegsFile 
*          1    000064a0    00000007     UNINITIALIZED
                  000064a0    00000007     F28M36x_GlobalVariableDefs.obj (Comp6RegsFile)

GpioG2CtrlRegsFile 
*          1    00006f80    0000003c     UNINITIALIZED
                  00006f80    0000003c     F28M36x_GlobalVariableDefs.obj (GpioG2CtrlRegsFile)

GpioG2DataRegsFile 
*          1    00006fc0    00000020     UNINITIALIZED
                  00006fc0    00000020     F28M36x_GlobalVariableDefs.obj (GpioG2DataRegsFile)

FlashExeOnlyFile 
*          1    0013fff2    00000002     UNINITIALIZED
                  0013fff2    00000002     F28M36x_GlobalVariableDefs.obj (FlashExeOnlyFile)

EcslPwlFile 
*          1    0013fff4    00000004     UNINITIALIZED
                  0013fff4    00000004     F28M36x_GlobalVariableDefs.obj (EcslPwlFile)

CsmPwlFile 
*          1    0013fff8    00000008     UNINITIALIZED
                  0013fff8    00000008     F28M36x_GlobalVariableDefs.obj (CsmPwlFile)

.pinit     0    0013e000    00000000     UNINITIALIZED

.text      0    0013a000    00002dbf     
                  0013a000    000003d0     FAC_Full_ACDC_10kHz.obj (.text)
                  0013a3d0    0000035f     F28M36x_DefaultIsr.obj (.text:retain)
                  0013a72f    00000319     HRADC_Boards.obj (.text)
                  0013aa48    000002b1     FAC_ACDC_10kHz.obj (.text)
                  0013acf9    00000275     FAP_DCDC_20kHz.obj (.text)
                  0013af6e    00000253     FAC_Full_DCDC_20kHz.obj (.text)
                  0013b1c1    00000243     ELP_DCL.obj (.text)
                  0013b404    00000205     FAC_DCDC_20kHz.obj (.text)
                  0013b609    000001e6     FBP_100kHz.obj (.text)
                  0013b7ef    000001e6     PWM_modules.obj (.text)
                  0013b9d5    0000019d     Jiga_HRADC.obj (.text)
                  0013bb72    0000018b     Test_HRADC.obj (.text)
                  0013bcfd    0000016b     SigGen.obj (.text)
                  0013be68    00000165     DP_framework.obj (.text)
                  0013bfcd    00000140     SFO_TI_Build_V7_FPU.lib : SFO_v7_fpu_lib_build_c28.obj (.text)
                  0013c10d    00000120     FAP_ACDC.obj (.text)
                  0013c22d    00000111     rts2800_fpu32.lib : e_expf.obj (.text)
                  0013c33e    00000106     F28M36x_SysCtrl.obj (.text)
                  0013c444    00000104     McBSP_SPI_Interface.obj (.text)
                  0013c548    00000103     F28M36x_Mcbsp.obj (.text)
                  0013c64b    000000de     Test_HRPWM.obj (.text)
                  0013c729    000000dd     DMA_SPI_Interface.obj (.text)
                  0013c806    000000a1     F28M36x_EPwm.obj (.text)
                  0013c8a7    00000089     IPC_modules.obj (.text)
                  0013c930    00000088     rts2800_fpu32.lib : fs_div.obj (.text)
                  0013c9b8    0000007c     DMA_SPI_Interface.obj (.text:retain)
                  0013ca34    00000061     rts2800_fpu32.lib : s_cosf.obj (.text)
                  0013ca95    0000005c     F28M36x_CpuTimers.obj (.text)
                  0013caf1    00000058     rts2800_fpu32.lib : s_sinf.obj (.text)
                  0013cb49    00000056     F28M36x_ELP_DRS.obj (.text)
                  0013cb9f    00000056     rts2800_fpu32.lib : boot.obj (.text)
                  0013cbf5    00000054     main.obj (.text)
                  0013cc49    00000046     rts2800_fpu32.lib : cpy_tbl.obj (.text)
                  0013cc8f    0000002d     F28M36x_PieCtrl.obj (.text)
                  0013ccbc    00000029     rts2800_fpu32.lib : exit.obj (.text)
                  0013cce5    0000001e                       : memcpy.obj (.text)
                  0013cd03    0000001a     Jiga_HRADC.obj (.text:retain)
                  0013cd1d    0000001a     Test_HRADC.obj (.text:retain)
                  0013cd37    0000001a     rts2800_fpu32.lib : cpy_utils.obj (.text)
                  0013cd51    00000019                       : args_main.obj (.text)
                  0013cd6a    00000019                       : prolog.obj (.text)
                  0013cd83    00000013     TimeSlicer.obj (.text)
                  0013cd96    00000011     F28M36x_PieVect.obj (.text)
                  0013cda7    0000000c     rts2800_fpu32.lib : epilog.obj (.text)
                  0013cdb3    00000009                       : _lock.obj (.text)
                  0013cdbc    00000002                       : pre_init.obj (.text)
                  0013cdbe    00000001                       : startup.obj (.text)

codestart 
*          0    0013fff0    00000002     
                  0013fff0    00000002     F28M36x_CodeStartBranch.obj (codestart)

GETBUFFER 
*          0    0003fc00    00000000     DSECT

GETWRITEIDX 
*          0    0003fc00    00000000     DSECT

PUTREADIDX 
*          0    0003fc00    00000000     DSECT

.ebss      1    0000a000    00000a0c     UNINITIALIZED
                  0000a000    00000840     Test_HRPWM.obj (.ebss)
                  0000a840    000000a4     Test_HRADC.obj (.ebss)
                  0000a8e4    00000018     F28M36x_CpuTimers.obj (.ebss)
                  0000a8fc    00000003     FAP_ACDC.obj (.ebss)
                  0000a8ff    00000001     rts2800_fpu32.lib : errno.obj (.ebss)
                  0000a900    0000002e     PWM_modules.obj (.ebss)
                  0000a92e    0000000e     FAC_Full_ACDC_10kHz.obj (.ebss)
                  0000a93c    00000002     rts2800_fpu32.lib : _lock.obj (.ebss:__lock)
                  0000a93e    00000002                       : _lock.obj (.ebss:__unlock)
                  0000a940    00000028     Jiga_HRADC.obj (.ebss)
                  0000a968    0000000c     FAP_DCDC_20kHz.obj (.ebss)
                  0000a974    0000000c     TimeSlicer.obj (.ebss)
                  0000a980    0000001e     ELP_DCL.obj (.ebss)
                  0000a99e    0000001e     SigGen.obj (.ebss)
                  0000a9bc    00000004     --HOLE--
                  0000a9c0    0000000b     SFO_TI_Build_V7_FPU.lib : SFO_v7_fpu_lib_build_c28.obj (.ebss)
                  0000a9cb    00000001     --HOLE--
                  0000a9cc    0000000a     FAC_ACDC_10kHz.obj (.ebss)
                  0000a9d6    00000008     DMA_SPI_Interface.obj (.ebss)
                  0000a9de    00000008     FAC_DCDC_20kHz.obj (.ebss)
                  0000a9e6    00000008     FAC_Full_DCDC_20kHz.obj (.ebss)
                  0000a9ee    00000008     FBP_100kHz.obj (.ebss)
                  0000a9f6    00000008     IPC_modules.obj (.ebss)
                  0000a9fe    00000002     --HOLE--
                  0000aa00    00000006     HRADC_Boards.obj (.ebss)
                  0000aa06    00000006     rts2800_fpu32.lib : exit.obj (.ebss)

SHARERAMS0 
*          1    0000c000    00000344     UNINITIALIZED
                  0000c000    00000344     DP_framework.obj (SHARERAMS0)

SHARERAMS1 
*          1    0000d000    00000344     UNINITIALIZED
                  0000d000    00000344     DP_framework.obj (SHARERAMS1)

SHARERAMS2 
*          1    0000e000    00000440     UNINITIALIZED
                  0000e000    00000218     HRADC_Boards.obj (SHARERAMS2)
                  0000e218    00000028     --HOLE--
                  0000e240    00000200     DMA_SPI_Interface.obj (SHARERAMS2)

SHARERAMS45 
*          1    00010000    00002000     UNINITIALIZED
                  00010000    00002000     IPC_modules.obj (SHARERAMS45)

SHARERAMS67 
*          1    00012000    00002000     UNINITIALIZED
                  00012000    00002000     IPC_modules.obj (SHARERAMS67)

CTOM_MSG_RAM 
*          1    0003f800    00000024     UNINITIALIZED
                  0003f800    00000024     IPC_modules.obj (CTOM_MSG_RAM)

MTOC_MSG_RAM 
*          1    0003fc00    00000272     UNINITIALIZED
                  0003fc00    00000272     IPC_modules.obj (MTOC_MSG_RAM)

.econst    0    0013e000    0000011c     
                  0013e000    00000100     F28M36x_PieVect.obj (.econst:_PieVectTableInit)
                  0013e100    00000010     rts2800_fpu32.lib : e_expf.obj (.econst)
                  0013e110    00000004                       : e_expf.obj (.econst:_halF)
                  0013e114    00000004                       : e_expf.obj (.econst:_ln2HI)
                  0013e118    00000004                       : e_expf.obj (.econst:_ln2LO)

.reset     0    003fffc0    00000002     DSECT
                  003fffc0    00000002     rts2800_fpu32.lib : boot.obj (.reset)

vectors    0    003fffc2    00000000     DSECT

MODULE SUMMARY

       Module                           code    ro data   rw data
       ------                           ----    -------   -------
    ./
       main.obj                         84      0         0      
    +--+--------------------------------+-------+---------+---------+
       Total:                           84      0         0      
                                                                 
    ./F28M36x_ELP_DRS/
       F28M36x_ELP_DRS.obj              86      0         0      
    +--+--------------------------------+-------+---------+---------+
       Total:                           86      0         0      
                                                                 
    ./F28M36x_ELP_DRS/DP_framework/
       DP_framework.obj                 357     0         1672   
    +--+--------------------------------+-------+---------+---------+
       Total:                           357     0         1672   
                                                                 
    ./F28M36x_ELP_DRS/DP_framework/ELP_DCL/
       ELP_DCL.obj                      1023    0         78     
    +--+--------------------------------+-------+---------+---------+
       Total:                           1023    0         78     
                                                                 
    ./F28M36x_ELP_DRS/DP_framework/SigGen/
       SigGen.obj                       793     0         30     
    +--+--------------------------------+-------+---------+---------+
       Total:                           793     0         30     
                                                                 
    ./F28M36x_ELP_DRS/DP_framework/TimeSlicer/
       TimeSlicer.obj                   19      0         12     
    +--+--------------------------------+-------+---------+---------+
       Total:                           19      0         12     
                                                                 
    ./F28M36x_ELP_DRS/HRADC_board/
       HRADC_Boards.obj                 793     0         542    
       DMA_SPI_Interface.obj            345     0         532    
       McBSP_SPI_Interface.obj          260     0         0      
    +--+--------------------------------+-------+---------+---------+
       Total:                           1398    0         1074   
                                                                 
    ./F28M36x_ELP_DRS/IPC_modules/
       IPC_modules.obj                  1113    0         17054  
    +--+--------------------------------+-------+---------+---------+
       Total:                           1113    0         17054  
                                                                 
    ./F28M36x_ELP_DRS/PS_modules/
       FAC_Full_ACDC_10kHz.obj          3330    0         14     
       FAP_DCDC_20kHz.obj               2855    0         12     
       FAC_ACDC_10kHz.obj               2425    0         10     
       Test_HRPWM.obj                   222     0         2112   
       FAC_Full_DCDC_20kHz.obj          2323    0         8      
       FAC_DCDC_20kHz.obj               2055    0         8      
       FBP_100kHz.obj                   1882    0         8      
       Test_HRADC.obj                   1353    0         177    
       FAP_ACDC.obj                     1154    0         3      
       Jiga_HRADC.obj                   883     0         79     
    +--+--------------------------------+-------+---------+---------+
       Total:                           18482   0         2431   
                                                                 
    ./F28M36x_ELP_DRS/PWM_modules/
       PWM_modules.obj                  964     0         67     
    +--+--------------------------------+-------+---------+---------+
       Total:                           964     0         67     
                                                                 
    ./source/
       F28M36x_DefaultIsr.obj           863     0         0      
       F28M36x_SysCtrl.obj              492     0         0      
       F28M36x_PieVect.obj              17      0         256    
       F28M36x_Mcbsp.obj                259     0         0      
       F28M36x_EPwm.obj                 161     0         0      
       F28M36x_CpuTimers.obj            92      0         24     
       F28M36x_PieCtrl.obj              45      0         0      
       F28M36x_usDelay.obj              8       0         0      
       F28M36x_CodeStartBranch.obj      2       0         0      
    +--+--------------------------------+-------+---------+---------+
       Total:                           1939    0         280    
                                                                 
    ./source2/
       F28M36x_GlobalVariableDefs.obj   0       0         4783   
    +--+--------------------------------+-------+---------+---------+
       Total:                           0       0         4783   
                                                                 
    /home/gabriel/LNLS/DRS/Firmware/C28/F28M36x_common/lib/SFO_TI_Build_V7_FPU.lib
       SFO_v7_fpu_lib_build_c28.obj     320     0         15     
    +--+--------------------------------+-------+---------+---------+
       Total:                           320     0         15     
                                                                 
    /home/gabriel/ti/ccsv6/tools/compiler/ti-cgt-c2000_15.12.1.LTS/lib/rts2800_fpu32.lib
       e_expf.obj                       273     0         28     
       fs_div.obj                       136     0         0      
       s_cosf.obj                       97      0         0      
       s_sinf.obj                       88      0         0      
       boot.obj                         86      0         0      
       cpy_tbl.obj                      70      0         0      
       exit.obj                         41      0         20     
       memcpy.obj                       30      0         0      
       cpy_utils.obj                    26      0         0      
       args_main.obj                    25      0         0      
       prolog.obj                       25      0         0      
       _lock.obj                        9       0         14     
       epilog.obj                       12      0         0      
       errno.obj                        0       0         5      
       pre_init.obj                     2       0         0      
       startup.obj                      1       0         0      
    +--+--------------------------------+-------+---------+---------+
       Total:                           921     0         67     
                                                                 
       Stack:                           0       0         768    
    +--+--------------------------------+-------+---------+---------+
       Grand Total:                     27499   0         28331  


GLOBAL DATA SYMBOLS: SORTED BY DATA PAGE

address     data page           name
--------    ----------------    ----
00000080       2 (00000080)     __stack

00000880      22 (00000880)     _DevEmuRegs

00000ae0      2b (00000ac0)     _CsmRegs

00000b00      2c (00000b00)     _Adc1Result
00000b00      2c (00000b00)     _AdcResult

00000b40      2d (00000b40)     _Adc2Result

00000c00      30 (00000c00)     _CpuTimer0Regs
00000c08      30 (00000c00)     _CpuTimer1Regs
00000c10      30 (00000c00)     _CpuTimer2Regs

00000ce0      33 (00000cc0)     _PieCtrlRegs

00000d00      34 (00000d00)     _PieVectTable

00000e00      38 (00000e00)     _PieVectTableCopy

00001000      40 (00001000)     _DmaRegs

00001700      5c (00001700)     _AnalogSysctrlRegs

00001780      5e (00001780)     _HWBistRegs

00004000     100 (00004000)     _FlashCtrlRegs

00004300     10c (00004300)     _FlashEccRegs

00004400     110 (00004400)     _M3PllRegs

00004900     124 (00004900)     _RAMRegs

00004a00     128 (00004a00)     _RAMErrRegs

00004e00     138 (00004e00)     _CtoMIpcRegs

00005000     140 (00005000)     _McbspaRegs

00005100     144 (00005100)     _EPwm1Regs

00005180     146 (00005180)     _EPwm2Regs

00005200     148 (00005200)     _EPwm3Regs

00005280     14a (00005280)     _EPwm4Regs

00005300     14c (00005300)     _EPwm5Regs

00005380     14e (00005380)     _EPwm6Regs

00005400     150 (00005400)     _EPwm7Regs

00005480     152 (00005480)     _EPwm8Regs

00005500     154 (00005500)     _EPwm9Regs

00005580     156 (00005580)     _EPwm10Regs

00005a00     168 (00005a00)     _ECap1Regs
00005a20     168 (00005a00)     _ECap2Regs

00005a40     169 (00005a40)     _ECap3Regs
00005a60     169 (00005a40)     _ECap4Regs

00005a80     16a (00005a80)     _ECap5Regs
00005aa0     16a (00005a80)     _ECap6Regs

00005b00     16c (00005b00)     _EQep1Regs

00005b40     16d (00005b40)     _EQep2Regs

00005b80     16e (00005b80)     _EQep3Regs

00005f00     17c (00005f00)     _GpioCtrlRegs
00005f00     17c (00005f00)     _GpioDataRegs
00005f00     17c (00005f00)     _GpioG1CtrlRegs
00005f00     17c (00005f00)     _GpioG1DataRegs

00005fe0     17f (00005fc0)     _GpioG1TripRegs
00005fe0     17f (00005fc0)     _GpioTripRegs

00006400     190 (00006400)     _Comp1Regs
00006420     190 (00006400)     _Comp2Regs

00006440     191 (00006440)     _Comp3Regs
00006460     191 (00006440)     _Comp4Regs

00006480     192 (00006480)     _Comp5Regs
000064a0     192 (00006480)     _Comp6Regs

00006f80     1be (00006f80)     _GpioG2CtrlRegs

00006fc0     1bf (00006fc0)     _GpioG2DataRegs

00007010     1c0 (00007000)     _SysCtrlRegs

00007040     1c1 (00007040)     _SpiaRegs
00007050     1c1 (00007040)     _SciaRegs
00007060     1c1 (00007040)     _NmiIntruptRegs
00007070     1c1 (00007040)     _XIntruptRegs

00007100     1c4 (00007100)     _Adc1Regs
00007100     1c4 (00007100)     _AdcRegs

00007180     1c6 (00007180)     _Adc2Regs

00007900     1e4 (00007900)     _I2caRegs

0000a841     2a1 (0000a840)     _enableRailsMonitor
0000a842     2a1 (0000a840)     _SendCommand
0000a844     2a1 (0000a840)     _AnalogInput
0000a845     2a1 (0000a840)     _enableHeater
0000a846     2a1 (0000a840)     _ID
0000a847     2a1 (0000a840)     _SamplingEnable
0000a848     2a1 (0000a840)     _valorCounter
0000a84a     2a1 (0000a840)     _HRADC0
0000a84e     2a1 (0000a840)     _HRADC3
0000a852     2a1 (0000a840)     _HRADC1
0000a858     2a1 (0000a840)     _HRADC2

0000a880     2a2 (0000a880)     _UFM_buffer

0000a8e4     2a3 (0000a8c0)     _CpuTimer1
0000a8ec     2a3 (0000a8c0)     _CpuTimer2
0000a8f4     2a3 (0000a8c0)     _CpuTimer0
0000a8ff     2a3 (0000a8c0)     _errno

0000a900     2a4 (0000a900)     _MEP_ScaleFactor
0000a901     2a4 (0000a900)     _SFO_status
0000a902     2a4 (0000a900)     _ePWM
0000a914     2a4 (0000a900)     _PWM_Modules
0000a93c     2a4 (0000a900)     __lock
0000a93e     2a4 (0000a900)     __unlock

0000a96c     2a5 (0000a940)     _valorCounter2
0000a970     2a5 (0000a940)     _oldValue
0000a974     2a5 (0000a940)     _TimeSlicer

0000a980     2a6 (0000a980)     _a_coeff_LPF_Iin
0000a984     2a6 (0000a980)     _a_coeff_IIR_Vdc_ctrl
0000a988     2a6 (0000a980)     _a_coeff_NF_Vdc
0000a98c     2a6 (0000a980)     _b_coeff_NF_Vdc
0000a992     2a6 (0000a980)     _b_coeff_IIR_Vdc_ctrl
0000a998     2a6 (0000a980)     _b_coeff_LPF_Iin
0000a99e     2a6 (0000a980)     _SignalGenerator

0000a9c5     2a7 (0000a9c0)     _SFO_CAL
0000a9c6     2a7 (0000a9c0)     _MEP_SF
0000a9d6     2a7 (0000a9c0)     _i_rdata
0000a9d8     2a7 (0000a9c0)     _dummy_data
0000a9da     2a7 (0000a9c0)     _DMATransferSize
0000a9f6     2a7 (0000a9c0)     _wfmSyncFlag
0000a9fa     2a7 (0000a9c0)     _IPC_PS_funcs

0000aa02     2a8 (0000aa00)     _AverageFilter
0000aa04     2a8 (0000aa00)     _counterErrorSendCommand
0000aa06     2a8 (0000aa00)     ___TI_enable_exit_profile_output
0000aa08     2a8 (0000aa00)     ___TI_cleanup_ptr
0000aa0a     2a8 (0000aa00)     ___TI_dtors_ptr

0000c000     300 (0000c000)     _DP_Framework_MtoC

0000d000     340 (0000d000)     _DP_Framework

0000e000     380 (0000e000)     _HRADCs_Info

0000e040     381 (0000e040)     _HRADC1_board

0000e0c0     383 (0000e0c0)     _HRADC2_board

0000e140     385 (0000e140)     _HRADC0_board

0000e1c0     387 (0000e1c0)     _HRADC3_board

0000e240     389 (0000e240)     _buffers_HRADC

00010000     400 (00010000)     _samplesBuffer

00012000     480 (00012000)     _wfmRef_Curve

0003f800     fe0 (0003f800)     _IPC_CtoM_Msg

0003fc00     ff0 (0003fc00)     _IPC_MtoC_Msg

0003fcc0     ff3 (0003fcc0)     _IPC_MtoC_Param

0013e000    4f80 (0013e000)     _PieVectTableInit

0013fff2    4fff (0013ffc0)     _FlashExeOnly
0013fff4    4fff (0013ffc0)     _EcslPwl
0013fff8    4fff (0013ffc0)     _CsmPwl


GLOBAL SYMBOLS: SORTED ALPHABETICALLY BY Name 

page  address   name                            
----  -------   ----                            
0     0013a000  .text                           
0     0013ccbc  C$$EXIT                         
0     0013c930  FS$$DIV                         
0     0013a725  _ADCINT1_ISR                    
0     0013a71b  _ADCINT2_ISR                    
0     0013a711  _ADCINT3_ISR                    
0     0013a707  _ADCINT4_ISR                    
0     0013a6fd  _ADCINT5_ISR                    
0     0013a6f3  _ADCINT6_ISR                    
0     0013a6e9  _ADCINT7_ISR                    
0     0013a6df  _ADCINT8_ISR                    
1     00007100  _Adc1Regs                       
1     00000b00  _Adc1Result                     
1     00007180  _Adc2Regs                       
1     00000b40  _Adc2Result                     
1     00007100  _AdcRegs                        
1     00000b00  _AdcResult                      
1     0000a844  _AnalogInput                    
1     00001700  _AnalogSysctrlRegs              
1     0000aa02  _AverageFilter                  
0     0013b402  _Bypass_ELP_SRLim               
0     0013a6d5  _CFLFSM_ISR                     
0     0013a6cb  _CFLSINGERR_ISR                 
0     0013a6c1  _CRAMACCVIOL_ISR                
0     0013a6b7  _CRAMSINGERR_ISR                
0     0013c438  _CSMSecurityStatus              
0     0013a936  _CheckStatus_HRADC              
1     00006400  _Comp1Regs                      
1     00006420  _Comp2Regs                      
1     00006440  _Comp3Regs                      
1     00006460  _Comp4Regs                      
1     00006480  _Comp5Regs                      
1     000064a0  _Comp6Regs                      
0     0013cad0  _ConfigCpuTimer                 
0     0013bf20  _ConfigDP_Module                
0     0013be7b  _ConfigDP_Module_AllParam       
0     00009d8c  _ConfigPSOpMode                 
0     0013aa14  _Config_HRADC_Sampling_OpMode   
0     0013a9d4  _Config_HRADC_SoC               
0     0013a99b  _Config_HRADC_UFM_OpMode        
0     0013a94f  _Config_HRADC_board             
1     0000a8f4  _CpuTimer0                      
1     00000c00  _CpuTimer0Regs                  
1     0000a8e4  _CpuTimer1                      
1     00000c08  _CpuTimer1Regs                  
1     0000a8ec  _CpuTimer2                      
1     00000c10  _CpuTimer2Regs                  
1     0013fff8  _CsmPwl                         
1     00000ae0  _CsmRegs                        
0     0013c417  _CsmUnlock                      
1     00004e00  _CtoMIpcRegs                    
0     0013a6ad  _DATALOG_ISR                    
0     0013a6a3  _DINTCH1_ISR                    
0     0013a699  _DINTCH2_ISR                    
0     0013a68f  _DINTCH3_ISR                    
0     0013a685  _DINTCH4_ISR                    
0     0013a67b  _DINTCH5_ISR                    
0     0013a671  _DINTCH6_ISR                    
1     0000a9da  _DMATransferSize                
1     0000d000  _DP_Framework                   
1     0000c000  _DP_Framework_MtoC              
0     00009ed1  _DSP28x_usDelay                 
1     00000880  _DevEmuRegs                     
0     0013b9ca  _DisablePWMInterrupt            
0     000098d4  _DisablePWMOutput               
0     000098b9  _DisablePWMOutputs              
0     0013b9a9  _DisablePWM_TBCLK               
0     00009ac0  _Disable_ELP_SigGen             
0     0013a929  _Disable_HRADC_Sampling         
1     00001000  _DmaRegs                        
0     0013a667  _ECAP1_INT_ISR                  
0     0013a65d  _ECAP2_INT_ISR                  
0     0013a653  _ECAP3_INT_ISR                  
0     0013a649  _ECAP4_INT_ISR                  
0     0013a63f  _ECAP5_INT_ISR                  
0     0013a635  _ECAP6_INT_ISR                  
0     0013c40b  _ECSLSecurityStatus             
1     00005a00  _ECap1Regs                      
1     00005a20  _ECap2Regs                      
1     00005a40  _ECap3Regs                      
1     00005a60  _ECap4Regs                      
1     00005a80  _ECap5Regs                      
1     00005aa0  _ECap6Regs                      
0     0013a628  _EMPTY_ISR                      
0     0013a61e  _EMUINT_ISR                     
0     0013a614  _EPWM1_INT_ISR                  
0     0013a60a  _EPWM1_TZINT_ISR                
0     0013a600  _EPWM2_INT_ISR                  
0     0013a5f6  _EPWM2_TZINT_ISR                
0     0013a5ec  _EPWM3_INT_ISR                  
0     0013a5e2  _EPWM3_TZINT_ISR                
0     0013a5d8  _EPWM4_INT_ISR                  
0     0013a5ce  _EPWM4_TZINT_ISR                
0     0013a5c4  _EPWM5_INT_ISR                  
0     0013a5ba  _EPWM5_TZINT_ISR                
0     0013a5b0  _EPWM6_INT_ISR                  
0     0013a5a6  _EPWM6_TZINT_ISR                
0     0013a59c  _EPWM7_INT_ISR                  
0     0013a592  _EPWM7_TZINT_ISR                
0     0013a588  _EPWM8_INT_ISR                  
0     0013a57e  _EPWM8_TZINT_ISR                
0     0013a574  _EPWM9_INT_ISR                  
0     0013a56a  _EPWM9_TZINT_ISR                
1     00005580  _EPwm10Regs                     
1     00005100  _EPwm1Regs                      
1     00005180  _EPwm2Regs                      
1     00005200  _EPwm3Regs                      
1     00005280  _EPwm4Regs                      
1     00005300  _EPwm5Regs                      
1     00005380  _EPwm6Regs                      
1     00005400  _EPwm7Regs                      
1     00005480  _EPwm8Regs                      
1     00005500  _EPwm9Regs                      
0     0013a560  _EQEP1_INT_ISR                  
0     0013a556  _EQEP2_INT_ISR                  
0     0013a54c  _EQEP3_INT_ISR                  
1     00005b00  _EQep1Regs                      
1     00005b40  _EQep2Regs                      
1     00005b80  _EQep3Regs                      
1     0013fff4  _EcslPwl                        
0     0013c3f4  _EcslUnlock                     
0     0013ccb3  _EnableInterrupts               
0     0013b9a2  _EnablePWMInterrupt             
0     000098a2  _EnablePWMOutput                
0     00009886  _EnablePWMOutputs               
0     0013b99a  _EnablePWM_TBCLK                
0     00009b6f  _Enable_ELP_SigGen              
0     0013a91e  _Enable_HRADC_Sampling          
0     0013a8cb  _Erase_HRADC_UFM                
1     00004000  _FlashCtrlRegs                  
1     00004300  _FlashEccRegs                   
1     0013fff2  _FlashExeOnly                   
0     00009cb5  _FlashGainPump                  
0     00009caa  _FlashLeavePump                 
0     0013c3ea  _GetEXEstatus                   
1     00005f00  _GpioCtrlRegs                   
1     00005f00  _GpioDataRegs                   
1     00005f00  _GpioG1CtrlRegs                 
1     00005f00  _GpioG1DataRegs                 
1     00005fe0  _GpioG1TripRegs                 
1     00006f80  _GpioG2CtrlRegs                 
1     00006fc0  _GpioG2DataRegs                 
1     00005fe0  _GpioTripRegs                   
1     0000a84a  _HRADC0                         
1     0000e140  _HRADC0_board                   
1     0000a852  _HRADC1                         
1     0000e040  _HRADC1_board                   
1     0000a858  _HRADC2                         
1     0000e0c0  _HRADC2_board                   
1     0000a84e  _HRADC3                         
1     0000e1c0  _HRADC3_board                   
1     0000e000  _HRADCs_Info                    
1     00001780  _HWBistRegs                     
0     0013a542  _I2CINT1A_ISR                   
0     0013a538  _I2CINT2A_ISR                   
1     00007900  _I2caRegs                       
1     0000a846  _ID                             
0     0013a52e  _ILLEGAL_ISR                    
0     0013a524  _INT13_ISR                      
0     0013a51a  _INT14_ISR                      
1     0003f800  _IPC_CtoM_Msg                   
1     0003fc00  _IPC_MtoC_Msg                   
1     0003fcc0  _IPC_MtoC_Param                 
1     0000a9fa  _IPC_PS_funcs                   
0     0013cb9a  _IndexBuffer                    
0     0013cb8f  _InitBuffer                     
0     0013ca95  _InitCpuTimers                  
0     0013be68  _InitDP_Framework               
0     0013c8a6  _InitEPwm                       
0     0013c811  _InitEPwm1Gpio                  
0     0013c81f  _InitEPwm2Gpio                  
0     0013c82d  _InitEPwm3Gpio                  
0     0013c83d  _InitEPwm4Gpio                  
0     0013c84d  _InitEPwm5Gpio                  
0     0013c85b  _InitEPwm6Gpio                  
0     0013c869  _InitEPwm7Gpio                  
0     0013c879  _InitEPwm8Gpio                  
0     0013c889  _InitEPwm9Gpio                  
0     0013c893  _InitEPwmGpio                   
0     0013c80a  _InitEPwmSyncGpio               
0     00009c7e  _InitFlash                      
0     0013c8a7  _InitIPC                        
0     0013c609  _InitMcbsp                      
0     0013c581  _InitMcbspGpio                  
0     0013c609  _InitMcbspa                     
0     0013c5fb  _InitMcbspa12bit                
0     0013c5ed  _InitMcbspa16bit                
0     0013c5df  _InitMcbspa20bit                
0     0013c5d1  _InitMcbspa24bit                
0     0013c5c3  _InitMcbspa32bit                
0     0013c5b9  _InitMcbspa8bit                 
0     0013c581  _InitMcbspaGpio                 
0     0013c56c  _InitMcbspaInt                  
0     0013b990  _InitPWMDAC                     
0     0013b8c6  _InitPWMModule                  
0     0013b8bb  _InitPWM_MEP_SFO                
0     0013c346  _InitPeripheralClocks           
0     0013cc8f  _InitPieCtrl                    
0     0013cd96  _InitPieVectTable               
0     0013c3ad  _InitSysCtrl                    
0     0013c806  _InitTzGpio                     
0     0013c761  _Init_DMA_McBSP_nBuffers        
0     0013b3f5  _Init_ELP_DCLink_FF             
0     0013b3e9  _Init_ELP_Error                 
0     0013b3c3  _Init_ELP_IIR_2P2Z              
0     0013b391  _Init_ELP_IIR_3P3Z              
0     0013b354  _Init_ELP_LPF                   
0     0013b2ed  _Init_ELP_NF_IIR                
0     0013b2ae  _Init_ELP_PI_dawu               
0     0013b29b  _Init_ELP_SRLim                 
0     0013bd61  _Init_ELP_SigGen                
0     0013a857  _Init_HRADC_Info                
0     0013c4dd  _Init_SPIMaster_Gpio            
0     0013c48f  _Init_SPIMaster_McBSP           
0     0013c444  _Init_SPIMaster_McBSP_HRADC_UFM 
0     0013a510  _LUF_ISR                        
0     0013a506  _LVF_ISR                        
0     0013b89b  _LinkPWM_Modules                
0     0013c33e  _LockDevice                     
1     00004400  _M3PllRegs                      
1     0000a9c6  _MEP_SF                         
1     0000a900  _MEP_ScaleFactor                
0     0013a4fc  _MRINTA_ISR                     
0     0013a4f2  _MTOCIPC_INT1_ISR               
0     0013a4e8  _MTOCIPC_INT2_ISR               
0     0013a4de  _MTOCIPC_INT3_ISR               
0     0013a4d4  _MTOCIPC_INT4_ISR               
0     0013a4ca  _MXINTA_ISR                     
1     00005000  _McbspaRegs                     
0     0013a4c0  _NMI_ISR                        
1     00007060  _NmiIntruptRegs                 
0     0013a4b6  _PIE_RESERVED                   
1     0000a914  _PWM_Modules                    
1     00000ce0  _PieCtrlRegs                    
1     00000d00  _PieVectTable                   
1     00000e00  _PieVectTableCopy               
0     0013e000  _PieVectTableInit               
1     00004a00  _RAMErrRegs                     
1     00004900  _RAMRegs                        
0     0013a4ac  _RTOSINT_ISR                    
0     00139ed5  _RamfuncsLoadEnd                
abs   00001ed5  _RamfuncsLoadSize               
0     00138000  _RamfuncsLoadStart              
0     00009ed5  _RamfuncsRunEnd                 
abs   00001ed5  _RamfuncsRunSize                
0     00008000  _RamfuncsRunStart               
0     0013a813  _Read_HRADC_UFM                 
0     0013cb7f  _ResetBuffer                    
0     0013b295  _Reset_ELP_DCLink_FF            
0     0013b290  _Reset_ELP_Error                
0     0013b280  _Reset_ELP_IIR_2P2Z             
0     0013b26c  _Reset_ELP_IIR_3P3Z             
0     0013b263  _Reset_ELP_LPF                  
0     0013b253  _Reset_ELP_PI_dawu              
0     0013b24e  _Reset_ELP_SRLim                
0     0013bd55  _Reset_ELP_SigGen               
0     0013cd8d  _Reset_TimeSlicers              
0     0013b22b  _Run_ELP_DCLink_FF              
0     0013b21f  _Run_ELP_Error                  
0     0000997e  _Run_ELP_IIR_2P2Z               
0     0013b1c1  _Run_ELP_IIR_3P3Z               
0     00009963  _Run_ELP_LPF                    
0     00009918  _Run_ELP_PI_dawu                
0     000098ea  _Run_ELP_SRLim                  
0     00009b1e  _Run_ELP_SigGen_DampedSine      
0     00009b18  _Run_ELP_SigGen_FreqSweep       
0     00009ac8  _Run_ELP_SigGen_Sine            
0     00009ac2  _Run_ELP_SigGen_Square          
0     0013bcfd  _Run_ELP_SigGen_Trapezoidal     
0     00009aba  _Run_ELP_SigGen_Triangle        
0     0013a4a2  _SCIRXINTA_ISR                  
0     0013a498  _SCITXINTA_ISR                  
0     0013bfcd  _SFO                            
1     0000a9c5  _SFO_CAL                        
1     0000a901  _SFO_status                     
0     0013a48e  _SPIRXINTA_ISR                  
0     0013a484  _SPITXINTA_ISR                  
1     0000a847  _SamplingEnable                 
1     00007050  _SciaRegs                       
1     0000a842  _SendCommand                    
0     0013a7e0  _SendCommand_HRADC              
0     00009d87  _SendIpcFlag                    
0     0013b87b  _SetPWMComplementary            
0     0013b847  _SetPWMCounterSync              
0     0013b82c  _SetPWMDeadTime                 
0     00009859  _SetPWMDutyCycle_ChA            
0     0000982c  _SetPWMDutyCycle_ChB            
0     000097fb  _SetPWMDutyCycle_HBridge        
0     0013b816  _SetPWMFreq                     
0     0013b7f5  _SetPWMSyncPhase                
0     0013cd83  _Set_TimeSlicer                 
0     00009c4f  _SetupFlash                     
1     0000a99e  _SignalGenerator                
0     0013cb7a  _SizeBuffer                     
1     00007040  _SpiaRegs                       
1     00007010  _SysCtrlRegs                    
0     0013a47a  _TINT0_ISR                      
0     0013cb59  _Test_SamplesLimit              
1     0000a974  _TimeSlicer                     
0     0013ba85  _Try_Config_HRADC_board         
0     0013b7ef  _TunningPWM_MEP_SFO             
1     0000a880  _UFM_buffer                     
0     0013a470  _USER10_ISR                     
0     0013a466  _USER11_ISR                     
0     0013a45c  _USER12_ISR                     
0     0013a452  _USER1_ISR                      
0     0013a448  _USER2_ISR                      
0     0013a43e  _USER3_ISR                      
0     0013a434  _USER4_ISR                      
0     0013a42a  _USER5_ISR                      
0     0013a420  _USER6_ISR                      
0     0013a416  _USER7_ISR                      
0     0013a40c  _USER8_ISR                      
0     0013a402  _USER9_ISR                      
0     00009aa6  _Update_ELP_SigGen              
0     0013a3f8  _WAKEINT_ISR                    
0     0013cb49  _WriteBuffer                    
0     0013a72f  _Write_HRADC_UFM                
0     0013a3ee  _XINT1_ISR                      
0     0013a3e4  _XINT2_ISR                      
0     0013a3da  _XINT3_ISR                      
1     00007070  _XIntruptRegs                   
1     00000380  __STACK_END                     
abs   00000300  __STACK_SIZE                    
1     0000aa08  ___TI_cleanup_ptr               
1     0000aa0a  ___TI_dtors_ptr                 
1     0000aa06  ___TI_enable_exit_profile_output
abs   ffffffff  ___TI_pprof_out_hndl            
abs   ffffffff  ___TI_prof_data_size            
abs   ffffffff  ___TI_prof_data_start           
abs   ffffffff  ___binit__                      
abs   ffffffff  ___c_args__                     
0     0013e11c  ___cinit__                      
0     0013cdbf  ___etext__                      
abs   ffffffff  ___pinit__                      
0     0013a000  ___text__                       
0     0013cd51  __args_main                     
1     0000a93c  __lock                          
0     0013cdbb  __nop                           
0     0013cdb7  __register_lock                 
0     0013cdb3  __register_unlock               
1     00000080  __stack                         
0     0013cdbe  __system_post_cinit             
0     0013cdbc  __system_pre_init               
1     0000a93e  __unlock                        
1     0000a984  _a_coeff_IIR_Vdc_ctrl           
1     0000a980  _a_coeff_LPF_Iin                
1     0000a988  _a_coeff_NF_Vdc                 
0     0013ccbc  _abort                          
1     0000a992  _b_coeff_IIR_Vdc_ctrl           
1     0000a998  _b_coeff_LPF_Iin                
1     0000a98c  _b_coeff_NF_Vdc                 
1     0000e240  _buffers_HRADC                  
0     0013cb9f  _c_int00                        
0     0013c55a  _clkg_delay_loop                
0     0013cc49  _copy_in                        
0     0013ca34  _cos                            
0     0013ca34  _cosf                           
1     0000aa04  _counterErrorSendCommand        
0     0013cd37  _ddcopy                         
0     0013c548  _delay_loop                     
0     0013cd37  _dpcopy                         
1     0000a9d8  _dummy_data                     
1     0000a902  _ePWM                           
1     0000a845  _enableHeater                   
1     0000a841  _enableRailsMonitor             
0     0013cda7  _epilog_c28x_1                  
0     0013cdab  _epilog_c28x_2                  
1     0000a8ff  _errno                          
0     0013ccbe  _exit                           
0     0013c22d  _exp                            
0     0013c22d  _expf                           
1     0000a9d6  _i_rdata                        
0     0000958a  _isr_IPC_Channel_1              
0     0000951d  _isr_IPC_Channel_2              
0     0013c9f6  _local_D_INTCH1_ISR             
0     0013c9b8  _local_D_INTCH2_ISR             
0     0013cbf5  _main                           
0     0013acc7  _main_FAC_ACDC_10kHz            
0     0013b5e4  _main_FAC_DCDC_20kHz            
0     0013a39e  _main_FAC_Full_ACDC_10kHz       
0     0013b19c  _main_FAC_Full_DCDC_20kHz       
0     0013c1c4  _main_FAP_ACDC                  
0     0013af21  _main_FAP_DCDC_20kHz            
0     0013b7dd  _main_FBP_100kHz                
0     0013bafa  _main_Jiga_HRADC                
0     0013bc6a  _main_Test_HRADC                
0     0013c6be  _main_Test_HRPWM                
0     0013cce5  _memcpy                         
1     0000a970  _oldValue                       
0     0013cd37  _pdcopy                         
0     0013cd37  _ppcopy                         
0     0013cd6a  _prolog_c28x_1                  
0     0013cd6e  _prolog_c28x_2                  
0     0013cd76  _prolog_c28x_3                  
0     0013a3d0  _rsvd_ISR                       
1     00010000  _samplesBuffer                  
0     0013caf1  _sin                            
0     0013caf1  _sinf                           
0     0013c754  _start_DMA                      
0     0013c729  _stop_DMA                       
1     0000a848  _valorCounter                   
1     0000a96c  _valorCounter2                  
1     00012000  _wfmRef_Curve                   
1     0000a9f6  _wfmSyncFlag                    
abs   ffffffff  binit                           
0     0013e11c  cinit                           
0     0013fff0  code_start                      
0     0013cdbf  etext                           
abs   ffffffff  pinit                           


GLOBAL SYMBOLS: SORTED BY Symbol Address 

page  address   name                            
----  -------   ----                            
0     00008000  _RamfuncsRunStart               
0     0000951d  _isr_IPC_Channel_2              
0     0000958a  _isr_IPC_Channel_1              
0     000097fb  _SetPWMDutyCycle_HBridge        
0     0000982c  _SetPWMDutyCycle_ChB            
0     00009859  _SetPWMDutyCycle_ChA            
0     00009886  _EnablePWMOutputs               
0     000098a2  _EnablePWMOutput                
0     000098b9  _DisablePWMOutputs              
0     000098d4  _DisablePWMOutput               
0     000098ea  _Run_ELP_SRLim                  
0     00009918  _Run_ELP_PI_dawu                
0     00009963  _Run_ELP_LPF                    
0     0000997e  _Run_ELP_IIR_2P2Z               
0     00009aa6  _Update_ELP_SigGen              
0     00009aba  _Run_ELP_SigGen_Triangle        
0     00009ac0  _Disable_ELP_SigGen             
0     00009ac2  _Run_ELP_SigGen_Square          
0     00009ac8  _Run_ELP_SigGen_Sine            
0     00009b18  _Run_ELP_SigGen_FreqSweep       
0     00009b1e  _Run_ELP_SigGen_DampedSine      
0     00009b6f  _Enable_ELP_SigGen              
0     00009c4f  _SetupFlash                     
0     00009c7e  _InitFlash                      
0     00009caa  _FlashLeavePump                 
0     00009cb5  _FlashGainPump                  
0     00009d87  _SendIpcFlag                    
0     00009d8c  _ConfigPSOpMode                 
0     00009ed1  _DSP28x_usDelay                 
0     00009ed5  _RamfuncsRunEnd                 
0     00138000  _RamfuncsLoadStart              
0     00139ed5  _RamfuncsLoadEnd                
0     0013a000  .text                           
0     0013a000  ___text__                       
0     0013a39e  _main_FAC_Full_ACDC_10kHz       
0     0013a3d0  _rsvd_ISR                       
0     0013a3da  _XINT3_ISR                      
0     0013a3e4  _XINT2_ISR                      
0     0013a3ee  _XINT1_ISR                      
0     0013a3f8  _WAKEINT_ISR                    
0     0013a402  _USER9_ISR                      
0     0013a40c  _USER8_ISR                      
0     0013a416  _USER7_ISR                      
0     0013a420  _USER6_ISR                      
0     0013a42a  _USER5_ISR                      
0     0013a434  _USER4_ISR                      
0     0013a43e  _USER3_ISR                      
0     0013a448  _USER2_ISR                      
0     0013a452  _USER1_ISR                      
0     0013a45c  _USER12_ISR                     
0     0013a466  _USER11_ISR                     
0     0013a470  _USER10_ISR                     
0     0013a47a  _TINT0_ISR                      
0     0013a484  _SPITXINTA_ISR                  
0     0013a48e  _SPIRXINTA_ISR                  
0     0013a498  _SCITXINTA_ISR                  
0     0013a4a2  _SCIRXINTA_ISR                  
0     0013a4ac  _RTOSINT_ISR                    
0     0013a4b6  _PIE_RESERVED                   
0     0013a4c0  _NMI_ISR                        
0     0013a4ca  _MXINTA_ISR                     
0     0013a4d4  _MTOCIPC_INT4_ISR               
0     0013a4de  _MTOCIPC_INT3_ISR               
0     0013a4e8  _MTOCIPC_INT2_ISR               
0     0013a4f2  _MTOCIPC_INT1_ISR               
0     0013a4fc  _MRINTA_ISR                     
0     0013a506  _LVF_ISR                        
0     0013a510  _LUF_ISR                        
0     0013a51a  _INT14_ISR                      
0     0013a524  _INT13_ISR                      
0     0013a52e  _ILLEGAL_ISR                    
0     0013a538  _I2CINT2A_ISR                   
0     0013a542  _I2CINT1A_ISR                   
0     0013a54c  _EQEP3_INT_ISR                  
0     0013a556  _EQEP2_INT_ISR                  
0     0013a560  _EQEP1_INT_ISR                  
0     0013a56a  _EPWM9_TZINT_ISR                
0     0013a574  _EPWM9_INT_ISR                  
0     0013a57e  _EPWM8_TZINT_ISR                
0     0013a588  _EPWM8_INT_ISR                  
0     0013a592  _EPWM7_TZINT_ISR                
0     0013a59c  _EPWM7_INT_ISR                  
0     0013a5a6  _EPWM6_TZINT_ISR                
0     0013a5b0  _EPWM6_INT_ISR                  
0     0013a5ba  _EPWM5_TZINT_ISR                
0     0013a5c4  _EPWM5_INT_ISR                  
0     0013a5ce  _EPWM4_TZINT_ISR                
0     0013a5d8  _EPWM4_INT_ISR                  
0     0013a5e2  _EPWM3_TZINT_ISR                
0     0013a5ec  _EPWM3_INT_ISR                  
0     0013a5f6  _EPWM2_TZINT_ISR                
0     0013a600  _EPWM2_INT_ISR                  
0     0013a60a  _EPWM1_TZINT_ISR                
0     0013a614  _EPWM1_INT_ISR                  
0     0013a61e  _EMUINT_ISR                     
0     0013a628  _EMPTY_ISR                      
0     0013a635  _ECAP6_INT_ISR                  
0     0013a63f  _ECAP5_INT_ISR                  
0     0013a649  _ECAP4_INT_ISR                  
0     0013a653  _ECAP3_INT_ISR                  
0     0013a65d  _ECAP2_INT_ISR                  
0     0013a667  _ECAP1_INT_ISR                  
0     0013a671  _DINTCH6_ISR                    
0     0013a67b  _DINTCH5_ISR                    
0     0013a685  _DINTCH4_ISR                    
0     0013a68f  _DINTCH3_ISR                    
0     0013a699  _DINTCH2_ISR                    
0     0013a6a3  _DINTCH1_ISR                    
0     0013a6ad  _DATALOG_ISR                    
0     0013a6b7  _CRAMSINGERR_ISR                
0     0013a6c1  _CRAMACCVIOL_ISR                
0     0013a6cb  _CFLSINGERR_ISR                 
0     0013a6d5  _CFLFSM_ISR                     
0     0013a6df  _ADCINT8_ISR                    
0     0013a6e9  _ADCINT7_ISR                    
0     0013a6f3  _ADCINT6_ISR                    
0     0013a6fd  _ADCINT5_ISR                    
0     0013a707  _ADCINT4_ISR                    
0     0013a711  _ADCINT3_ISR                    
0     0013a71b  _ADCINT2_ISR                    
0     0013a725  _ADCINT1_ISR                    
0     0013a72f  _Write_HRADC_UFM                
0     0013a7e0  _SendCommand_HRADC              
0     0013a813  _Read_HRADC_UFM                 
0     0013a857  _Init_HRADC_Info                
0     0013a8cb  _Erase_HRADC_UFM                
0     0013a91e  _Enable_HRADC_Sampling          
0     0013a929  _Disable_HRADC_Sampling         
0     0013a936  _CheckStatus_HRADC              
0     0013a94f  _Config_HRADC_board             
0     0013a99b  _Config_HRADC_UFM_OpMode        
0     0013a9d4  _Config_HRADC_SoC               
0     0013aa14  _Config_HRADC_Sampling_OpMode   
0     0013acc7  _main_FAC_ACDC_10kHz            
0     0013af21  _main_FAP_DCDC_20kHz            
0     0013b19c  _main_FAC_Full_DCDC_20kHz       
0     0013b1c1  _Run_ELP_IIR_3P3Z               
0     0013b21f  _Run_ELP_Error                  
0     0013b22b  _Run_ELP_DCLink_FF              
0     0013b24e  _Reset_ELP_SRLim                
0     0013b253  _Reset_ELP_PI_dawu              
0     0013b263  _Reset_ELP_LPF                  
0     0013b26c  _Reset_ELP_IIR_3P3Z             
0     0013b280  _Reset_ELP_IIR_2P2Z             
0     0013b290  _Reset_ELP_Error                
0     0013b295  _Reset_ELP_DCLink_FF            
0     0013b29b  _Init_ELP_SRLim                 
0     0013b2ae  _Init_ELP_PI_dawu               
0     0013b2ed  _Init_ELP_NF_IIR                
0     0013b354  _Init_ELP_LPF                   
0     0013b391  _Init_ELP_IIR_3P3Z              
0     0013b3c3  _Init_ELP_IIR_2P2Z              
0     0013b3e9  _Init_ELP_Error                 
0     0013b3f5  _Init_ELP_DCLink_FF             
0     0013b402  _Bypass_ELP_SRLim               
0     0013b5e4  _main_FAC_DCDC_20kHz            
0     0013b7dd  _main_FBP_100kHz                
0     0013b7ef  _TunningPWM_MEP_SFO             
0     0013b7f5  _SetPWMSyncPhase                
0     0013b816  _SetPWMFreq                     
0     0013b82c  _SetPWMDeadTime                 
0     0013b847  _SetPWMCounterSync              
0     0013b87b  _SetPWMComplementary            
0     0013b89b  _LinkPWM_Modules                
0     0013b8bb  _InitPWM_MEP_SFO                
0     0013b8c6  _InitPWMModule                  
0     0013b990  _InitPWMDAC                     
0     0013b99a  _EnablePWM_TBCLK                
0     0013b9a2  _EnablePWMInterrupt             
0     0013b9a9  _DisablePWM_TBCLK               
0     0013b9ca  _DisablePWMInterrupt            
0     0013ba85  _Try_Config_HRADC_board         
0     0013bafa  _main_Jiga_HRADC                
0     0013bc6a  _main_Test_HRADC                
0     0013bcfd  _Run_ELP_SigGen_Trapezoidal     
0     0013bd55  _Reset_ELP_SigGen               
0     0013bd61  _Init_ELP_SigGen                
0     0013be68  _InitDP_Framework               
0     0013be7b  _ConfigDP_Module_AllParam       
0     0013bf20  _ConfigDP_Module                
0     0013bfcd  _SFO                            
0     0013c1c4  _main_FAP_ACDC                  
0     0013c22d  _exp                            
0     0013c22d  _expf                           
0     0013c33e  _LockDevice                     
0     0013c346  _InitPeripheralClocks           
0     0013c3ad  _InitSysCtrl                    
0     0013c3ea  _GetEXEstatus                   
0     0013c3f4  _EcslUnlock                     
0     0013c40b  _ECSLSecurityStatus             
0     0013c417  _CsmUnlock                      
0     0013c438  _CSMSecurityStatus              
0     0013c444  _Init_SPIMaster_McBSP_HRADC_UFM 
0     0013c48f  _Init_SPIMaster_McBSP           
0     0013c4dd  _Init_SPIMaster_Gpio            
0     0013c548  _delay_loop                     
0     0013c55a  _clkg_delay_loop                
0     0013c56c  _InitMcbspaInt                  
0     0013c581  _InitMcbspGpio                  
0     0013c581  _InitMcbspaGpio                 
0     0013c5b9  _InitMcbspa8bit                 
0     0013c5c3  _InitMcbspa32bit                
0     0013c5d1  _InitMcbspa24bit                
0     0013c5df  _InitMcbspa20bit                
0     0013c5ed  _InitMcbspa16bit                
0     0013c5fb  _InitMcbspa12bit                
0     0013c609  _InitMcbsp                      
0     0013c609  _InitMcbspa                     
0     0013c6be  _main_Test_HRPWM                
0     0013c729  _stop_DMA                       
0     0013c754  _start_DMA                      
0     0013c761  _Init_DMA_McBSP_nBuffers        
0     0013c806  _InitTzGpio                     
0     0013c80a  _InitEPwmSyncGpio               
0     0013c811  _InitEPwm1Gpio                  
0     0013c81f  _InitEPwm2Gpio                  
0     0013c82d  _InitEPwm3Gpio                  
0     0013c83d  _InitEPwm4Gpio                  
0     0013c84d  _InitEPwm5Gpio                  
0     0013c85b  _InitEPwm6Gpio                  
0     0013c869  _InitEPwm7Gpio                  
0     0013c879  _InitEPwm8Gpio                  
0     0013c889  _InitEPwm9Gpio                  
0     0013c893  _InitEPwmGpio                   
0     0013c8a6  _InitEPwm                       
0     0013c8a7  _InitIPC                        
0     0013c930  FS$$DIV                         
0     0013c9b8  _local_D_INTCH2_ISR             
0     0013c9f6  _local_D_INTCH1_ISR             
0     0013ca34  _cos                            
0     0013ca34  _cosf                           
0     0013ca95  _InitCpuTimers                  
0     0013cad0  _ConfigCpuTimer                 
0     0013caf1  _sin                            
0     0013caf1  _sinf                           
0     0013cb49  _WriteBuffer                    
0     0013cb59  _Test_SamplesLimit              
0     0013cb7a  _SizeBuffer                     
0     0013cb7f  _ResetBuffer                    
0     0013cb8f  _InitBuffer                     
0     0013cb9a  _IndexBuffer                    
0     0013cb9f  _c_int00                        
0     0013cbf5  _main                           
0     0013cc49  _copy_in                        
0     0013cc8f  _InitPieCtrl                    
0     0013ccb3  _EnableInterrupts               
0     0013ccbc  C$$EXIT                         
0     0013ccbc  _abort                          
0     0013ccbe  _exit                           
0     0013cce5  _memcpy                         
0     0013cd37  _ddcopy                         
0     0013cd37  _dpcopy                         
0     0013cd37  _pdcopy                         
0     0013cd37  _ppcopy                         
0     0013cd51  __args_main                     
0     0013cd6a  _prolog_c28x_1                  
0     0013cd6e  _prolog_c28x_2                  
0     0013cd76  _prolog_c28x_3                  
0     0013cd83  _Set_TimeSlicer                 
0     0013cd8d  _Reset_TimeSlicers              
0     0013cd96  _InitPieVectTable               
0     0013cda7  _epilog_c28x_1                  
0     0013cdab  _epilog_c28x_2                  
0     0013cdb3  __register_unlock               
0     0013cdb7  __register_lock                 
0     0013cdbb  __nop                           
0     0013cdbc  __system_pre_init               
0     0013cdbe  __system_post_cinit             
0     0013cdbf  ___etext__                      
0     0013cdbf  etext                           
0     0013e000  _PieVectTableInit               
0     0013e11c  ___cinit__                      
0     0013e11c  cinit                           
0     0013fff0  code_start                      
1     00000080  __stack                         
1     00000380  __STACK_END                     
1     00000880  _DevEmuRegs                     
1     00000ae0  _CsmRegs                        
1     00000b00  _Adc1Result                     
1     00000b00  _AdcResult                      
1     00000b40  _Adc2Result                     
1     00000c00  _CpuTimer0Regs                  
1     00000c08  _CpuTimer1Regs                  
1     00000c10  _CpuTimer2Regs                  
1     00000ce0  _PieCtrlRegs                    
1     00000d00  _PieVectTable                   
1     00000e00  _PieVectTableCopy               
1     00001000  _DmaRegs                        
1     00001700  _AnalogSysctrlRegs              
1     00001780  _HWBistRegs                     
1     00004000  _FlashCtrlRegs                  
1     00004300  _FlashEccRegs                   
1     00004400  _M3PllRegs                      
1     00004900  _RAMRegs                        
1     00004a00  _RAMErrRegs                     
1     00004e00  _CtoMIpcRegs                    
1     00005000  _McbspaRegs                     
1     00005100  _EPwm1Regs                      
1     00005180  _EPwm2Regs                      
1     00005200  _EPwm3Regs                      
1     00005280  _EPwm4Regs                      
1     00005300  _EPwm5Regs                      
1     00005380  _EPwm6Regs                      
1     00005400  _EPwm7Regs                      
1     00005480  _EPwm8Regs                      
1     00005500  _EPwm9Regs                      
1     00005580  _EPwm10Regs                     
1     00005a00  _ECap1Regs                      
1     00005a20  _ECap2Regs                      
1     00005a40  _ECap3Regs                      
1     00005a60  _ECap4Regs                      
1     00005a80  _ECap5Regs                      
1     00005aa0  _ECap6Regs                      
1     00005b00  _EQep1Regs                      
1     00005b40  _EQep2Regs                      
1     00005b80  _EQep3Regs                      
1     00005f00  _GpioCtrlRegs                   
1     00005f00  _GpioDataRegs                   
1     00005f00  _GpioG1CtrlRegs                 
1     00005f00  _GpioG1DataRegs                 
1     00005fe0  _GpioG1TripRegs                 
1     00005fe0  _GpioTripRegs                   
1     00006400  _Comp1Regs                      
1     00006420  _Comp2Regs                      
1     00006440  _Comp3Regs                      
1     00006460  _Comp4Regs                      
1     00006480  _Comp5Regs                      
1     000064a0  _Comp6Regs                      
1     00006f80  _GpioG2CtrlRegs                 
1     00006fc0  _GpioG2DataRegs                 
1     00007010  _SysCtrlRegs                    
1     00007040  _SpiaRegs                       
1     00007050  _SciaRegs                       
1     00007060  _NmiIntruptRegs                 
1     00007070  _XIntruptRegs                   
1     00007100  _Adc1Regs                       
1     00007100  _AdcRegs                        
1     00007180  _Adc2Regs                       
1     00007900  _I2caRegs                       
1     0000a841  _enableRailsMonitor             
1     0000a842  _SendCommand                    
1     0000a844  _AnalogInput                    
1     0000a845  _enableHeater                   
1     0000a846  _ID                             
1     0000a847  _SamplingEnable                 
1     0000a848  _valorCounter                   
1     0000a84a  _HRADC0                         
1     0000a84e  _HRADC3                         
1     0000a852  _HRADC1                         
1     0000a858  _HRADC2                         
1     0000a880  _UFM_buffer                     
1     0000a8e4  _CpuTimer1                      
1     0000a8ec  _CpuTimer2                      
1     0000a8f4  _CpuTimer0                      
1     0000a8ff  _errno                          
1     0000a900  _MEP_ScaleFactor                
1     0000a901  _SFO_status                     
1     0000a902  _ePWM                           
1     0000a914  _PWM_Modules                    
1     0000a93c  __lock                          
1     0000a93e  __unlock                        
1     0000a96c  _valorCounter2                  
1     0000a970  _oldValue                       
1     0000a974  _TimeSlicer                     
1     0000a980  _a_coeff_LPF_Iin                
1     0000a984  _a_coeff_IIR_Vdc_ctrl           
1     0000a988  _a_coeff_NF_Vdc                 
1     0000a98c  _b_coeff_NF_Vdc                 
1     0000a992  _b_coeff_IIR_Vdc_ctrl           
1     0000a998  _b_coeff_LPF_Iin                
1     0000a99e  _SignalGenerator                
1     0000a9c5  _SFO_CAL                        
1     0000a9c6  _MEP_SF                         
1     0000a9d6  _i_rdata                        
1     0000a9d8  _dummy_data                     
1     0000a9da  _DMATransferSize                
1     0000a9f6  _wfmSyncFlag                    
1     0000a9fa  _IPC_PS_funcs                   
1     0000aa02  _AverageFilter                  
1     0000aa04  _counterErrorSendCommand        
1     0000aa06  ___TI_enable_exit_profile_output
1     0000aa08  ___TI_cleanup_ptr               
1     0000aa0a  ___TI_dtors_ptr                 
1     0000c000  _DP_Framework_MtoC              
1     0000d000  _DP_Framework                   
1     0000e000  _HRADCs_Info                    
1     0000e040  _HRADC1_board                   
1     0000e0c0  _HRADC2_board                   
1     0000e140  _HRADC0_board                   
1     0000e1c0  _HRADC3_board                   
1     0000e240  _buffers_HRADC                  
1     00010000  _samplesBuffer                  
1     00012000  _wfmRef_Curve                   
1     0003f800  _IPC_CtoM_Msg                   
1     0003fc00  _IPC_MtoC_Msg                   
1     0003fcc0  _IPC_MtoC_Param                 
1     0013fff2  _FlashExeOnly                   
1     0013fff4  _EcslPwl                        
1     0013fff8  _CsmPwl                         
abs   00000300  __STACK_SIZE                    
abs   00001ed5  _RamfuncsLoadSize               
abs   00001ed5  _RamfuncsRunSize                
abs   ffffffff  ___TI_pprof_out_hndl            
abs   ffffffff  ___TI_prof_data_size            
abs   ffffffff  ___TI_prof_data_start           
abs   ffffffff  ___binit__                      
abs   ffffffff  ___c_args__                     
abs   ffffffff  ___pinit__                      
abs   ffffffff  binit                           
abs   ffffffff  pinit                           

[410 symbols]
