******************************************************************************
             TMS320C2000 Linker PC v6.4.10                     
******************************************************************************
>> Linked Fri Jul 29 17:08:11 2016

OUTPUT FILE NAME:   <C28_V2.0.out>
ENTRY POINT SYMBOL: "_c_int00"  address: 0013c353


MEMORY CONFIGURATION

         name            origin    length      used     unused   attr    fill
----------------------  --------  ---------  --------  --------  ----  --------
PAGE 0:
  RAML0L1               00008000   00002000  00001ced  00000313  RWIX
  FLASHN                00100000   00002000  00000000  00002000  RWIX
  FLASHM                00102000   00002000  00000000  00002000  RWIX
  FLASHL                00104000   00002000  00000000  00002000  RWIX
  FLASHK                00106000   00002000  00000000  00002000  RWIX
  FLASHJ                00108000   00008000  00000000  00008000  RWIX
  FLASHI                00110000   00008000  00000000  00008000  RWIX
  FLASHH                00118000   00008000  00000000  00008000  RWIX
  FLASHG                00120000   00008000  00000000  00008000  RWIX
  FLASHF                00128000   00008000  00000000  00008000  RWIX
  FLASHE                00130000   00008000  00000000  00008000  RWIX
  FLASHD                00138000   00002000  00001ced  00000313  RWIX
  FLASHCB               0013a000   00004000  00002508  00001af8  RWIX
  FLASHA                0013e000   00001f80  0000016f  00001e11  RWIX
  CSM_RSVD              0013ff80   00000070  00000000  00000070  RWIX
  BEGIN                 0013fff0   00000002  00000002  00000000  RWIX
  FLASH_EXE_ONLY_P0     0013fff2   00000002  00000000  00000002  RWIX
  ECSL_PWL_P0           0013fff4   00000004  00000000  00000004  RWIX
  CSM_PWL_P0            0013fff8   00000008  00000000  00000008  RWIX
  FPUTABLES             003fd21a   000006a0  00000000  000006a0  RWIX
  IQTABLES              003fd8ba   00000b50  00000000  00000b50  RWIX
  IQTABLES2             003fe40a   0000008c  00000000  0000008c  RWIX
  IQTABLES3             003fe496   000000aa  00000000  000000aa  RWIX
  BOOTROM               003fed6a   00001200  00000000  00001200  RWIX
  PIEMISHNDLR           003fffbe   00000002  00000000  00000002  RWIX
  RESET                 003fffc0   00000002  00000000  00000002  RWIX
  VECTORS               003fffc2   0000003e  00000000  0000003e  RWIX

PAGE 1:
  BOOT_RSVD             00000000   00000050  00000000  00000050  RWIX
  RAMM0                 00000080   00000380  00000300  00000080  RWIX
  RAMM1                 00000400   00000400  00000000  00000400  RWIX
  DEV_EMU               00000880   00000180  00000042  0000013e  RWIX
  CSM                   00000ae0   00000020  00000016  0000000a  RWIX
  ADC1_RESULT           00000b00   00000020  00000010  00000010  RWIX
  ADC2_RESULT           00000b40   00000020  00000010  00000010  RWIX
  CPU_TIMER0            00000c00   00000008  00000008  00000000  RWIX
  CPU_TIMER1            00000c08   00000008  00000008  00000000  RWIX
  CPU_TIMER2            00000c10   00000008  00000008  00000000  RWIX
  PIE_CTRL              00000ce0   00000020  0000001a  00000006  RWIX
  PIE_VECT              00000d00   00000100  00000100  00000000  RWIX
  PIE_VECT_CP           00000e00   00000100  00000100  00000000  RWIX
  DMA                   00001000   00000200  000000e0  00000120  RWIX
  ASYSCTRLCONFIG        00001700   00000080  00000078  00000008  RWIX
  HWBIST                00001780   00000040  00000030  00000010  RWIX
  FLASH_REGS            00004000   00000300  00000182  0000017e  RWIX
  FLASH_ECC             00004300   00000040  00000024  0000001c  RWIX
  M3PLL                 00004400   00000040  00000008  00000038  RWIX
  RAM_REGS              00004900   00000080  0000003e  00000042  RWIX
  RAM_ERR_REGS          00004a00   00000080  0000003e  00000042  RWIX
  CM_MC_IPC             00004e00   00000040  00000040  00000000  RWIX
  MCBSPA                00005000   00000040  00000024  0000001c  RWIX
  EPWM1                 00005100   00000080  00000080  00000000  RWIX
  EPWM2                 00005180   00000080  00000080  00000000  RWIX
  EPWM3                 00005200   00000080  00000080  00000000  RWIX
  EPWM4                 00005280   00000080  00000080  00000000  RWIX
  EPWM5                 00005300   00000080  00000080  00000000  RWIX
  EPWM6                 00005380   00000080  00000080  00000000  RWIX
  EPWM7                 00005400   00000080  00000080  00000000  RWIX
  EPWM8                 00005480   00000080  00000080  00000000  RWIX
  EPWM9                 00005500   00000080  00000080  00000000  RWIX
  EPWM10                00005580   00000080  00000080  00000000  RWIX
  EPWM11                00005600   00000080  00000000  00000080  RWIX
  EPWM12                00005680   00000080  00000000  00000080  RWIX
  ECAP1                 00005a00   00000020  00000020  00000000  RWIX
  ECAP2                 00005a20   00000020  00000020  00000000  RWIX
  ECAP3                 00005a40   00000020  00000020  00000000  RWIX
  ECAP4                 00005a60   00000020  00000020  00000000  RWIX
  ECAP5                 00005a80   00000020  00000020  00000000  RWIX
  ECAP6                 00005aa0   00000020  00000020  00000000  RWIX
  EQEP1                 00005b00   00000040  00000022  0000001e  RWIX
  EQEP2                 00005b40   00000040  00000022  0000001e  RWIX
  EQEP3                 00005b80   00000040  00000022  0000001e  RWIX
  GPIOG1REGS            00005f00   000000e0  000000e0  00000000  RWIX
  GPIOG1TRIP            00005fe0   00000020  00000020  00000000  RWIX
  COMP1                 00006400   00000020  00000007  00000019  RWIX
  COMP2                 00006420   00000020  00000007  00000019  RWIX
  COMP3                 00006440   00000020  00000007  00000019  RWIX
  COMP4                 00006460   00000020  00000007  00000019  RWIX
  COMP5                 00006480   00000020  00000007  00000019  RWIX
  COMP6                 000064a0   00000020  00000007  00000019  RWIX
  GPIOG2CTRL            00006f80   00000040  0000003c  00000004  RWIX
  GPIOG2DAT             00006fc0   00000020  00000020  00000000  RWIX
  SYSTEM                00007010   00000020  0000001d  00000003  RWIX
  SPIA                  00007040   00000010  00000010  00000000  RWIX
  SCIA                  00007050   00000010  00000010  00000000  RWIX
  NMIINTRUPT            00007060   00000010  00000006  0000000a  RWIX
  XINTRUPT              00007070   00000010  00000010  00000000  RWIX
  ADC1                  00007100   00000080  00000050  00000030  RWIX
  ADC2                  00007180   00000080  00000050  00000030  RWIX
  I2CA                  00007900   00000040  00000022  0000001e  RWIX
  RAML2                 0000a000   00001000  0000094b  000006b5  RWIX
  RAML3                 0000b000   00001000  00000000  00001000  RWIX
  RAMS0                 0000c000   00001000  00000330  00000cd0  RWIX
  RAMS1                 0000d000   00001000  00000330  00000cd0  RWIX
  RAMS2                 0000e000   00001000  00000440  00000bc0  RWIX
  RAMS3                 0000f000   00001000  00000000  00001000  RWIX
  RAMS45                00010000   00002000  00002000  00000000  RWIX
  RAMS67                00012000   00002000  00002000  00000000  RWIX
  CTOMRAM               0003f800   00000380  00000022  0000035e  RWIX
  MTOCRAM               0003fc00   00000380  00000272  0000010e  RWIX
  FLASH_EXE_ONLY        0013fff2   00000002  00000002  00000000  RWIX
  ECSL_PWL              0013fff4   00000004  00000004  00000000  RWIX
  CSM_PWL               0013fff8   00000008  00000008  00000000  RWIX


SECTION ALLOCATION MAP

 output                                  attributes/
section   page    origin      length       input sections
--------  ----  ----------  ----------   ----------------
ramfuncs   0    00138000    00001ced     RUN ADDR = 00008000
                  00138000    0000045a     FAC_Full_ACDC_10kHz.obj (ramfuncs:retain)
                  0013845a    00000335     FAC_Full_DCDC_20kHz.obj (ramfuncs:retain)
                  0013878f    00000329     FAC_ACDC_10kHz.obj (ramfuncs:retain)
                  00138ab8    000002f6     FAP_DCDC_20kHz.obj (ramfuncs:retain)
                  00138dae    000002d0     FAC_DCDC_20kHz.obj (ramfuncs:retain)
                  0013907e    00000282     FBP_100kHz.obj (ramfuncs:retain)
                  00139300    000001d4     Test_HRADC.obj (ramfuncs:retain)
                  001394d4    00000186     IPC_modules.obj (ramfuncs:retain)
                  0013965a    00000128     FAP_ACDC.obj (ramfuncs)
                  00139782    000000f1     PWM_modules.obj (ramfuncs)
                  00139873    000000ea     ELP_DCL.obj (ramfuncs)
                  0013995d    000000db     SigGen.obj (ramfuncs)
                  00139a38    00000073     F28M36x_SysCtrl.obj (ramfuncs)
                  00139aab    00000070     FAP_ACDC.obj (ramfuncs:retain)
                  00139b1b    00000055     FAC_Full_ACDC_10kHz.obj (ramfuncs)
                  00139b70    0000004b     IPC_modules.obj (ramfuncs)
                  00139bbb    00000049     FAC_ACDC_10kHz.obj (ramfuncs)
                  00139c04    00000042     FBP_100kHz.obj (ramfuncs)
                  00139c46    0000003b     FAC_DCDC_20kHz.obj (ramfuncs)
                  00139c81    00000039     FAC_Full_DCDC_20kHz.obj (ramfuncs)
                  00139cba    0000002f     FAP_DCDC_20kHz.obj (ramfuncs)
                  00139ce9    00000004     F28M36x_usDelay.obj (ramfuncs)

.text      0    0013a000    00002508     
                  0013a000    000003ce     FAC_Full_ACDC_10kHz.obj (.text)
                  0013a3ce    0000035f     F28M36x_DefaultIsr.obj (.text:retain)
                  0013a72d    000002b0     FAC_ACDC_10kHz.obj (.text)
                  0013a9dd    00000253     FAC_Full_DCDC_20kHz.obj (.text)
                  0013ac30    0000021d     ELP_DCL.obj (.text)
                  0013ae4d    00000205     FAC_DCDC_20kHz.obj (.text)
                  0013b052    00000200     FAP_DCDC_20kHz.obj (.text)
                  0013b252    000001e6     FBP_100kHz.obj (.text)
                  0013b438    000001e1     PWM_modules.obj (.text)
                  0013b619    00000167     DP_framework.obj (.text)
                  0013b780    0000014e     HRADC_Boards.obj (.text)
                  0013b8ce    00000140     SFO_TI_Build_V7_FPU.lib : SFO_v7_fpu_lib_build_c28.obj (.text)
                  0013ba0e    00000114     FAP_ACDC.obj (.text)
                  0013bb22    00000106     F28M36x_SysCtrl.obj (.text)
                  0013bc28    00000105     F28M36x_Mcbsp.obj (.text)
                  0013bd2d    000000e5     SigGen.obj (.text)
                  0013be12    000000dd     DMA_SPI_Interface.obj (.text)
                  0013beef    000000b9     McBSP_SPI_Interface.obj (.text)
                  0013bfa8    000000a1     F28M36x_EPwm.obj (.text)
                  0013c049    00000089     IPC_modules.obj (.text)
                  0013c0d2    00000088     rts2800_fpu32.lib : fs_div.obj (.text)
                  0013c15a    0000007c     DMA_SPI_Interface.obj (.text:retain)
                  0013c1d6    00000068     rts2800_fpu32.lib : exp.obj (.text)
                  0013c23e    00000061                       : cos.obj (.text)
                  0013c29f    0000005c     F28M36x_CpuTimers.obj (.text)
                  0013c2fb    00000058     rts2800_fpu32.lib : sin.obj (.text)
                  0013c353    00000046                       : boot.obj (.text)
                  0013c399    00000037     F28M36x_ELP_DRS.obj (.text)
                  0013c3d0    00000034     rts2800_fpu32.lib : ldexp.obj (.text)
                  0013c404    0000002d     F28M36x_PieCtrl.obj (.text)
                  0013c431    0000001e     rts2800_fpu32.lib : memcpy.obj (.text)
                  0013c44f    0000001b     main.obj (.text)
                  0013c46a    0000001a     Test_HRADC.obj (.text:retain)
                  0013c484    00000019     rts2800_fpu32.lib : args_main.obj (.text)
                  0013c49d    00000019                       : exit.obj (.text)
                  0013c4b6    00000019                       : prolog.obj (.text)
                  0013c4cf    00000013     TimeSlicer.obj (.text)
                  0013c4e2    00000011     F28M36x_PieVect.obj (.text)
                  0013c4f3    0000000c     rts2800_fpu32.lib : epilog.obj (.text)
                  0013c4ff    00000009                       : _lock.obj (.text)

.econst    0    0013e000    00000100     
                  0013e000    00000100     F28M36x_PieVect.obj (.econst)

.cinit     0    0013e100    0000006f     
                  0013e100    00000030     ELP_DCL.obj (.cinit)
                  0013e130    00000015     PWM_modules.obj (.cinit)
                  0013e145    0000000c     DMA_SPI_Interface.obj (.cinit)
                  0013e151    0000000a     rts2800_fpu32.lib : exit.obj (.cinit)
                  0013e15b    00000005                       : _lock.obj (.cinit:__lock)
                  0013e160    00000005                       : _lock.obj (.cinit:__unlock)
                  0013e165    00000004     SFO_TI_Build_V7_FPU.lib : SFO_v7_fpu_lib_build_c28.obj (.cinit)
                  0013e169    00000004     rts2800_fpu32.lib : errno.obj (.cinit)
                  0013e16d    00000002     --HOLE-- [fill = 0]

codestart 
*          0    0013fff0    00000002     
                  0013fff0    00000002     F28M36x_CodeStartBranch.obj (codestart)

.stack     1    00000080    00000300     UNINITIALIZED
                  00000080    00000300     --HOLE--

DevEmuRegsFile 
*          1    00000880    00000042     UNINITIALIZED
                  00000880    00000042     F28M36x_GlobalVariableDefs.obj (DevEmuRegsFile)

CsmRegsFile 
*          1    00000ae0    00000016     UNINITIALIZED
                  00000ae0    00000016     F28M36x_GlobalVariableDefs.obj (CsmRegsFile)

AdcResultFile 
*          1    00000b00    00000010     UNINITIALIZED
                  00000b00    00000010     F28M36x_GlobalVariableDefs.obj (AdcResultFile)

Adc1ResultFile 
*          1    00000b00    00000010     UNINITIALIZED
                  00000b00    00000010     F28M36x_GlobalVariableDefs.obj (Adc1ResultFile)

Adc2ResultFile 
*          1    00000b40    00000010     UNINITIALIZED
                  00000b40    00000010     F28M36x_GlobalVariableDefs.obj (Adc2ResultFile)

CpuTimer0RegsFile 
*          1    00000c00    00000008     UNINITIALIZED
                  00000c00    00000008     F28M36x_GlobalVariableDefs.obj (CpuTimer0RegsFile)

CpuTimer1RegsFile 
*          1    00000c08    00000008     UNINITIALIZED
                  00000c08    00000008     F28M36x_GlobalVariableDefs.obj (CpuTimer1RegsFile)

CpuTimer2RegsFile 
*          1    00000c10    00000008     UNINITIALIZED
                  00000c10    00000008     F28M36x_GlobalVariableDefs.obj (CpuTimer2RegsFile)

PieCtrlRegsFile 
*          1    00000ce0    0000001a     UNINITIALIZED
                  00000ce0    0000001a     F28M36x_GlobalVariableDefs.obj (PieCtrlRegsFile)

PieVectTableFile 
*          1    00000d00    00000100     UNINITIALIZED
                  00000d00    00000100     F28M36x_GlobalVariableDefs.obj (PieVectTableFile)

EmuKeyVar 
*          1    00000d00    00000000     UNINITIALIZED

EmuBModeVar 
*          1    00000d00    00000000     UNINITIALIZED

FlashCallbackVar 
*          1    00000d00    00000000     UNINITIALIZED

FlashScalingVar 
*          1    00000d00    00000000     UNINITIALIZED

PieVectTableCopyFile 
*          1    00000e00    00000100     UNINITIALIZED
                  00000e00    00000100     F28M36x_GlobalVariableDefs.obj (PieVectTableCopyFile)

DmaRegsFile 
*          1    00001000    000000e0     UNINITIALIZED
                  00001000    000000e0     F28M36x_GlobalVariableDefs.obj (DmaRegsFile)

AnalogSysctrlRegsFile 
*          1    00001700    00000078     UNINITIALIZED
                  00001700    00000078     F28M36x_GlobalVariableDefs.obj (AnalogSysctrlRegsFile)

HWBistRegsFile 
*          1    00001780    00000030     UNINITIALIZED
                  00001780    00000030     F28M36x_GlobalVariableDefs.obj (HWBistRegsFile)

FlashCtrlRegsFile 
*          1    00004000    00000182     UNINITIALIZED
                  00004000    00000182     F28M36x_GlobalVariableDefs.obj (FlashCtrlRegsFile)

FlashEccRegsFile 
*          1    00004300    00000024     UNINITIALIZED
                  00004300    00000024     F28M36x_GlobalVariableDefs.obj (FlashEccRegsFile)

M3PllRegsFile 
*          1    00004400    00000008     UNINITIALIZED
                  00004400    00000008     F28M36x_GlobalVariableDefs.obj (M3PllRegsFile)

RAMRegsFile 
*          1    00004900    0000003e     UNINITIALIZED
                  00004900    0000003e     F28M36x_GlobalVariableDefs.obj (RAMRegsFile)

RAMErrRegsFile 
*          1    00004a00    0000003e     UNINITIALIZED
                  00004a00    0000003e     F28M36x_GlobalVariableDefs.obj (RAMErrRegsFile)

CtoMIpcRegsFile 
*          1    00004e00    00000040     UNINITIALIZED
                  00004e00    00000040     F28M36x_GlobalVariableDefs.obj (CtoMIpcRegsFile)

McbspaRegsFile 
*          1    00005000    00000024     UNINITIALIZED
                  00005000    00000024     F28M36x_GlobalVariableDefs.obj (McbspaRegsFile)

EPwm1RegsFile 
*          1    00005100    00000080     UNINITIALIZED
                  00005100    00000080     F28M36x_GlobalVariableDefs.obj (EPwm1RegsFile)

EPwm2RegsFile 
*          1    00005180    00000080     UNINITIALIZED
                  00005180    00000080     F28M36x_GlobalVariableDefs.obj (EPwm2RegsFile)

EPwm3RegsFile 
*          1    00005200    00000080     UNINITIALIZED
                  00005200    00000080     F28M36x_GlobalVariableDefs.obj (EPwm3RegsFile)

EPwm4RegsFile 
*          1    00005280    00000080     UNINITIALIZED
                  00005280    00000080     F28M36x_GlobalVariableDefs.obj (EPwm4RegsFile)

EPwm5RegsFile 
*          1    00005300    00000080     UNINITIALIZED
                  00005300    00000080     F28M36x_GlobalVariableDefs.obj (EPwm5RegsFile)

EPwm6RegsFile 
*          1    00005380    00000080     UNINITIALIZED
                  00005380    00000080     F28M36x_GlobalVariableDefs.obj (EPwm6RegsFile)

EPwm7RegsFile 
*          1    00005400    00000080     UNINITIALIZED
                  00005400    00000080     F28M36x_GlobalVariableDefs.obj (EPwm7RegsFile)

EPwm8RegsFile 
*          1    00005480    00000080     UNINITIALIZED
                  00005480    00000080     F28M36x_GlobalVariableDefs.obj (EPwm8RegsFile)

EPwm9RegsFile 
*          1    00005500    00000080     UNINITIALIZED
                  00005500    00000080     F28M36x_GlobalVariableDefs.obj (EPwm9RegsFile)

EPwm10RegsFile 
*          1    00005580    00000080     UNINITIALIZED
                  00005580    00000080     F28M36x_GlobalVariableDefs.obj (EPwm10RegsFile)

ECap1RegsFile 
*          1    00005a00    00000020     UNINITIALIZED
                  00005a00    00000020     F28M36x_GlobalVariableDefs.obj (ECap1RegsFile)

ECap2RegsFile 
*          1    00005a20    00000020     UNINITIALIZED
                  00005a20    00000020     F28M36x_GlobalVariableDefs.obj (ECap2RegsFile)

ECap3RegsFile 
*          1    00005a40    00000020     UNINITIALIZED
                  00005a40    00000020     F28M36x_GlobalVariableDefs.obj (ECap3RegsFile)

ECap4RegsFile 
*          1    00005a60    00000020     UNINITIALIZED
                  00005a60    00000020     F28M36x_GlobalVariableDefs.obj (ECap4RegsFile)

ECap5RegsFile 
*          1    00005a80    00000020     UNINITIALIZED
                  00005a80    00000020     F28M36x_GlobalVariableDefs.obj (ECap5RegsFile)

ECap6RegsFile 
*          1    00005aa0    00000020     UNINITIALIZED
                  00005aa0    00000020     F28M36x_GlobalVariableDefs.obj (ECap6RegsFile)

EQep1RegsFile 
*          1    00005b00    00000022     UNINITIALIZED
                  00005b00    00000022     F28M36x_GlobalVariableDefs.obj (EQep1RegsFile)

EQep2RegsFile 
*          1    00005b40    00000022     UNINITIALIZED
                  00005b40    00000022     F28M36x_GlobalVariableDefs.obj (EQep2RegsFile)

EQep3RegsFile 
*          1    00005b80    00000022     UNINITIALIZED
                  00005b80    00000022     F28M36x_GlobalVariableDefs.obj (EQep3RegsFile)

GpioCtrlRegsFile 
*          1    00005f00    000000e0     UNINITIALIZED
                  00005f00    000000e0     F28M36x_GlobalVariableDefs.obj (GpioCtrlRegsFile)

GpioG1CtrlRegsFile 
*          1    00005f00    000000e0     UNINITIALIZED
                  00005f00    000000e0     F28M36x_GlobalVariableDefs.obj (GpioG1CtrlRegsFile)

GpioDataRegsFile 
*          1    00005f00    000000e0     UNINITIALIZED
                  00005f00    000000e0     F28M36x_GlobalVariableDefs.obj (GpioDataRegsFile)

GpioG1DataRegsFile 
*          1    00005f00    000000e0     UNINITIALIZED
                  00005f00    000000e0     F28M36x_GlobalVariableDefs.obj (GpioG1DataRegsFile)

GpioTripRegsFile 
*          1    00005fe0    00000020     UNINITIALIZED
                  00005fe0    00000020     F28M36x_GlobalVariableDefs.obj (GpioTripRegsFile)

GpioG1TripRegsFile 
*          1    00005fe0    00000020     UNINITIALIZED
                  00005fe0    00000020     F28M36x_GlobalVariableDefs.obj (GpioG1TripRegsFile)

Comp1RegsFile 
*          1    00006400    00000007     UNINITIALIZED
                  00006400    00000007     F28M36x_GlobalVariableDefs.obj (Comp1RegsFile)

Comp2RegsFile 
*          1    00006420    00000007     UNINITIALIZED
                  00006420    00000007     F28M36x_GlobalVariableDefs.obj (Comp2RegsFile)

Comp3RegsFile 
*          1    00006440    00000007     UNINITIALIZED
                  00006440    00000007     F28M36x_GlobalVariableDefs.obj (Comp3RegsFile)

Comp4RegsFile 
*          1    00006460    00000007     UNINITIALIZED
                  00006460    00000007     F28M36x_GlobalVariableDefs.obj (Comp4RegsFile)

Comp5RegsFile 
*          1    00006480    00000007     UNINITIALIZED
                  00006480    00000007     F28M36x_GlobalVariableDefs.obj (Comp5RegsFile)

Comp6RegsFile 
*          1    000064a0    00000007     UNINITIALIZED
                  000064a0    00000007     F28M36x_GlobalVariableDefs.obj (Comp6RegsFile)

GpioG2CtrlRegsFile 
*          1    00006f80    0000003c     UNINITIALIZED
                  00006f80    0000003c     F28M36x_GlobalVariableDefs.obj (GpioG2CtrlRegsFile)

GpioG2DataRegsFile 
*          1    00006fc0    00000020     UNINITIALIZED
                  00006fc0    00000020     F28M36x_GlobalVariableDefs.obj (GpioG2DataRegsFile)

SysCtrlRegsFile 
*          1    00007010    0000001d     UNINITIALIZED
                  00007010    0000001d     F28M36x_GlobalVariableDefs.obj (SysCtrlRegsFile)

SpiaRegsFile 
*          1    00007040    00000010     UNINITIALIZED
                  00007040    00000010     F28M36x_GlobalVariableDefs.obj (SpiaRegsFile)

SciaRegsFile 
*          1    00007050    00000010     UNINITIALIZED
                  00007050    00000010     F28M36x_GlobalVariableDefs.obj (SciaRegsFile)

NmiIntruptRegsFile 
*          1    00007060    00000006     UNINITIALIZED
                  00007060    00000006     F28M36x_GlobalVariableDefs.obj (NmiIntruptRegsFile)

XIntruptRegsFile 
*          1    00007070    00000010     UNINITIALIZED
                  00007070    00000010     F28M36x_GlobalVariableDefs.obj (XIntruptRegsFile)

AdcRegsFile 
*          1    00007100    00000050     UNINITIALIZED
                  00007100    00000050     F28M36x_GlobalVariableDefs.obj (AdcRegsFile)

Adc1RegsFile 
*          1    00007100    00000050     UNINITIALIZED
                  00007100    00000050     F28M36x_GlobalVariableDefs.obj (Adc1RegsFile)

Adc2RegsFile 
*          1    00007180    00000050     UNINITIALIZED
                  00007180    00000050     F28M36x_GlobalVariableDefs.obj (Adc2RegsFile)

I2caRegsFile 
*          1    00007900    00000022     UNINITIALIZED
                  00007900    00000022     F28M36x_GlobalVariableDefs.obj (I2caRegsFile)

.ebss      1    0000a000    0000094b     UNINITIALIZED
                  0000a000    00000840     Test_HRPWM.obj (.ebss)
                  0000a840    0000002e     PWM_modules.obj (.ebss)
                  0000a86e    0000000e     FAC_Full_ACDC_10kHz.obj (.ebss)
                  0000a87c    00000004     HRADC_Boards.obj (.ebss)
                  0000a880    0000001e     ELP_DCL.obj (.ebss)
                  0000a89e    0000001e     SigGen.obj (.ebss)
                  0000a8bc    00000004     rts2800_fpu32.lib : exit.obj (.ebss)
                  0000a8c0    0000001a     Test_HRADC.obj (.ebss)
                  0000a8da    00000018     F28M36x_CpuTimers.obj (.ebss)
                  0000a8f2    0000000c     TimeSlicer.obj (.ebss)
                  0000a8fe    00000002     rts2800_fpu32.lib : _lock.obj (.ebss:__lock)
                  0000a900    0000000b     SFO_TI_Build_V7_FPU.lib : SFO_v7_fpu_lib_build_c28.obj (.ebss)
                  0000a90b    00000001     rts2800_fpu32.lib : errno.obj (.ebss)
                  0000a90c    0000000a     FAC_ACDC_10kHz.obj (.ebss)
                  0000a916    00000008     DMA_SPI_Interface.obj (.ebss)
                  0000a91e    00000008     FAC_DCDC_20kHz.obj (.ebss)
                  0000a926    00000008     FAC_Full_DCDC_20kHz.obj (.ebss)
                  0000a92e    00000008     FAP_DCDC_20kHz.obj (.ebss)
                  0000a936    00000008     FBP_100kHz.obj (.ebss)
                  0000a93e    00000002     rts2800_fpu32.lib : _lock.obj (.ebss:__unlock)
                  0000a940    00000008     IPC_modules.obj (.ebss)
                  0000a948    00000003     FAP_ACDC.obj (.ebss)

SHARERAMS0 
*          1    0000c000    00000330     UNINITIALIZED
                  0000c000    00000330     DP_framework.obj (SHARERAMS0)

SHARERAMS1 
*          1    0000d000    00000330     UNINITIALIZED
                  0000d000    00000330     DP_framework.obj (SHARERAMS1)

SHARERAMS2 
*          1    0000e000    00000440     UNINITIALIZED
                  0000e000    00000218     HRADC_Boards.obj (SHARERAMS2)
                  0000e218    00000028     --HOLE--
                  0000e240    00000200     DMA_SPI_Interface.obj (SHARERAMS2)

SHARERAMS45 
*          1    00010000    00002000     UNINITIALIZED
                  00010000    00002000     IPC_modules.obj (SHARERAMS45)

SHARERAMS67 
*          1    00012000    00002000     UNINITIALIZED
                  00012000    00002000     IPC_modules.obj (SHARERAMS67)

CTOM_MSG_RAM 
*          1    0003f800    00000022     UNINITIALIZED
                  0003f800    00000022     IPC_modules.obj (CTOM_MSG_RAM)

MTOC_MSG_RAM 
*          1    0003fc00    00000272     UNINITIALIZED
                  0003fc00    00000272     IPC_modules.obj (MTOC_MSG_RAM)

FlashExeOnlyFile 
*          1    0013fff2    00000002     UNINITIALIZED
                  0013fff2    00000002     F28M36x_GlobalVariableDefs.obj (FlashExeOnlyFile)

EcslPwlFile 
*          1    0013fff4    00000004     UNINITIALIZED
                  0013fff4    00000004     F28M36x_GlobalVariableDefs.obj (EcslPwlFile)

CsmPwlFile 
*          1    0013fff8    00000008     UNINITIALIZED
                  0013fff8    00000008     F28M36x_GlobalVariableDefs.obj (CsmPwlFile)

.pinit     0    0013e000    00000000     UNINITIALIZED

GETBUFFER 
*          0    0003fc00    00000000     DSECT

GETWRITEIDX 
*          0    0003fc00    00000000     DSECT

PUTREADIDX 
*          0    0003fc00    00000000     DSECT

.reset     0    003fffc0    00000002     DSECT
                  003fffc0    00000002     rts2800_fpu32.lib : boot.obj (.reset)

vectors    0    003fffc2    00000000     DSECT


GLOBAL DATA SYMBOLS: SORTED BY DATA PAGE

address     data page           name
--------    ----------------    ----
00000080       2 (00000080)     __stack

00000880      22 (00000880)     _DevEmuRegs

00000ae0      2b (00000ac0)     _CsmRegs

00000b00      2c (00000b00)     _Adc1Result
00000b00      2c (00000b00)     _AdcResult

00000b40      2d (00000b40)     _Adc2Result

00000c00      30 (00000c00)     _CpuTimer0Regs
00000c08      30 (00000c00)     _CpuTimer1Regs
00000c10      30 (00000c00)     _CpuTimer2Regs

00000ce0      33 (00000cc0)     _PieCtrlRegs

00000d00      34 (00000d00)     _PieVectTable

00000e00      38 (00000e00)     _PieVectTableCopy

00001000      40 (00001000)     _DmaRegs

00001700      5c (00001700)     _AnalogSysctrlRegs

00001780      5e (00001780)     _HWBistRegs

00004000     100 (00004000)     _FlashCtrlRegs

00004300     10c (00004300)     _FlashEccRegs

00004400     110 (00004400)     _M3PllRegs

00004900     124 (00004900)     _RAMRegs

00004a00     128 (00004a00)     _RAMErrRegs

00004e00     138 (00004e00)     _CtoMIpcRegs

00005000     140 (00005000)     _McbspaRegs

00005100     144 (00005100)     _EPwm1Regs

00005180     146 (00005180)     _EPwm2Regs

00005200     148 (00005200)     _EPwm3Regs

00005280     14a (00005280)     _EPwm4Regs

00005300     14c (00005300)     _EPwm5Regs

00005380     14e (00005380)     _EPwm6Regs

00005400     150 (00005400)     _EPwm7Regs

00005480     152 (00005480)     _EPwm8Regs

00005500     154 (00005500)     _EPwm9Regs

00005580     156 (00005580)     _EPwm10Regs

00005a00     168 (00005a00)     _ECap1Regs
00005a20     168 (00005a00)     _ECap2Regs

00005a40     169 (00005a40)     _ECap3Regs
00005a60     169 (00005a40)     _ECap4Regs

00005a80     16a (00005a80)     _ECap5Regs
00005aa0     16a (00005a80)     _ECap6Regs

00005b00     16c (00005b00)     _EQep1Regs

00005b40     16d (00005b40)     _EQep2Regs

00005b80     16e (00005b80)     _EQep3Regs

00005f00     17c (00005f00)     _GpioCtrlRegs
00005f00     17c (00005f00)     _GpioDataRegs
00005f00     17c (00005f00)     _GpioG1CtrlRegs
00005f00     17c (00005f00)     _GpioG1DataRegs

00005fe0     17f (00005fc0)     _GpioG1TripRegs
00005fe0     17f (00005fc0)     _GpioTripRegs

00006400     190 (00006400)     _Comp1Regs
00006420     190 (00006400)     _Comp2Regs

00006440     191 (00006440)     _Comp3Regs
00006460     191 (00006440)     _Comp4Regs

00006480     192 (00006480)     _Comp5Regs
000064a0     192 (00006480)     _Comp6Regs

00006f80     1be (00006f80)     _GpioG2CtrlRegs

00006fc0     1bf (00006fc0)     _GpioG2DataRegs

00007010     1c0 (00007000)     _SysCtrlRegs

00007040     1c1 (00007040)     _SpiaRegs
00007050     1c1 (00007040)     _SciaRegs
00007060     1c1 (00007040)     _NmiIntruptRegs
00007070     1c1 (00007040)     _XIntruptRegs

00007100     1c4 (00007100)     _Adc1Regs
00007100     1c4 (00007100)     _AdcRegs

00007180     1c6 (00007180)     _Adc2Regs

00007900     1e4 (00007900)     _I2caRegs

0000a840     2a1 (0000a840)     _MEP_ScaleFactor
0000a841     2a1 (0000a840)     _SFO_status
0000a842     2a1 (0000a840)     _ePWM
0000a854     2a1 (0000a840)     _PWM_Modules
0000a87c     2a1 (0000a840)     _counterErrorSendCommand
0000a87e     2a1 (0000a840)     _AverageFilter

0000a880     2a2 (0000a880)     _a_coeff_NF_Vdc
0000a884     2a2 (0000a880)     _a_coeff_IIR_Vdc_ctrl
0000a888     2a2 (0000a880)     _a_coeff_LPF_Iin
0000a88c     2a2 (0000a880)     _b_coeff_LPF_Iin
0000a892     2a2 (0000a880)     _b_coeff_IIR_Vdc_ctrl
0000a898     2a2 (0000a880)     _b_coeff_NF_Vdc
0000a89e     2a2 (0000a880)     _SignalGenerator
0000a8bc     2a2 (0000a880)     ___TI_cleanup_ptr
0000a8be     2a2 (0000a880)     ___TI_dtors_ptr

0000a8c0     2a3 (0000a8c0)     _ID
0000a8c1     2a3 (0000a8c0)     _enableHeater
0000a8c2     2a3 (0000a8c0)     _SamplingEnable
0000a8c3     2a3 (0000a8c0)     _SendCommand
0000a8c6     2a3 (0000a8c0)     _enableRailsMonitor
0000a8c7     2a3 (0000a8c0)     _AnalogInput
0000a8ca     2a3 (0000a8c0)     _valorCounter
0000a8d0     2a3 (0000a8c0)     _HRADC2
0000a8d2     2a3 (0000a8c0)     _HRADC3
0000a8d4     2a3 (0000a8c0)     _HRADC0
0000a8d6     2a3 (0000a8c0)     _HRADC1
0000a8da     2a3 (0000a8c0)     _CpuTimer1
0000a8e2     2a3 (0000a8c0)     _CpuTimer2
0000a8ea     2a3 (0000a8c0)     _CpuTimer0
0000a8f2     2a3 (0000a8c0)     _TimeSlicer
0000a8fe     2a3 (0000a8c0)     __lock

0000a905     2a4 (0000a900)     _SFO_CAL
0000a906     2a4 (0000a900)     _MEP_SF
0000a90b     2a4 (0000a900)     _errno
0000a916     2a4 (0000a900)     _i_rdata
0000a918     2a4 (0000a900)     _dummy_data
0000a91a     2a4 (0000a900)     _DMATransferSize
0000a93e     2a4 (0000a900)     __unlock

0000a940     2a5 (0000a940)     _wfmSyncFlag
0000a944     2a5 (0000a940)     _IPC_PS_funcs

0000c000     300 (0000c000)     _DP_Framework_MtoC

0000d000     340 (0000d000)     _DP_Framework

0000e000     380 (0000e000)     _HRADCs_Info

0000e040     381 (0000e040)     _HRADC0_board

0000e0c0     383 (0000e0c0)     _HRADC1_board

0000e140     385 (0000e140)     _HRADC3_board

0000e1c0     387 (0000e1c0)     _HRADC2_board

0000e240     389 (0000e240)     _buffers_HRADC

00010000     400 (00010000)     _samplesBuffer

00012000     480 (00012000)     _wfmRef_Curve

0003f800     fe0 (0003f800)     _IPC_CtoM_Msg

0003fc00     ff0 (0003fc00)     _IPC_MtoC_Msg

0003fcc0     ff3 (0003fcc0)     _IPC_MtoC_Param

0013e000    4f80 (0013e000)     _PieVectTableInit

0013fff2    4fff (0013ffc0)     _FlashExeOnly
0013fff4    4fff (0013ffc0)     _EcslPwl
0013fff8    4fff (0013ffc0)     _CsmPwl


GLOBAL SYMBOLS: SORTED ALPHABETICALLY BY Name 

page  address   name                      
----  -------   ----                      
0     0013a000  .text                     
0     0013c49d  C$$EXIT                   
0     0013c0d2  FS$$DIV                   
0     0013a723  _ADCINT1_ISR              
0     0013a719  _ADCINT2_ISR              
0     0013a70f  _ADCINT3_ISR              
0     0013a705  _ADCINT4_ISR              
0     0013a6fb  _ADCINT5_ISR              
0     0013a6f1  _ADCINT6_ISR              
0     0013a6e7  _ADCINT7_ISR              
0     0013a6dd  _ADCINT8_ISR              
1     00007100  _Adc1Regs                 
1     00000b00  _Adc1Result               
1     00007180  _Adc2Regs                 
1     00000b40  _Adc2Result               
1     00007100  _AdcRegs                  
1     00000b00  _AdcResult                
1     0000a8c7  _AnalogInput              
1     00001700  _AnalogSysctrlRegs        
1     0000a87e  _AverageFilter            
0     0013ae4b  _Bypass_ELP_SRLim         
0     0013a6d3  _CFLFSM_ISR               
0     0013a6c9  _CFLSINGERR_ISR           
0     0013a6bf  _CRAMACCVIOL_ISR          
0     0013a6b5  _CRAMSINGERR_ISR          
0     0013bc1c  _CSMSecurityStatus        
0     0013b828  _CheckStatus_HRADC        
1     00006400  _Comp1Regs                
1     00006420  _Comp2Regs                
1     00006440  _Comp3Regs                
1     00006460  _Comp4Regs                
1     00006480  _Comp5Regs                
1     000064a0  _Comp6Regs                
0     0013c2da  _ConfigCpuTimer           
0     0013b6d2  _ConfigDP_Module          
0     0013b62c  _ConfigDP_Module_AllParam 
0     00009b75  _ConfigPSOpMode           
0     0013b88e  _Config_HRADC_SoC         
0     0013b841  _Config_HRADC_board       
1     0000a8ea  _CpuTimer0                
1     00000c00  _CpuTimer0Regs            
1     0000a8da  _CpuTimer1                
1     00000c08  _CpuTimer1Regs            
1     0000a8e2  _CpuTimer2                
1     00000c10  _CpuTimer2Regs            
1     0013fff8  _CsmPwl                   
1     00000ae0  _CsmRegs                  
0     0013bbfb  _CsmUnlock                
1     00004e00  _CtoMIpcRegs              
0     0013a6ab  _DATALOG_ISR              
0     0013a6a1  _DINTCH1_ISR              
0     0013a697  _DINTCH2_ISR              
0     0013a68d  _DINTCH3_ISR              
0     0013a683  _DINTCH4_ISR              
0     0013a679  _DINTCH5_ISR              
0     0013a66f  _DINTCH6_ISR              
1     0000a91a  _DMATransferSize          
1     0000d000  _DP_Framework             
1     0000c000  _DP_Framework_MtoC        
0     00009ce9  _DSP28x_usDelay           
1     00000880  _DevEmuRegs               
0     0013b60e  _DisablePWMInterrupt      
0     0000985d  _DisablePWMOutput         
0     00009841  _DisablePWMOutputs        
0     0013b5f2  _DisablePWM_TBCLK         
0     0000997d  _Disable_ELP_SigGen       
1     00001000  _DmaRegs                  
0     0013a665  _ECAP1_INT_ISR            
0     0013a65b  _ECAP2_INT_ISR            
0     0013a651  _ECAP3_INT_ISR            
0     0013a647  _ECAP4_INT_ISR            
0     0013a63d  _ECAP5_INT_ISR            
0     0013a633  _ECAP6_INT_ISR            
0     0013bbef  _ECSLSecurityStatus       
1     00005a00  _ECap1Regs                
1     00005a20  _ECap2Regs                
1     00005a40  _ECap3Regs                
1     00005a60  _ECap4Regs                
1     00005a80  _ECap5Regs                
1     00005aa0  _ECap6Regs                
0     0013a626  _EMPTY_ISR                
0     0013a61c  _EMUINT_ISR               
0     0013a612  _EPWM1_INT_ISR            
0     0013a608  _EPWM1_TZINT_ISR          
0     0013a5fe  _EPWM2_INT_ISR            
0     0013a5f4  _EPWM2_TZINT_ISR          
0     0013a5ea  _EPWM3_INT_ISR            
0     0013a5e0  _EPWM3_TZINT_ISR          
0     0013a5d6  _EPWM4_INT_ISR            
0     0013a5cc  _EPWM4_TZINT_ISR          
0     0013a5c2  _EPWM5_INT_ISR            
0     0013a5b8  _EPWM5_TZINT_ISR          
0     0013a5ae  _EPWM6_INT_ISR            
0     0013a5a4  _EPWM6_TZINT_ISR          
0     0013a59a  _EPWM7_INT_ISR            
0     0013a590  _EPWM7_TZINT_ISR          
0     0013a586  _EPWM8_INT_ISR            
0     0013a57c  _EPWM8_TZINT_ISR          
0     0013a572  _EPWM9_INT_ISR            
0     0013a568  _EPWM9_TZINT_ISR          
1     00005580  _EPwm10Regs               
1     00005100  _EPwm1Regs                
1     00005180  _EPwm2Regs                
1     00005200  _EPwm3Regs                
1     00005280  _EPwm4Regs                
1     00005300  _EPwm5Regs                
1     00005380  _EPwm6Regs                
1     00005400  _EPwm7Regs                
1     00005480  _EPwm8Regs                
1     00005500  _EPwm9Regs                
0     0013a55e  _EQEP1_INT_ISR            
0     0013a554  _EQEP2_INT_ISR            
0     0013a54a  _EQEP3_INT_ISR            
1     00005b00  _EQep1Regs                
1     00005b40  _EQep2Regs                
1     00005b80  _EQep3Regs                
1     0013fff4  _EcslPwl                  
0     0013bbd8  _EcslUnlock               
0     0013c428  _EnableInterrupts         
0     0013b5eb  _EnablePWMInterrupt       
0     0000982a  _EnablePWMOutput          
0     0000980d  _EnablePWMOutputs         
0     0013b5e3  _EnablePWM_TBCLK          
0     00009a2a  _Enable_ELP_SigGen        
1     00004000  _FlashCtrlRegs            
1     00004300  _FlashEccRegs             
1     0013fff2  _FlashExeOnly             
0     00009a9e  _FlashGainPump            
0     00009a93  _FlashLeavePump           
0     0013bbce  _GetEXEstatus             
1     00005f00  _GpioCtrlRegs             
1     00005f00  _GpioDataRegs             
1     00005f00  _GpioG1CtrlRegs           
1     00005f00  _GpioG1DataRegs           
1     00005fe0  _GpioG1TripRegs           
1     00006f80  _GpioG2CtrlRegs           
1     00006fc0  _GpioG2DataRegs           
1     00005fe0  _GpioTripRegs             
1     0000a8d4  _HRADC0                   
1     0000e040  _HRADC0_board             
1     0000a8d6  _HRADC1                   
1     0000e0c0  _HRADC1_board             
1     0000a8d0  _HRADC2                   
1     0000e1c0  _HRADC2_board             
1     0000a8d2  _HRADC3                   
1     0000e140  _HRADC3_board             
1     0000e000  _HRADCs_Info              
1     00001780  _HWBistRegs               
0     0013a540  _I2CINT1A_ISR             
0     0013a536  _I2CINT2A_ISR             
1     00007900  _I2caRegs                 
1     0000a8c0  _ID                       
0     0013a52c  _ILLEGAL_ISR              
0     0013a522  _INT13_ISR                
0     0013a518  _INT14_ISR                
1     0003f800  _IPC_CtoM_Msg             
1     0003fc00  _IPC_MtoC_Msg             
1     0003fcc0  _IPC_MtoC_Param           
1     0000a944  _IPC_PS_funcs             
0     0013c3cb  _IndexBuffer              
0     0013c3c0  _InitBuffer               
0     0013c29f  _InitCpuTimers            
0     0013b619  _InitDP_Framework         
0     0013c048  _InitEPwm                 
0     0013bfb3  _InitEPwm1Gpio            
0     0013bfc1  _InitEPwm2Gpio            
0     0013bfcf  _InitEPwm3Gpio            
0     0013bfdf  _InitEPwm4Gpio            
0     0013bfef  _InitEPwm5Gpio            
0     0013bffd  _InitEPwm6Gpio            
0     0013c00b  _InitEPwm7Gpio            
0     0013c01b  _InitEPwm8Gpio            
0     0013c02b  _InitEPwm9Gpio            
0     0013c035  _InitEPwmGpio             
0     0013bfac  _InitEPwmSyncGpio         
0     00009a67  _InitFlash                
0     0013c049  _InitIPC                  
0     0013bceb  _InitMcbsp                
0     0013bc63  _InitMcbspGpio            
0     0013bceb  _InitMcbspa               
0     0013bcdd  _InitMcbspa12bit          
0     0013bccf  _InitMcbspa16bit          
0     0013bcc1  _InitMcbspa20bit          
0     0013bcb3  _InitMcbspa24bit          
0     0013bca5  _InitMcbspa32bit          
0     0013bc9b  _InitMcbspa8bit           
0     0013bc63  _InitMcbspaGpio           
0     0013bc4e  _InitMcbspaInt            
0     0013b5d9  _InitPWMDAC               
0     0013b50f  _InitPWMModule            
0     0013b504  _InitPWM_MEP_SFO          
0     0013bb2a  _InitPeripheralClocks     
0     0013c404  _InitPieCtrl              
0     0013c4e2  _InitPieVectTable         
0     0013bb91  _InitSysCtrl              
0     0013bfa8  _InitTzGpio               
0     0013be4a  _Init_DMA_McBSP_nBuffers  
0     0013ae3f  _Init_ELP_Error           
0     0013ae19  _Init_ELP_IIR_2P2Z        
0     0013ade7  _Init_ELP_IIR_3P3Z        
0     0013adaa  _Init_ELP_LPF             
0     0013ad35  _Init_ELP_NF_IIR          
0     0013acf6  _Init_ELP_PI_dawu         
0     0013ace3  _Init_ELP_SRLim           
0     0013bd39  _Init_ELP_SigGen          
0     0013b7b3  _Init_HRADC_Info          
0     0013bf3d  _Init_SPIMaster_Gpio      
0     0013beef  _Init_SPIMaster_McBSP     
0     0013a50e  _LUF_ISR                  
0     0013a504  _LVF_ISR                  
0     0013b4e4  _LinkPWM_Modules          
0     0013bb22  _LockDevice               
1     00004400  _M3PllRegs                
1     0000a906  _MEP_SF                   
1     0000a840  _MEP_ScaleFactor          
0     0013a4fa  _MRINTA_ISR               
0     0013a4f0  _MTOCIPC_INT1_ISR         
0     0013a4e6  _MTOCIPC_INT2_ISR         
0     0013a4dc  _MTOCIPC_INT3_ISR         
0     0013a4d2  _MTOCIPC_INT4_ISR         
0     0013a4c8  _MXINTA_ISR               
1     00005000  _McbspaRegs               
0     0013a4be  _NMI_ISR                  
1     00007060  _NmiIntruptRegs           
0     0013a4b4  _PIE_RESERVED             
1     0000a854  _PWM_Modules              
1     00000ce0  _PieCtrlRegs              
1     00000d00  _PieVectTable             
1     00000e00  _PieVectTableCopy         
0     0013e000  _PieVectTableInit         
1     00004a00  _RAMErrRegs               
1     00004900  _RAMRegs                  
0     0013a4aa  _RTOSINT_ISR              
0     00139ced  _RamfuncsLoadEnd          
abs   00001ced  _RamfuncsLoadSize         
0     00138000  _RamfuncsLoadStart        
0     00009ced  _RamfuncsRunEnd           
abs   00001ced  _RamfuncsRunSize          
0     00008000  _RamfuncsRunStart         
0     0013c3af  _ResetBuffer              
0     0013acde  _Reset_ELP_Error          
0     0013acce  _Reset_ELP_IIR_2P2Z       
0     0013acba  _Reset_ELP_IIR_3P3Z       
0     0013acb1  _Reset_ELP_LPF            
0     0013aca1  _Reset_ELP_PI_dawu        
0     0013ac9c  _Reset_ELP_SRLim          
0     0013bd2d  _Reset_ELP_SigGen         
0     0013c4d9  _Reset_TimeSlicers        
0     0013ac90  _Run_ELP_Error            
0     00009911  _Run_ELP_IIR_2P2Z         
0     0013ac30  _Run_ELP_IIR_3P3Z         
0     000098f6  _Run_ELP_LPF              
0     000098a3  _Run_ELP_PI_dawu          
0     00009873  _Run_ELP_SRLim            
0     000099d8  _Run_ELP_SigGen_DampedSine
0     000099d2  _Run_ELP_SigGen_FreqSweep 
0     0000997f  _Run_ELP_SigGen_Sine      
0     00009977  _Run_ELP_SigGen_Square    
0     00009971  _Run_ELP_SigGen_Triangle  
0     0013a4a0  _SCIRXINTA_ISR            
0     0013a496  _SCITXINTA_ISR            
0     0013b8ce  _SFO                      
1     0000a905  _SFO_CAL                  
1     0000a841  _SFO_status               
0     0013a48c  _SPIRXINTA_ISR            
0     0013a482  _SPITXINTA_ISR            
1     0000a8c2  _SamplingEnable           
1     00007050  _SciaRegs                 
1     0000a8c3  _SendCommand              
0     0013b780  _SendCommand_HRADC        
0     00009b70  _SendIpcFlag              
0     0013b4c4  _SetPWMComplementary      
0     0013b490  _SetPWMCounterSync        
0     0013b475  _SetPWMDeadTime           
0     000097e0  _SetPWMDutyCycle_ChA      
0     000097b3  _SetPWMDutyCycle_ChB      
0     00009782  _SetPWMDutyCycle_HBridge  
0     0013b45f  _SetPWMFreq               
0     0013b43e  _SetPWMSyncPhase          
0     0013c4cf  _Set_TimeSlicer           
0     00009a38  _SetupFlash               
1     0000a89e  _SignalGenerator          
0     0013c3aa  _SizeBuffer               
1     00007040  _SpiaRegs                 
1     00007010  _SysCtrlRegs              
0     0013a478  _TINT0_ISR                
1     0000a8f2  _TimeSlicer               
0     0013b438  _TunningPWM_MEP_SFO       
0     0013a46e  _USER10_ISR               
0     0013a464  _USER11_ISR               
0     0013a45a  _USER12_ISR               
0     0013a450  _USER1_ISR                
0     0013a446  _USER2_ISR                
0     0013a43c  _USER3_ISR                
0     0013a432  _USER4_ISR                
0     0013a428  _USER5_ISR                
0     0013a41e  _USER6_ISR                
0     0013a414  _USER7_ISR                
0     0013a40a  _USER8_ISR                
0     0013a400  _USER9_ISR                
0     0000995d  _Update_ELP_SigGen        
0     0013a3f6  _WAKEINT_ISR              
0     0013c399  _WriteBuffer              
0     0013a3ec  _XINT1_ISR                
0     0013a3e2  _XINT2_ISR                
0     0013a3d8  _XINT3_ISR                
1     00007070  _XIntruptRegs             
1     00000380  __STACK_END               
abs   00000300  __STACK_SIZE              
1     0000a8bc  ___TI_cleanup_ptr         
1     0000a8be  ___TI_dtors_ptr           
abs   ffffffff  ___binit__                
abs   ffffffff  ___c_args__               
0     0013e100  ___cinit__                
0     0013c508  ___etext__                
abs   ffffffff  ___pinit__                
0     0013a000  ___text__                 
0     0013c484  __args_main               
1     0000a8fe  __lock                    
0     0013c507  __nop                     
0     0013c503  __register_lock           
0     0013c4ff  __register_unlock         
1     00000080  __stack                   
1     0000a93e  __unlock                  
1     0000a884  _a_coeff_IIR_Vdc_ctrl     
1     0000a888  _a_coeff_LPF_Iin          
1     0000a880  _a_coeff_NF_Vdc           
0     0013c49d  _abort                    
1     0000a892  _b_coeff_IIR_Vdc_ctrl     
1     0000a88c  _b_coeff_LPF_Iin          
1     0000a898  _b_coeff_NF_Vdc           
1     0000e240  _buffers_HRADC            
0     0013c353  _c_int00                  
0     0013bc3b  _clkg_delay_loop          
0     0013c23e  _cos                      
1     0000a87c  _counterErrorSendCommand  
0     0013bc28  _delay_loop               
1     0000a918  _dummy_data               
1     0000a842  _ePWM                     
1     0000a8c1  _enableHeater             
1     0000a8c6  _enableRailsMonitor       
0     0013c4f3  _epilog_c28x_1            
0     0013c4f7  _epilog_c28x_2            
1     0000a90b  _errno                    
0     0013c49f  _exit                     
0     0013c1d6  _exp                      
1     0000a916  _i_rdata                  
0     00009528  _isr_IPC_Channel_1        
0     000094d4  _isr_IPC_Channel_2        
0     0013c3d0  _ldexp                    
0     0013c198  _local_D_INTCH1_ISR       
0     0013c15a  _local_D_INTCH2_ISR       
0     0013c44f  _main                     
0     0013a9ab  _main_FAC_ACDC_10kHz      
0     0013b02d  _main_FAC_DCDC_20kHz      
0     0013a39c  _main_FAC_Full_ACDC_10kHz 
0     0013ac0b  _main_FAC_Full_DCDC_20kHz 
0     0013babd  _main_FAP_ACDC            
0     0013b240  _main_FAP_DCDC_20kHz      
0     0013b426  _main_FBP_100kHz          
0     0013c431  _memcpy                   
0     0013c4b6  _prolog_c28x_1            
0     0013c4ba  _prolog_c28x_2            
0     0013c4c2  _prolog_c28x_3            
0     0013a3ce  _rsvd_ISR                 
1     00010000  _samplesBuffer            
0     0013c2fb  _sin                      
0     0013be3d  _start_DMA                
0     0013be12  _stop_DMA                 
1     0000a8ca  _valorCounter             
1     00012000  _wfmRef_Curve             
1     0000a940  _wfmSyncFlag              
abs   ffffffff  binit                     
0     0013e100  cinit                     
0     0013fff0  code_start                
0     0013c508  etext                     
abs   ffffffff  pinit                     


GLOBAL SYMBOLS: SORTED BY Symbol Address 

page  address   name                      
----  -------   ----                      
0     00008000  _RamfuncsRunStart         
0     000094d4  _isr_IPC_Channel_2        
0     00009528  _isr_IPC_Channel_1        
0     00009782  _SetPWMDutyCycle_HBridge  
0     000097b3  _SetPWMDutyCycle_ChB      
0     000097e0  _SetPWMDutyCycle_ChA      
0     0000980d  _EnablePWMOutputs         
0     0000982a  _EnablePWMOutput          
0     00009841  _DisablePWMOutputs        
0     0000985d  _DisablePWMOutput         
0     00009873  _Run_ELP_SRLim            
0     000098a3  _Run_ELP_PI_dawu          
0     000098f6  _Run_ELP_LPF              
0     00009911  _Run_ELP_IIR_2P2Z         
0     0000995d  _Update_ELP_SigGen        
0     00009971  _Run_ELP_SigGen_Triangle  
0     00009977  _Run_ELP_SigGen_Square    
0     0000997d  _Disable_ELP_SigGen       
0     0000997f  _Run_ELP_SigGen_Sine      
0     000099d2  _Run_ELP_SigGen_FreqSweep 
0     000099d8  _Run_ELP_SigGen_DampedSine
0     00009a2a  _Enable_ELP_SigGen        
0     00009a38  _SetupFlash               
0     00009a67  _InitFlash                
0     00009a93  _FlashLeavePump           
0     00009a9e  _FlashGainPump            
0     00009b70  _SendIpcFlag              
0     00009b75  _ConfigPSOpMode           
0     00009ce9  _DSP28x_usDelay           
0     00009ced  _RamfuncsRunEnd           
0     00138000  _RamfuncsLoadStart        
0     00139ced  _RamfuncsLoadEnd          
0     0013a000  .text                     
0     0013a000  ___text__                 
0     0013a39c  _main_FAC_Full_ACDC_10kHz 
0     0013a3ce  _rsvd_ISR                 
0     0013a3d8  _XINT3_ISR                
0     0013a3e2  _XINT2_ISR                
0     0013a3ec  _XINT1_ISR                
0     0013a3f6  _WAKEINT_ISR              
0     0013a400  _USER9_ISR                
0     0013a40a  _USER8_ISR                
0     0013a414  _USER7_ISR                
0     0013a41e  _USER6_ISR                
0     0013a428  _USER5_ISR                
0     0013a432  _USER4_ISR                
0     0013a43c  _USER3_ISR                
0     0013a446  _USER2_ISR                
0     0013a450  _USER1_ISR                
0     0013a45a  _USER12_ISR               
0     0013a464  _USER11_ISR               
0     0013a46e  _USER10_ISR               
0     0013a478  _TINT0_ISR                
0     0013a482  _SPITXINTA_ISR            
0     0013a48c  _SPIRXINTA_ISR            
0     0013a496  _SCITXINTA_ISR            
0     0013a4a0  _SCIRXINTA_ISR            
0     0013a4aa  _RTOSINT_ISR              
0     0013a4b4  _PIE_RESERVED             
0     0013a4be  _NMI_ISR                  
0     0013a4c8  _MXINTA_ISR               
0     0013a4d2  _MTOCIPC_INT4_ISR         
0     0013a4dc  _MTOCIPC_INT3_ISR         
0     0013a4e6  _MTOCIPC_INT2_ISR         
0     0013a4f0  _MTOCIPC_INT1_ISR         
0     0013a4fa  _MRINTA_ISR               
0     0013a504  _LVF_ISR                  
0     0013a50e  _LUF_ISR                  
0     0013a518  _INT14_ISR                
0     0013a522  _INT13_ISR                
0     0013a52c  _ILLEGAL_ISR              
0     0013a536  _I2CINT2A_ISR             
0     0013a540  _I2CINT1A_ISR             
0     0013a54a  _EQEP3_INT_ISR            
0     0013a554  _EQEP2_INT_ISR            
0     0013a55e  _EQEP1_INT_ISR            
0     0013a568  _EPWM9_TZINT_ISR          
0     0013a572  _EPWM9_INT_ISR            
0     0013a57c  _EPWM8_TZINT_ISR          
0     0013a586  _EPWM8_INT_ISR            
0     0013a590  _EPWM7_TZINT_ISR          
0     0013a59a  _EPWM7_INT_ISR            
0     0013a5a4  _EPWM6_TZINT_ISR          
0     0013a5ae  _EPWM6_INT_ISR            
0     0013a5b8  _EPWM5_TZINT_ISR          
0     0013a5c2  _EPWM5_INT_ISR            
0     0013a5cc  _EPWM4_TZINT_ISR          
0     0013a5d6  _EPWM4_INT_ISR            
0     0013a5e0  _EPWM3_TZINT_ISR          
0     0013a5ea  _EPWM3_INT_ISR            
0     0013a5f4  _EPWM2_TZINT_ISR          
0     0013a5fe  _EPWM2_INT_ISR            
0     0013a608  _EPWM1_TZINT_ISR          
0     0013a612  _EPWM1_INT_ISR            
0     0013a61c  _EMUINT_ISR               
0     0013a626  _EMPTY_ISR                
0     0013a633  _ECAP6_INT_ISR            
0     0013a63d  _ECAP5_INT_ISR            
0     0013a647  _ECAP4_INT_ISR            
0     0013a651  _ECAP3_INT_ISR            
0     0013a65b  _ECAP2_INT_ISR            
0     0013a665  _ECAP1_INT_ISR            
0     0013a66f  _DINTCH6_ISR              
0     0013a679  _DINTCH5_ISR              
0     0013a683  _DINTCH4_ISR              
0     0013a68d  _DINTCH3_ISR              
0     0013a697  _DINTCH2_ISR              
0     0013a6a1  _DINTCH1_ISR              
0     0013a6ab  _DATALOG_ISR              
0     0013a6b5  _CRAMSINGERR_ISR          
0     0013a6bf  _CRAMACCVIOL_ISR          
0     0013a6c9  _CFLSINGERR_ISR           
0     0013a6d3  _CFLFSM_ISR               
0     0013a6dd  _ADCINT8_ISR              
0     0013a6e7  _ADCINT7_ISR              
0     0013a6f1  _ADCINT6_ISR              
0     0013a6fb  _ADCINT5_ISR              
0     0013a705  _ADCINT4_ISR              
0     0013a70f  _ADCINT3_ISR              
0     0013a719  _ADCINT2_ISR              
0     0013a723  _ADCINT1_ISR              
0     0013a9ab  _main_FAC_ACDC_10kHz      
0     0013ac0b  _main_FAC_Full_DCDC_20kHz 
0     0013ac30  _Run_ELP_IIR_3P3Z         
0     0013ac90  _Run_ELP_Error            
0     0013ac9c  _Reset_ELP_SRLim          
0     0013aca1  _Reset_ELP_PI_dawu        
0     0013acb1  _Reset_ELP_LPF            
0     0013acba  _Reset_ELP_IIR_3P3Z       
0     0013acce  _Reset_ELP_IIR_2P2Z       
0     0013acde  _Reset_ELP_Error          
0     0013ace3  _Init_ELP_SRLim           
0     0013acf6  _Init_ELP_PI_dawu         
0     0013ad35  _Init_ELP_NF_IIR          
0     0013adaa  _Init_ELP_LPF             
0     0013ade7  _Init_ELP_IIR_3P3Z        
0     0013ae19  _Init_ELP_IIR_2P2Z        
0     0013ae3f  _Init_ELP_Error           
0     0013ae4b  _Bypass_ELP_SRLim         
0     0013b02d  _main_FAC_DCDC_20kHz      
0     0013b240  _main_FAP_DCDC_20kHz      
0     0013b426  _main_FBP_100kHz          
0     0013b438  _TunningPWM_MEP_SFO       
0     0013b43e  _SetPWMSyncPhase          
0     0013b45f  _SetPWMFreq               
0     0013b475  _SetPWMDeadTime           
0     0013b490  _SetPWMCounterSync        
0     0013b4c4  _SetPWMComplementary      
0     0013b4e4  _LinkPWM_Modules          
0     0013b504  _InitPWM_MEP_SFO          
0     0013b50f  _InitPWMModule            
0     0013b5d9  _InitPWMDAC               
0     0013b5e3  _EnablePWM_TBCLK          
0     0013b5eb  _EnablePWMInterrupt       
0     0013b5f2  _DisablePWM_TBCLK         
0     0013b60e  _DisablePWMInterrupt      
0     0013b619  _InitDP_Framework         
0     0013b62c  _ConfigDP_Module_AllParam 
0     0013b6d2  _ConfigDP_Module          
0     0013b780  _SendCommand_HRADC        
0     0013b7b3  _Init_HRADC_Info          
0     0013b828  _CheckStatus_HRADC        
0     0013b841  _Config_HRADC_board       
0     0013b88e  _Config_HRADC_SoC         
0     0013b8ce  _SFO                      
0     0013babd  _main_FAP_ACDC            
0     0013bb22  _LockDevice               
0     0013bb2a  _InitPeripheralClocks     
0     0013bb91  _InitSysCtrl              
0     0013bbce  _GetEXEstatus             
0     0013bbd8  _EcslUnlock               
0     0013bbef  _ECSLSecurityStatus       
0     0013bbfb  _CsmUnlock                
0     0013bc1c  _CSMSecurityStatus        
0     0013bc28  _delay_loop               
0     0013bc3b  _clkg_delay_loop          
0     0013bc4e  _InitMcbspaInt            
0     0013bc63  _InitMcbspGpio            
0     0013bc63  _InitMcbspaGpio           
0     0013bc9b  _InitMcbspa8bit           
0     0013bca5  _InitMcbspa32bit          
0     0013bcb3  _InitMcbspa24bit          
0     0013bcc1  _InitMcbspa20bit          
0     0013bccf  _InitMcbspa16bit          
0     0013bcdd  _InitMcbspa12bit          
0     0013bceb  _InitMcbsp                
0     0013bceb  _InitMcbspa               
0     0013bd2d  _Reset_ELP_SigGen         
0     0013bd39  _Init_ELP_SigGen          
0     0013be12  _stop_DMA                 
0     0013be3d  _start_DMA                
0     0013be4a  _Init_DMA_McBSP_nBuffers  
0     0013beef  _Init_SPIMaster_McBSP     
0     0013bf3d  _Init_SPIMaster_Gpio      
0     0013bfa8  _InitTzGpio               
0     0013bfac  _InitEPwmSyncGpio         
0     0013bfb3  _InitEPwm1Gpio            
0     0013bfc1  _InitEPwm2Gpio            
0     0013bfcf  _InitEPwm3Gpio            
0     0013bfdf  _InitEPwm4Gpio            
0     0013bfef  _InitEPwm5Gpio            
0     0013bffd  _InitEPwm6Gpio            
0     0013c00b  _InitEPwm7Gpio            
0     0013c01b  _InitEPwm8Gpio            
0     0013c02b  _InitEPwm9Gpio            
0     0013c035  _InitEPwmGpio             
0     0013c048  _InitEPwm                 
0     0013c049  _InitIPC                  
0     0013c0d2  FS$$DIV                   
0     0013c15a  _local_D_INTCH2_ISR       
0     0013c198  _local_D_INTCH1_ISR       
0     0013c1d6  _exp                      
0     0013c23e  _cos                      
0     0013c29f  _InitCpuTimers            
0     0013c2da  _ConfigCpuTimer           
0     0013c2fb  _sin                      
0     0013c353  _c_int00                  
0     0013c399  _WriteBuffer              
0     0013c3aa  _SizeBuffer               
0     0013c3af  _ResetBuffer              
0     0013c3c0  _InitBuffer               
0     0013c3cb  _IndexBuffer              
0     0013c3d0  _ldexp                    
0     0013c404  _InitPieCtrl              
0     0013c428  _EnableInterrupts         
0     0013c431  _memcpy                   
0     0013c44f  _main                     
0     0013c484  __args_main               
0     0013c49d  C$$EXIT                   
0     0013c49d  _abort                    
0     0013c49f  _exit                     
0     0013c4b6  _prolog_c28x_1            
0     0013c4ba  _prolog_c28x_2            
0     0013c4c2  _prolog_c28x_3            
0     0013c4cf  _Set_TimeSlicer           
0     0013c4d9  _Reset_TimeSlicers        
0     0013c4e2  _InitPieVectTable         
0     0013c4f3  _epilog_c28x_1            
0     0013c4f7  _epilog_c28x_2            
0     0013c4ff  __register_unlock         
0     0013c503  __register_lock           
0     0013c507  __nop                     
0     0013c508  ___etext__                
0     0013c508  etext                     
0     0013e000  _PieVectTableInit         
0     0013e100  ___cinit__                
0     0013e100  cinit                     
0     0013fff0  code_start                
1     00000080  __stack                   
1     00000380  __STACK_END               
1     00000880  _DevEmuRegs               
1     00000ae0  _CsmRegs                  
1     00000b00  _Adc1Result               
1     00000b00  _AdcResult                
1     00000b40  _Adc2Result               
1     00000c00  _CpuTimer0Regs            
1     00000c08  _CpuTimer1Regs            
1     00000c10  _CpuTimer2Regs            
1     00000ce0  _PieCtrlRegs              
1     00000d00  _PieVectTable             
1     00000e00  _PieVectTableCopy         
1     00001000  _DmaRegs                  
1     00001700  _AnalogSysctrlRegs        
1     00001780  _HWBistRegs               
1     00004000  _FlashCtrlRegs            
1     00004300  _FlashEccRegs             
1     00004400  _M3PllRegs                
1     00004900  _RAMRegs                  
1     00004a00  _RAMErrRegs               
1     00004e00  _CtoMIpcRegs              
1     00005000  _McbspaRegs               
1     00005100  _EPwm1Regs                
1     00005180  _EPwm2Regs                
1     00005200  _EPwm3Regs                
1     00005280  _EPwm4Regs                
1     00005300  _EPwm5Regs                
1     00005380  _EPwm6Regs                
1     00005400  _EPwm7Regs                
1     00005480  _EPwm8Regs                
1     00005500  _EPwm9Regs                
1     00005580  _EPwm10Regs               
1     00005a00  _ECap1Regs                
1     00005a20  _ECap2Regs                
1     00005a40  _ECap3Regs                
1     00005a60  _ECap4Regs                
1     00005a80  _ECap5Regs                
1     00005aa0  _ECap6Regs                
1     00005b00  _EQep1Regs                
1     00005b40  _EQep2Regs                
1     00005b80  _EQep3Regs                
1     00005f00  _GpioCtrlRegs             
1     00005f00  _GpioDataRegs             
1     00005f00  _GpioG1CtrlRegs           
1     00005f00  _GpioG1DataRegs           
1     00005fe0  _GpioG1TripRegs           
1     00005fe0  _GpioTripRegs             
1     00006400  _Comp1Regs                
1     00006420  _Comp2Regs                
1     00006440  _Comp3Regs                
1     00006460  _Comp4Regs                
1     00006480  _Comp5Regs                
1     000064a0  _Comp6Regs                
1     00006f80  _GpioG2CtrlRegs           
1     00006fc0  _GpioG2DataRegs           
1     00007010  _SysCtrlRegs              
1     00007040  _SpiaRegs                 
1     00007050  _SciaRegs                 
1     00007060  _NmiIntruptRegs           
1     00007070  _XIntruptRegs             
1     00007100  _Adc1Regs                 
1     00007100  _AdcRegs                  
1     00007180  _Adc2Regs                 
1     00007900  _I2caRegs                 
1     0000a840  _MEP_ScaleFactor          
1     0000a841  _SFO_status               
1     0000a842  _ePWM                     
1     0000a854  _PWM_Modules              
1     0000a87c  _counterErrorSendCommand  
1     0000a87e  _AverageFilter            
1     0000a880  _a_coeff_NF_Vdc           
1     0000a884  _a_coeff_IIR_Vdc_ctrl     
1     0000a888  _a_coeff_LPF_Iin          
1     0000a88c  _b_coeff_LPF_Iin          
1     0000a892  _b_coeff_IIR_Vdc_ctrl     
1     0000a898  _b_coeff_NF_Vdc           
1     0000a89e  _SignalGenerator          
1     0000a8bc  ___TI_cleanup_ptr         
1     0000a8be  ___TI_dtors_ptr           
1     0000a8c0  _ID                       
1     0000a8c1  _enableHeater             
1     0000a8c2  _SamplingEnable           
1     0000a8c3  _SendCommand              
1     0000a8c6  _enableRailsMonitor       
1     0000a8c7  _AnalogInput              
1     0000a8ca  _valorCounter             
1     0000a8d0  _HRADC2                   
1     0000a8d2  _HRADC3                   
1     0000a8d4  _HRADC0                   
1     0000a8d6  _HRADC1                   
1     0000a8da  _CpuTimer1                
1     0000a8e2  _CpuTimer2                
1     0000a8ea  _CpuTimer0                
1     0000a8f2  _TimeSlicer               
1     0000a8fe  __lock                    
1     0000a905  _SFO_CAL                  
1     0000a906  _MEP_SF                   
1     0000a90b  _errno                    
1     0000a916  _i_rdata                  
1     0000a918  _dummy_data               
1     0000a91a  _DMATransferSize          
1     0000a93e  __unlock                  
1     0000a940  _wfmSyncFlag              
1     0000a944  _IPC_PS_funcs             
1     0000c000  _DP_Framework_MtoC        
1     0000d000  _DP_Framework             
1     0000e000  _HRADCs_Info              
1     0000e040  _HRADC0_board             
1     0000e0c0  _HRADC1_board             
1     0000e140  _HRADC3_board             
1     0000e1c0  _HRADC2_board             
1     0000e240  _buffers_HRADC            
1     00010000  _samplesBuffer            
1     00012000  _wfmRef_Curve             
1     0003f800  _IPC_CtoM_Msg             
1     0003fc00  _IPC_MtoC_Msg             
1     0003fcc0  _IPC_MtoC_Param           
1     0013fff2  _FlashExeOnly             
1     0013fff4  _EcslPwl                  
1     0013fff8  _CsmPwl                   
abs   00000300  __STACK_SIZE              
abs   00001ced  _RamfuncsLoadSize         
abs   00001ced  _RamfuncsRunSize          
abs   ffffffff  ___binit__                
abs   ffffffff  ___c_args__               
abs   ffffffff  ___pinit__                
abs   ffffffff  binit                     
abs   ffffffff  pinit                     

[377 symbols]
