<?xml version="1.0"?>
<link_info>
   <banner>TMS320C2000 Linker PC v6.4.10</banner>
   <copyright>Copyright (c) 1996-2015 Texas Instruments Incorporated</copyright>
   <link_time>0x579bb7ab</link_time>
   <link_errors>0x0</link_errors>
   <output_file>C28_V2.0.out</output_file>
   <entry_point>
      <name>_c_int00</name>
      <address>0x13c353</address>
   </entry_point>
   <input_file_list>
      <input_file id="fl-2">
         <path>.\F28M36x_ELP_DRS\</path>
         <kind>object</kind>
         <file>F28M36x_ELP_DRS.obj</file>
         <name>F28M36x_ELP_DRS.obj</name>
      </input_file>
      <input_file id="fl-3">
         <path>.\F28M36x_ELP_DRS\PS_modules\</path>
         <kind>object</kind>
         <file>PS_modules.obj</file>
         <name>PS_modules.obj</name>
      </input_file>
      <input_file id="fl-4">
         <path>.\</path>
         <kind>object</kind>
         <file>main.obj</file>
         <name>main.obj</name>
      </input_file>
      <input_file id="fl-5">
         <path>.\source2\</path>
         <kind>object</kind>
         <file>F28M36x_GlobalVariableDefs.obj</file>
         <name>F28M36x_GlobalVariableDefs.obj</name>
      </input_file>
      <input_file id="fl-6">
         <path>.\source\</path>
         <kind>object</kind>
         <file>F28M36x_Adc.obj</file>
         <name>F28M36x_Adc.obj</name>
      </input_file>
      <input_file id="fl-7">
         <path>.\source\</path>
         <kind>object</kind>
         <file>F28M36x_CodeStartBranch.obj</file>
         <name>F28M36x_CodeStartBranch.obj</name>
      </input_file>
      <input_file id="fl-8">
         <path>.\source\</path>
         <kind>object</kind>
         <file>F28M36x_Comp.obj</file>
         <name>F28M36x_Comp.obj</name>
      </input_file>
      <input_file id="fl-9">
         <path>.\source\</path>
         <kind>object</kind>
         <file>F28M36x_CpuTimers.obj</file>
         <name>F28M36x_CpuTimers.obj</name>
      </input_file>
      <input_file id="fl-a">
         <path>.\source\</path>
         <kind>object</kind>
         <file>F28M36x_DMA.obj</file>
         <name>F28M36x_DMA.obj</name>
      </input_file>
      <input_file id="fl-b">
         <path>.\source\</path>
         <kind>object</kind>
         <file>F28M36x_DefaultIsr.obj</file>
         <name>F28M36x_DefaultIsr.obj</name>
      </input_file>
      <input_file id="fl-c">
         <path>.\source\</path>
         <kind>object</kind>
         <file>F28M36x_EPwm.obj</file>
         <name>F28M36x_EPwm.obj</name>
      </input_file>
      <input_file id="fl-d">
         <path>.\source\</path>
         <kind>object</kind>
         <file>F28M36x_Gpio.obj</file>
         <name>F28M36x_Gpio.obj</name>
      </input_file>
      <input_file id="fl-e">
         <path>.\source\</path>
         <kind>object</kind>
         <file>F28M36x_Mcbsp.obj</file>
         <name>F28M36x_Mcbsp.obj</name>
      </input_file>
      <input_file id="fl-f">
         <path>.\source\</path>
         <kind>object</kind>
         <file>F28M36x_PieCtrl.obj</file>
         <name>F28M36x_PieCtrl.obj</name>
      </input_file>
      <input_file id="fl-10">
         <path>.\source\</path>
         <kind>object</kind>
         <file>F28M36x_PieVect.obj</file>
         <name>F28M36x_PieVect.obj</name>
      </input_file>
      <input_file id="fl-11">
         <path>.\source\</path>
         <kind>object</kind>
         <file>F28M36x_Sci.obj</file>
         <name>F28M36x_Sci.obj</name>
      </input_file>
      <input_file id="fl-12">
         <path>.\source\</path>
         <kind>object</kind>
         <file>F28M36x_Spi.obj</file>
         <name>F28M36x_Spi.obj</name>
      </input_file>
      <input_file id="fl-13">
         <path>.\source\</path>
         <kind>object</kind>
         <file>F28M36x_SysCtrl.obj</file>
         <name>F28M36x_SysCtrl.obj</name>
      </input_file>
      <input_file id="fl-14">
         <path>.\source\</path>
         <kind>object</kind>
         <file>F28M36x_TempSensorConv.obj</file>
         <name>F28M36x_TempSensorConv.obj</name>
      </input_file>
      <input_file id="fl-15">
         <path>.\source\</path>
         <kind>object</kind>
         <file>F28M36x_usDelay.obj</file>
         <name>F28M36x_usDelay.obj</name>
      </input_file>
      <input_file id="fl-16">
         <path>.\F28M36x_ELP_DRS\PWM_modules\</path>
         <kind>object</kind>
         <file>PWM_modules.obj</file>
         <name>PWM_modules.obj</name>
      </input_file>
      <input_file id="fl-17">
         <path>.\F28M36x_ELP_DRS\PS_modules\</path>
         <kind>object</kind>
         <file>FAC_ACDC_10kHz.obj</file>
         <name>FAC_ACDC_10kHz.obj</name>
      </input_file>
      <input_file id="fl-18">
         <path>.\F28M36x_ELP_DRS\PS_modules\</path>
         <kind>object</kind>
         <file>FAC_DCDC_20kHz.obj</file>
         <name>FAC_DCDC_20kHz.obj</name>
      </input_file>
      <input_file id="fl-19">
         <path>.\F28M36x_ELP_DRS\PS_modules\</path>
         <kind>object</kind>
         <file>FAC_Full_ACDC_10kHz.obj</file>
         <name>FAC_Full_ACDC_10kHz.obj</name>
      </input_file>
      <input_file id="fl-1a">
         <path>.\F28M36x_ELP_DRS\PS_modules\</path>
         <kind>object</kind>
         <file>FAC_Full_DCDC_20kHz.obj</file>
         <name>FAC_Full_DCDC_20kHz.obj</name>
      </input_file>
      <input_file id="fl-1b">
         <path>.\F28M36x_ELP_DRS\PS_modules\</path>
         <kind>object</kind>
         <file>FAP_ACDC.obj</file>
         <name>FAP_ACDC.obj</name>
      </input_file>
      <input_file id="fl-1c">
         <path>.\F28M36x_ELP_DRS\PS_modules\</path>
         <kind>object</kind>
         <file>FAP_DCDC_20kHz.obj</file>
         <name>FAP_DCDC_20kHz.obj</name>
      </input_file>
      <input_file id="fl-1d">
         <path>.\F28M36x_ELP_DRS\PS_modules\</path>
         <kind>object</kind>
         <file>FBP_100kHz.obj</file>
         <name>FBP_100kHz.obj</name>
      </input_file>
      <input_file id="fl-1e">
         <path>.\F28M36x_ELP_DRS\PS_modules\</path>
         <kind>object</kind>
         <file>Test_HRADC.obj</file>
         <name>Test_HRADC.obj</name>
      </input_file>
      <input_file id="fl-1f">
         <path>.\F28M36x_ELP_DRS\PS_modules\</path>
         <kind>object</kind>
         <file>Test_HRPWM.obj</file>
         <name>Test_HRPWM.obj</name>
      </input_file>
      <input_file id="fl-20">
         <path>.\F28M36x_ELP_DRS\IPC_modules\</path>
         <kind>object</kind>
         <file>IPC_modules.obj</file>
         <name>IPC_modules.obj</name>
      </input_file>
      <input_file id="fl-21">
         <path>.\F28M36x_ELP_DRS\HRADC_board\</path>
         <kind>object</kind>
         <file>DMA_SPI_Interface.obj</file>
         <name>DMA_SPI_Interface.obj</name>
      </input_file>
      <input_file id="fl-22">
         <path>.\F28M36x_ELP_DRS\HRADC_board\</path>
         <kind>object</kind>
         <file>HRADC_Boards.obj</file>
         <name>HRADC_Boards.obj</name>
      </input_file>
      <input_file id="fl-23">
         <path>.\F28M36x_ELP_DRS\HRADC_board\</path>
         <kind>object</kind>
         <file>McBSP_SPI_Interface.obj</file>
         <name>McBSP_SPI_Interface.obj</name>
      </input_file>
      <input_file id="fl-24">
         <path>.\F28M36x_ELP_DRS\DP_framework\TimeSlicer\</path>
         <kind>object</kind>
         <file>TimeSlicer.obj</file>
         <name>TimeSlicer.obj</name>
      </input_file>
      <input_file id="fl-25">
         <path>.\F28M36x_ELP_DRS\DP_framework\SigGen\</path>
         <kind>object</kind>
         <file>SigGen.obj</file>
         <name>SigGen.obj</name>
      </input_file>
      <input_file id="fl-26">
         <path>.\F28M36x_ELP_DRS\DP_framework\ELP_DCL\</path>
         <kind>object</kind>
         <file>ELP_DCL.obj</file>
         <name>ELP_DCL.obj</name>
      </input_file>
      <input_file id="fl-27">
         <path>.\F28M36x_ELP_DRS\DP_framework\</path>
         <kind>object</kind>
         <file>DP_framework.obj</file>
         <name>DP_framework.obj</name>
      </input_file>
      <input_file id="fl-30">
         <path>D:\ARQ\Projects\C28\F28M36x_common\lib\</path>
         <kind>archive</kind>
         <file>SFO_TI_Build_V7_FPU.lib</file>
         <name>SFO_v7_fpu_lib_build_c28.obj</name>
      </input_file>
      <input_file id="fl-36">
         <path>C:\ti\ccsv6\tools\compiler\ti-cgt-c2000_6.4.10\lib\</path>
         <kind>archive</kind>
         <file>rts2800_fpu32.lib</file>
         <name>boot.obj</name>
      </input_file>
      <input_file id="fl-37">
         <path>C:\ti\ccsv6\tools\compiler\ti-cgt-c2000_6.4.10\lib\</path>
         <kind>archive</kind>
         <file>rts2800_fpu32.lib</file>
         <name>cos.obj</name>
      </input_file>
      <input_file id="fl-38">
         <path>C:\ti\ccsv6\tools\compiler\ti-cgt-c2000_6.4.10\lib\</path>
         <kind>archive</kind>
         <file>rts2800_fpu32.lib</file>
         <name>epilog.obj</name>
      </input_file>
      <input_file id="fl-39">
         <path>C:\ti\ccsv6\tools\compiler\ti-cgt-c2000_6.4.10\lib\</path>
         <kind>archive</kind>
         <file>rts2800_fpu32.lib</file>
         <name>exit.obj</name>
      </input_file>
      <input_file id="fl-3a">
         <path>C:\ti\ccsv6\tools\compiler\ti-cgt-c2000_6.4.10\lib\</path>
         <kind>archive</kind>
         <file>rts2800_fpu32.lib</file>
         <name>exp.obj</name>
      </input_file>
      <input_file id="fl-3b">
         <path>C:\ti\ccsv6\tools\compiler\ti-cgt-c2000_6.4.10\lib\</path>
         <kind>archive</kind>
         <file>rts2800_fpu32.lib</file>
         <name>fs_div.obj</name>
      </input_file>
      <input_file id="fl-3c">
         <path>C:\ti\ccsv6\tools\compiler\ti-cgt-c2000_6.4.10\lib\</path>
         <kind>archive</kind>
         <file>rts2800_fpu32.lib</file>
         <name>ldexp.obj</name>
      </input_file>
      <input_file id="fl-3d">
         <path>C:\ti\ccsv6\tools\compiler\ti-cgt-c2000_6.4.10\lib\</path>
         <kind>archive</kind>
         <file>rts2800_fpu32.lib</file>
         <name>memcpy.obj</name>
      </input_file>
      <input_file id="fl-3e">
         <path>C:\ti\ccsv6\tools\compiler\ti-cgt-c2000_6.4.10\lib\</path>
         <kind>archive</kind>
         <file>rts2800_fpu32.lib</file>
         <name>prolog.obj</name>
      </input_file>
      <input_file id="fl-3f">
         <path>C:\ti\ccsv6\tools\compiler\ti-cgt-c2000_6.4.10\lib\</path>
         <kind>archive</kind>
         <file>rts2800_fpu32.lib</file>
         <name>sin.obj</name>
      </input_file>
      <input_file id="fl-40">
         <path>C:\ti\ccsv6\tools\compiler\ti-cgt-c2000_6.4.10\lib\</path>
         <kind>archive</kind>
         <file>rts2800_fpu32.lib</file>
         <name>_lock.obj</name>
      </input_file>
      <input_file id="fl-41">
         <path>C:\ti\ccsv6\tools\compiler\ti-cgt-c2000_6.4.10\lib\</path>
         <kind>archive</kind>
         <file>rts2800_fpu32.lib</file>
         <name>args_main.obj</name>
      </input_file>
      <input_file id="fl-42">
         <path>C:\ti\ccsv6\tools\compiler\ti-cgt-c2000_6.4.10\lib\</path>
         <kind>archive</kind>
         <file>rts2800_fpu32.lib</file>
         <name>errno.obj</name>
      </input_file>
   </input_file_list>
   <object_component_list>
      <object_component id="oc-c3">
         <name>PieVectTableFile</name>
         <uninitialized>true</uninitialized>
         <run_address>0xd00</run_address>
         <size>0x100</size>
         <input_file_ref idref="fl-5"/>
      </object_component>
      <object_component id="oc-af">
         <name>DevEmuRegsFile</name>
         <uninitialized>true</uninitialized>
         <run_address>0x880</run_address>
         <size>0x42</size>
         <input_file_ref idref="fl-5"/>
      </object_component>
      <object_component id="oc-98">
         <name>CsmRegsFile</name>
         <uninitialized>true</uninitialized>
         <run_address>0xae0</run_address>
         <size>0x16</size>
         <input_file_ref idref="fl-5"/>
      </object_component>
      <object_component id="oc-92">
         <name>AdcResultFile</name>
         <uninitialized>true</uninitialized>
         <run_address>0xb00</run_address>
         <size>0x10</size>
         <input_file_ref idref="fl-5"/>
      </object_component>
      <object_component id="oc-94">
         <name>Adc1ResultFile</name>
         <uninitialized>true</uninitialized>
         <run_address>0xb00</run_address>
         <size>0x10</size>
         <input_file_ref idref="fl-5"/>
      </object_component>
      <object_component id="oc-95">
         <name>Adc2ResultFile</name>
         <uninitialized>true</uninitialized>
         <run_address>0xb40</run_address>
         <size>0x10</size>
         <input_file_ref idref="fl-5"/>
      </object_component>
      <object_component id="oc-91">
         <name>CpuTimer0RegsFile</name>
         <uninitialized>true</uninitialized>
         <run_address>0xc00</run_address>
         <size>0x8</size>
         <input_file_ref idref="fl-5"/>
      </object_component>
      <object_component id="oc-8f">
         <name>CpuTimer1RegsFile</name>
         <uninitialized>true</uninitialized>
         <run_address>0xc08</run_address>
         <size>0x8</size>
         <input_file_ref idref="fl-5"/>
      </object_component>
      <object_component id="oc-90">
         <name>CpuTimer2RegsFile</name>
         <uninitialized>true</uninitialized>
         <run_address>0xc10</run_address>
         <size>0x8</size>
         <input_file_ref idref="fl-5"/>
      </object_component>
      <object_component id="oc-99">
         <name>PieCtrlRegsFile</name>
         <uninitialized>true</uninitialized>
         <run_address>0xce0</run_address>
         <size>0x1a</size>
         <input_file_ref idref="fl-5"/>
      </object_component>
      <object_component id="oc-c4">
         <name>PieVectTableCopyFile</name>
         <uninitialized>true</uninitialized>
         <run_address>0xe00</run_address>
         <size>0x100</size>
         <input_file_ref idref="fl-5"/>
      </object_component>
      <object_component id="oc-bf">
         <name>DmaRegsFile</name>
         <uninitialized>true</uninitialized>
         <run_address>0x1000</run_address>
         <size>0xe0</size>
         <input_file_ref idref="fl-5"/>
      </object_component>
      <object_component id="oc-b3">
         <name>AnalogSysctrlRegsFile</name>
         <uninitialized>true</uninitialized>
         <run_address>0x1700</run_address>
         <size>0x78</size>
         <input_file_ref idref="fl-5"/>
      </object_component>
      <object_component id="oc-aa">
         <name>HWBistRegsFile</name>
         <uninitialized>true</uninitialized>
         <run_address>0x1780</run_address>
         <size>0x30</size>
         <input_file_ref idref="fl-5"/>
      </object_component>
      <object_component id="oc-c5">
         <name>FlashCtrlRegsFile</name>
         <uninitialized>true</uninitialized>
         <run_address>0x4000</run_address>
         <size>0x182</size>
         <input_file_ref idref="fl-5"/>
      </object_component>
      <object_component id="oc-a9">
         <name>FlashEccRegsFile</name>
         <uninitialized>true</uninitialized>
         <run_address>0x4300</run_address>
         <size>0x24</size>
         <input_file_ref idref="fl-5"/>
      </object_component>
      <object_component id="oc-8e">
         <name>M3PllRegsFile</name>
         <uninitialized>true</uninitialized>
         <run_address>0x4400</run_address>
         <size>0x8</size>
         <input_file_ref idref="fl-5"/>
      </object_component>
      <object_component id="oc-ac">
         <name>RAMRegsFile</name>
         <uninitialized>true</uninitialized>
         <run_address>0x4900</run_address>
         <size>0x3e</size>
         <input_file_ref idref="fl-5"/>
      </object_component>
      <object_component id="oc-ad">
         <name>RAMErrRegsFile</name>
         <uninitialized>true</uninitialized>
         <run_address>0x4a00</run_address>
         <size>0x3e</size>
         <input_file_ref idref="fl-5"/>
      </object_component>
      <object_component id="oc-ae">
         <name>CtoMIpcRegsFile</name>
         <uninitialized>true</uninitialized>
         <run_address>0x4e00</run_address>
         <size>0x40</size>
         <input_file_ref idref="fl-5"/>
      </object_component>
      <object_component id="oc-9a">
         <name>SysCtrlRegsFile</name>
         <uninitialized>true</uninitialized>
         <run_address>0x7010</run_address>
         <size>0x1d</size>
         <input_file_ref idref="fl-5"/>
      </object_component>
      <object_component id="oc-97">
         <name>SpiaRegsFile</name>
         <uninitialized>true</uninitialized>
         <run_address>0x7040</run_address>
         <size>0x10</size>
         <input_file_ref idref="fl-5"/>
      </object_component>
      <object_component id="oc-96">
         <name>SciaRegsFile</name>
         <uninitialized>true</uninitialized>
         <run_address>0x7050</run_address>
         <size>0x10</size>
         <input_file_ref idref="fl-5"/>
      </object_component>
      <object_component id="oc-86">
         <name>NmiIntruptRegsFile</name>
         <uninitialized>true</uninitialized>
         <run_address>0x7060</run_address>
         <size>0x6</size>
         <input_file_ref idref="fl-5"/>
      </object_component>
      <object_component id="oc-93">
         <name>XIntruptRegsFile</name>
         <uninitialized>true</uninitialized>
         <run_address>0x7070</run_address>
         <size>0x10</size>
         <input_file_ref idref="fl-5"/>
      </object_component>
      <object_component id="oc-b0">
         <name>AdcRegsFile</name>
         <uninitialized>true</uninitialized>
         <run_address>0x7100</run_address>
         <size>0x50</size>
         <input_file_ref idref="fl-5"/>
      </object_component>
      <object_component id="oc-b1">
         <name>Adc1RegsFile</name>
         <uninitialized>true</uninitialized>
         <run_address>0x7100</run_address>
         <size>0x50</size>
         <input_file_ref idref="fl-5"/>
      </object_component>
      <object_component id="oc-b2">
         <name>Adc2RegsFile</name>
         <uninitialized>true</uninitialized>
         <run_address>0x7180</run_address>
         <size>0x50</size>
         <input_file_ref idref="fl-5"/>
      </object_component>
      <object_component id="oc-a6">
         <name>I2caRegsFile</name>
         <uninitialized>true</uninitialized>
         <run_address>0x7900</run_address>
         <size>0x22</size>
         <input_file_ref idref="fl-5"/>
      </object_component>
      <object_component id="oc-a8">
         <name>McbspaRegsFile</name>
         <uninitialized>true</uninitialized>
         <run_address>0x5000</run_address>
         <size>0x24</size>
         <input_file_ref idref="fl-5"/>
      </object_component>
      <object_component id="oc-bd">
         <name>EPwm1RegsFile</name>
         <uninitialized>true</uninitialized>
         <run_address>0x5100</run_address>
         <size>0x80</size>
         <input_file_ref idref="fl-5"/>
      </object_component>
      <object_component id="oc-b4">
         <name>EPwm2RegsFile</name>
         <uninitialized>true</uninitialized>
         <run_address>0x5180</run_address>
         <size>0x80</size>
         <input_file_ref idref="fl-5"/>
      </object_component>
      <object_component id="oc-bc">
         <name>EPwm3RegsFile</name>
         <uninitialized>true</uninitialized>
         <run_address>0x5200</run_address>
         <size>0x80</size>
         <input_file_ref idref="fl-5"/>
      </object_component>
      <object_component id="oc-bb">
         <name>EPwm4RegsFile</name>
         <uninitialized>true</uninitialized>
         <run_address>0x5280</run_address>
         <size>0x80</size>
         <input_file_ref idref="fl-5"/>
      </object_component>
      <object_component id="oc-b6">
         <name>EPwm5RegsFile</name>
         <uninitialized>true</uninitialized>
         <run_address>0x5300</run_address>
         <size>0x80</size>
         <input_file_ref idref="fl-5"/>
      </object_component>
      <object_component id="oc-b5">
         <name>EPwm6RegsFile</name>
         <uninitialized>true</uninitialized>
         <run_address>0x5380</run_address>
         <size>0x80</size>
         <input_file_ref idref="fl-5"/>
      </object_component>
      <object_component id="oc-b7">
         <name>EPwm7RegsFile</name>
         <uninitialized>true</uninitialized>
         <run_address>0x5400</run_address>
         <size>0x80</size>
         <input_file_ref idref="fl-5"/>
      </object_component>
      <object_component id="oc-b9">
         <name>EPwm8RegsFile</name>
         <uninitialized>true</uninitialized>
         <run_address>0x5480</run_address>
         <size>0x80</size>
         <input_file_ref idref="fl-5"/>
      </object_component>
      <object_component id="oc-b8">
         <name>EPwm9RegsFile</name>
         <uninitialized>true</uninitialized>
         <run_address>0x5500</run_address>
         <size>0x80</size>
         <input_file_ref idref="fl-5"/>
      </object_component>
      <object_component id="oc-ba">
         <name>EPwm10RegsFile</name>
         <uninitialized>true</uninitialized>
         <run_address>0x5580</run_address>
         <size>0x80</size>
         <input_file_ref idref="fl-5"/>
      </object_component>
      <object_component id="oc-a3">
         <name>ECap1RegsFile</name>
         <uninitialized>true</uninitialized>
         <run_address>0x5a00</run_address>
         <size>0x20</size>
         <input_file_ref idref="fl-5"/>
      </object_component>
      <object_component id="oc-9d">
         <name>ECap2RegsFile</name>
         <uninitialized>true</uninitialized>
         <run_address>0x5a20</run_address>
         <size>0x20</size>
         <input_file_ref idref="fl-5"/>
      </object_component>
      <object_component id="oc-9e">
         <name>ECap3RegsFile</name>
         <uninitialized>true</uninitialized>
         <run_address>0x5a40</run_address>
         <size>0x20</size>
         <input_file_ref idref="fl-5"/>
      </object_component>
      <object_component id="oc-9c">
         <name>ECap4RegsFile</name>
         <uninitialized>true</uninitialized>
         <run_address>0x5a60</run_address>
         <size>0x20</size>
         <input_file_ref idref="fl-5"/>
      </object_component>
      <object_component id="oc-9b">
         <name>ECap5RegsFile</name>
         <uninitialized>true</uninitialized>
         <run_address>0x5a80</run_address>
         <size>0x20</size>
         <input_file_ref idref="fl-5"/>
      </object_component>
      <object_component id="oc-a1">
         <name>ECap6RegsFile</name>
         <uninitialized>true</uninitialized>
         <run_address>0x5aa0</run_address>
         <size>0x20</size>
         <input_file_ref idref="fl-5"/>
      </object_component>
      <object_component id="oc-a7">
         <name>EQep1RegsFile</name>
         <uninitialized>true</uninitialized>
         <run_address>0x5b00</run_address>
         <size>0x22</size>
         <input_file_ref idref="fl-5"/>
      </object_component>
      <object_component id="oc-a4">
         <name>EQep2RegsFile</name>
         <uninitialized>true</uninitialized>
         <run_address>0x5b40</run_address>
         <size>0x22</size>
         <input_file_ref idref="fl-5"/>
      </object_component>
      <object_component id="oc-a5">
         <name>EQep3RegsFile</name>
         <uninitialized>true</uninitialized>
         <run_address>0x5b80</run_address>
         <size>0x22</size>
         <input_file_ref idref="fl-5"/>
      </object_component>
      <object_component id="oc-c0">
         <name>GpioCtrlRegsFile</name>
         <uninitialized>true</uninitialized>
         <run_address>0x5f00</run_address>
         <size>0xe0</size>
         <input_file_ref idref="fl-5"/>
      </object_component>
      <object_component id="oc-be">
         <name>GpioG1CtrlRegsFile</name>
         <uninitialized>true</uninitialized>
         <run_address>0x5f00</run_address>
         <size>0xe0</size>
         <input_file_ref idref="fl-5"/>
      </object_component>
      <object_component id="oc-c1">
         <name>GpioDataRegsFile</name>
         <uninitialized>true</uninitialized>
         <run_address>0x5f00</run_address>
         <size>0xe0</size>
         <input_file_ref idref="fl-5"/>
      </object_component>
      <object_component id="oc-c2">
         <name>GpioG1DataRegsFile</name>
         <uninitialized>true</uninitialized>
         <run_address>0x5f00</run_address>
         <size>0xe0</size>
         <input_file_ref idref="fl-5"/>
      </object_component>
      <object_component id="oc-a2">
         <name>GpioTripRegsFile</name>
         <uninitialized>true</uninitialized>
         <run_address>0x5fe0</run_address>
         <size>0x20</size>
         <input_file_ref idref="fl-5"/>
      </object_component>
      <object_component id="oc-9f">
         <name>GpioG1TripRegsFile</name>
         <uninitialized>true</uninitialized>
         <run_address>0x5fe0</run_address>
         <size>0x20</size>
         <input_file_ref idref="fl-5"/>
      </object_component>
      <object_component id="oc-87">
         <name>Comp1RegsFile</name>
         <uninitialized>true</uninitialized>
         <run_address>0x6400</run_address>
         <size>0x7</size>
         <input_file_ref idref="fl-5"/>
      </object_component>
      <object_component id="oc-88">
         <name>Comp2RegsFile</name>
         <uninitialized>true</uninitialized>
         <run_address>0x6420</run_address>
         <size>0x7</size>
         <input_file_ref idref="fl-5"/>
      </object_component>
      <object_component id="oc-89">
         <name>Comp3RegsFile</name>
         <uninitialized>true</uninitialized>
         <run_address>0x6440</run_address>
         <size>0x7</size>
         <input_file_ref idref="fl-5"/>
      </object_component>
      <object_component id="oc-8b">
         <name>Comp4RegsFile</name>
         <uninitialized>true</uninitialized>
         <run_address>0x6460</run_address>
         <size>0x7</size>
         <input_file_ref idref="fl-5"/>
      </object_component>
      <object_component id="oc-8a">
         <name>Comp5RegsFile</name>
         <uninitialized>true</uninitialized>
         <run_address>0x6480</run_address>
         <size>0x7</size>
         <input_file_ref idref="fl-5"/>
      </object_component>
      <object_component id="oc-8c">
         <name>Comp6RegsFile</name>
         <uninitialized>true</uninitialized>
         <run_address>0x64a0</run_address>
         <size>0x7</size>
         <input_file_ref idref="fl-5"/>
      </object_component>
      <object_component id="oc-ab">
         <name>GpioG2CtrlRegsFile</name>
         <uninitialized>true</uninitialized>
         <run_address>0x6f80</run_address>
         <size>0x3c</size>
         <input_file_ref idref="fl-5"/>
      </object_component>
      <object_component id="oc-a0">
         <name>GpioG2DataRegsFile</name>
         <uninitialized>true</uninitialized>
         <run_address>0x6fc0</run_address>
         <size>0x20</size>
         <input_file_ref idref="fl-5"/>
      </object_component>
      <object_component id="oc-84">
         <name>FlashExeOnlyFile</name>
         <uninitialized>true</uninitialized>
         <run_address>0x13fff2</run_address>
         <size>0x2</size>
         <input_file_ref idref="fl-5"/>
      </object_component>
      <object_component id="oc-85">
         <name>EcslPwlFile</name>
         <uninitialized>true</uninitialized>
         <run_address>0x13fff4</run_address>
         <size>0x4</size>
         <input_file_ref idref="fl-5"/>
      </object_component>
      <object_component id="oc-8d">
         <name>CsmPwlFile</name>
         <uninitialized>true</uninitialized>
         <run_address>0x13fff8</run_address>
         <size>0x8</size>
         <input_file_ref idref="fl-5"/>
      </object_component>
      <object_component id="oc-18d">
         <name>.cinit</name>
         <load_address>0x13e100</load_address>
         <run_address>0x13e100</run_address>
         <size>0x30</size>
         <input_file_ref idref="fl-26"/>
      </object_component>
      <object_component id="oc-11b">
         <name>.cinit</name>
         <load_address>0x13e130</load_address>
         <run_address>0x13e130</run_address>
         <size>0x15</size>
         <input_file_ref idref="fl-16"/>
      </object_component>
      <object_component id="oc-16c">
         <name>.cinit</name>
         <load_address>0x13e145</load_address>
         <run_address>0x13e145</run_address>
         <size>0xc</size>
         <input_file_ref idref="fl-21"/>
      </object_component>
      <object_component id="oc-1b2">
         <name>.cinit</name>
         <load_address>0x13e151</load_address>
         <run_address>0x13e151</run_address>
         <size>0xa</size>
         <input_file_ref idref="fl-39"/>
      </object_component>
      <object_component id="oc-1f8">
         <name>.cinit:__lock</name>
         <load_address>0x13e15b</load_address>
         <run_address>0x13e15b</run_address>
         <size>0x5</size>
         <input_file_ref idref="fl-40"/>
      </object_component>
      <object_component id="oc-209">
         <name>.cinit:__unlock</name>
         <load_address>0x13e160</load_address>
         <run_address>0x13e160</run_address>
         <size>0x5</size>
         <input_file_ref idref="fl-40"/>
      </object_component>
      <object_component id="oc-19c">
         <name>.cinit</name>
         <load_address>0x13e165</load_address>
         <run_address>0x13e165</run_address>
         <size>0x4</size>
         <input_file_ref idref="fl-30"/>
      </object_component>
      <object_component id="oc-1e1">
         <name>.cinit</name>
         <load_address>0x13e169</load_address>
         <run_address>0x13e169</run_address>
         <size>0x4</size>
         <input_file_ref idref="fl-42"/>
      </object_component>
      <object_component id="oc-1fc">
         <name>.text</name>
         <load_address>0x13a000</load_address>
         <run_address>0x13a000</run_address>
         <size>0x3ce</size>
         <input_file_ref idref="fl-19"/>
      </object_component>
      <object_component id="oc-e2">
         <name>.text:retain</name>
         <load_address>0x13a3ce</load_address>
         <run_address>0x13a3ce</run_address>
         <size>0x35f</size>
         <input_file_ref idref="fl-b"/>
      </object_component>
      <object_component id="oc-1f9">
         <name>.text</name>
         <load_address>0x13a72d</load_address>
         <run_address>0x13a72d</run_address>
         <size>0x2b0</size>
         <input_file_ref idref="fl-17"/>
      </object_component>
      <object_component id="oc-1fd">
         <name>.text</name>
         <load_address>0x13a9dd</load_address>
         <run_address>0x13a9dd</run_address>
         <size>0x253</size>
         <input_file_ref idref="fl-1a"/>
      </object_component>
      <object_component id="oc-1e8">
         <name>.text</name>
         <load_address>0x13ac30</load_address>
         <run_address>0x13ac30</run_address>
         <size>0x21d</size>
         <input_file_ref idref="fl-26"/>
      </object_component>
      <object_component id="oc-1fb">
         <name>.text</name>
         <load_address>0x13ae4d</load_address>
         <run_address>0x13ae4d</run_address>
         <size>0x205</size>
         <input_file_ref idref="fl-18"/>
      </object_component>
      <object_component id="oc-200">
         <name>.text</name>
         <load_address>0x13b052</load_address>
         <run_address>0x13b052</run_address>
         <size>0x200</size>
         <input_file_ref idref="fl-1c"/>
      </object_component>
      <object_component id="oc-201">
         <name>.text</name>
         <load_address>0x13b252</load_address>
         <run_address>0x13b252</run_address>
         <size>0x1e6</size>
         <input_file_ref idref="fl-1d"/>
      </object_component>
      <object_component id="oc-20e">
         <name>.text</name>
         <load_address>0x13b438</load_address>
         <run_address>0x13b438</run_address>
         <size>0x1e1</size>
         <input_file_ref idref="fl-16"/>
      </object_component>
      <object_component id="oc-1f3">
         <name>.text</name>
         <load_address>0x13b619</load_address>
         <run_address>0x13b619</run_address>
         <size>0x167</size>
         <input_file_ref idref="fl-27"/>
      </object_component>
      <object_component id="oc-20d">
         <name>.text</name>
         <load_address>0x13b780</load_address>
         <run_address>0x13b780</run_address>
         <size>0x14e</size>
         <input_file_ref idref="fl-22"/>
      </object_component>
      <object_component id="oc-19a">
         <name>.text</name>
         <load_address>0x13b8ce</load_address>
         <run_address>0x13b8ce</run_address>
         <size>0x140</size>
         <input_file_ref idref="fl-30"/>
      </object_component>
      <object_component id="oc-1ff">
         <name>.text</name>
         <load_address>0x13ba0e</load_address>
         <run_address>0x13ba0e</run_address>
         <size>0x114</size>
         <input_file_ref idref="fl-1b"/>
      </object_component>
      <object_component id="oc-204">
         <name>.text</name>
         <load_address>0x13bb22</load_address>
         <run_address>0x13bb22</run_address>
         <size>0x106</size>
         <input_file_ref idref="fl-13"/>
      </object_component>
      <object_component id="oc-20c">
         <name>.text</name>
         <load_address>0x13bc28</load_address>
         <run_address>0x13bc28</run_address>
         <size>0x105</size>
         <input_file_ref idref="fl-e"/>
      </object_component>
      <object_component id="oc-1f4">
         <name>.text</name>
         <load_address>0x13bd2d</load_address>
         <run_address>0x13bd2d</run_address>
         <size>0xe5</size>
         <input_file_ref idref="fl-25"/>
      </object_component>
      <object_component id="oc-20a">
         <name>.text</name>
         <load_address>0x13be12</load_address>
         <run_address>0x13be12</run_address>
         <size>0xdd</size>
         <input_file_ref idref="fl-21"/>
      </object_component>
      <object_component id="oc-20b">
         <name>.text</name>
         <load_address>0x13beef</load_address>
         <run_address>0x13beef</run_address>
         <size>0xb9</size>
         <input_file_ref idref="fl-23"/>
      </object_component>
      <object_component id="oc-20f">
         <name>.text</name>
         <load_address>0x13bfa8</load_address>
         <run_address>0x13bfa8</run_address>
         <size>0xa1</size>
         <input_file_ref idref="fl-c"/>
      </object_component>
      <object_component id="oc-211">
         <name>.text</name>
         <load_address>0x13c049</load_address>
         <run_address>0x13c049</run_address>
         <size>0x89</size>
         <input_file_ref idref="fl-20"/>
      </object_component>
      <object_component id="oc-1bd">
         <name>.text</name>
         <load_address>0x13c0d2</load_address>
         <run_address>0x13c0d2</run_address>
         <size>0x88</size>
         <input_file_ref idref="fl-3b"/>
      </object_component>
      <object_component id="oc-16f">
         <name>.text:retain</name>
         <load_address>0x13c15a</load_address>
         <run_address>0x13c15a</run_address>
         <size>0x7c</size>
         <input_file_ref idref="fl-21"/>
      </object_component>
      <object_component id="oc-203">
         <name>.text</name>
         <load_address>0x13c1d6</load_address>
         <run_address>0x13c1d6</run_address>
         <size>0x68</size>
         <input_file_ref idref="fl-3a"/>
      </object_component>
      <object_component id="oc-1fa">
         <name>.text</name>
         <load_address>0x13c23e</load_address>
         <run_address>0x13c23e</run_address>
         <size>0x61</size>
         <input_file_ref idref="fl-37"/>
      </object_component>
      <object_component id="oc-1fe">
         <name>.text</name>
         <load_address>0x13c29f</load_address>
         <run_address>0x13c29f</run_address>
         <size>0x5c</size>
         <input_file_ref idref="fl-9"/>
      </object_component>
      <object_component id="oc-202">
         <name>.text</name>
         <load_address>0x13c2fb</load_address>
         <run_address>0x13c2fb</run_address>
         <size>0x58</size>
         <input_file_ref idref="fl-3f"/>
      </object_component>
      <object_component id="oc-76">
         <name>.text</name>
         <load_address>0x13c353</load_address>
         <run_address>0x13c353</run_address>
         <size>0x46</size>
         <input_file_ref idref="fl-36"/>
      </object_component>
      <object_component id="oc-1ea">
         <name>.text</name>
         <load_address>0x13c399</load_address>
         <run_address>0x13c399</run_address>
         <size>0x37</size>
         <input_file_ref idref="fl-2"/>
      </object_component>
      <object_component id="oc-212">
         <name>.text</name>
         <load_address>0x13c3d0</load_address>
         <run_address>0x13c3d0</run_address>
         <size>0x34</size>
         <input_file_ref idref="fl-3c"/>
      </object_component>
      <object_component id="oc-206">
         <name>.text</name>
         <load_address>0x13c404</load_address>
         <run_address>0x13c404</run_address>
         <size>0x2d</size>
         <input_file_ref idref="fl-f"/>
      </object_component>
      <object_component id="oc-1f2">
         <name>.text</name>
         <load_address>0x13c431</load_address>
         <run_address>0x13c431</run_address>
         <size>0x1e</size>
         <input_file_ref idref="fl-3d"/>
      </object_component>
      <object_component id="oc-1f6">
         <name>.text</name>
         <load_address>0x13c44f</load_address>
         <run_address>0x13c44f</run_address>
         <size>0x1b</size>
         <input_file_ref idref="fl-4"/>
      </object_component>
      <object_component id="oc-155">
         <name>.text:retain</name>
         <load_address>0x13c46a</load_address>
         <run_address>0x13c46a</run_address>
         <size>0x1a</size>
         <input_file_ref idref="fl-1e"/>
      </object_component>
      <object_component id="oc-1e4">
         <name>.text</name>
         <load_address>0x13c484</load_address>
         <run_address>0x13c484</run_address>
         <size>0x19</size>
         <input_file_ref idref="fl-41"/>
      </object_component>
      <object_component id="oc-1e5">
         <name>.text</name>
         <load_address>0x13c49d</load_address>
         <run_address>0x13c49d</run_address>
         <size>0x19</size>
         <input_file_ref idref="fl-39"/>
      </object_component>
      <object_component id="oc-1cc">
         <name>.text</name>
         <load_address>0x13c4b6</load_address>
         <run_address>0x13c4b6</run_address>
         <size>0x19</size>
         <input_file_ref idref="fl-3e"/>
      </object_component>
      <object_component id="oc-210">
         <name>.text</name>
         <load_address>0x13c4cf</load_address>
         <run_address>0x13c4cf</run_address>
         <size>0x13</size>
         <input_file_ref idref="fl-24"/>
      </object_component>
      <object_component id="oc-207">
         <name>.text</name>
         <load_address>0x13c4e2</load_address>
         <run_address>0x13c4e2</run_address>
         <size>0x11</size>
         <input_file_ref idref="fl-10"/>
      </object_component>
      <object_component id="oc-1ac">
         <name>.text</name>
         <load_address>0x13c4f3</load_address>
         <run_address>0x13c4f3</run_address>
         <size>0xc</size>
         <input_file_ref idref="fl-38"/>
      </object_component>
      <object_component id="oc-208">
         <name>.text</name>
         <load_address>0x13c4ff</load_address>
         <run_address>0x13c4ff</run_address>
         <size>0x9</size>
         <input_file_ref idref="fl-40"/>
      </object_component>
      <object_component id="oc-cc">
         <name>codestart</name>
         <load_address>0x13fff0</load_address>
         <run_address>0x13fff0</run_address>
         <size>0x2</size>
         <input_file_ref idref="fl-7"/>
      </object_component>
      <object_component id="oc-131">
         <name>ramfuncs:retain</name>
         <load_address>0x138000</load_address>
         <run_address>0x8000</run_address>
         <size>0x45a</size>
         <input_file_ref idref="fl-19"/>
      </object_component>
      <object_component id="oc-138">
         <name>ramfuncs:retain</name>
         <load_address>0x13845a</load_address>
         <run_address>0x845a</run_address>
         <size>0x335</size>
         <input_file_ref idref="fl-1a"/>
      </object_component>
      <object_component id="oc-123">
         <name>ramfuncs:retain</name>
         <load_address>0x13878f</load_address>
         <run_address>0x878f</run_address>
         <size>0x329</size>
         <input_file_ref idref="fl-17"/>
      </object_component>
      <object_component id="oc-146">
         <name>ramfuncs:retain</name>
         <load_address>0x138ab8</load_address>
         <run_address>0x8ab8</run_address>
         <size>0x2f6</size>
         <input_file_ref idref="fl-1c"/>
      </object_component>
      <object_component id="oc-12a">
         <name>ramfuncs:retain</name>
         <load_address>0x138dae</load_address>
         <run_address>0x8dae</run_address>
         <size>0x2d0</size>
         <input_file_ref idref="fl-18"/>
      </object_component>
      <object_component id="oc-14d">
         <name>ramfuncs:retain</name>
         <load_address>0x13907e</load_address>
         <run_address>0x907e</run_address>
         <size>0x282</size>
         <input_file_ref idref="fl-1d"/>
      </object_component>
      <object_component id="oc-154">
         <name>ramfuncs:retain</name>
         <load_address>0x139300</load_address>
         <run_address>0x9300</run_address>
         <size>0x1d4</size>
         <input_file_ref idref="fl-1e"/>
      </object_component>
      <object_component id="oc-166">
         <name>ramfuncs:retain</name>
         <load_address>0x1394d4</load_address>
         <run_address>0x94d4</run_address>
         <size>0x186</size>
         <input_file_ref idref="fl-20"/>
      </object_component>
      <object_component id="oc-1ee">
         <name>ramfuncs</name>
         <load_address>0x13965a</load_address>
         <run_address>0x965a</run_address>
         <size>0x128</size>
         <input_file_ref idref="fl-1b"/>
      </object_component>
      <object_component id="oc-1e9">
         <name>ramfuncs</name>
         <load_address>0x139782</load_address>
         <run_address>0x9782</run_address>
         <size>0xf1</size>
         <input_file_ref idref="fl-16"/>
      </object_component>
      <object_component id="oc-1e7">
         <name>ramfuncs</name>
         <load_address>0x139873</load_address>
         <run_address>0x9873</run_address>
         <size>0xea</size>
         <input_file_ref idref="fl-26"/>
      </object_component>
      <object_component id="oc-1f5">
         <name>ramfuncs</name>
         <load_address>0x13995d</load_address>
         <run_address>0x995d</run_address>
         <size>0xdb</size>
         <input_file_ref idref="fl-25"/>
      </object_component>
      <object_component id="oc-205">
         <name>ramfuncs</name>
         <load_address>0x139a38</load_address>
         <run_address>0x9a38</run_address>
         <size>0x73</size>
         <input_file_ref idref="fl-13"/>
      </object_component>
      <object_component id="oc-13f">
         <name>ramfuncs:retain</name>
         <load_address>0x139aab</load_address>
         <run_address>0x9aab</run_address>
         <size>0x70</size>
         <input_file_ref idref="fl-1b"/>
      </object_component>
      <object_component id="oc-1ec">
         <name>ramfuncs</name>
         <load_address>0x139b1b</load_address>
         <run_address>0x9b1b</run_address>
         <size>0x55</size>
         <input_file_ref idref="fl-19"/>
      </object_component>
      <object_component id="oc-1f1">
         <name>ramfuncs</name>
         <load_address>0x139b70</load_address>
         <run_address>0x9b70</run_address>
         <size>0x4b</size>
         <input_file_ref idref="fl-20"/>
      </object_component>
      <object_component id="oc-1e6">
         <name>ramfuncs</name>
         <load_address>0x139bbb</load_address>
         <run_address>0x9bbb</run_address>
         <size>0x49</size>
         <input_file_ref idref="fl-17"/>
      </object_component>
      <object_component id="oc-1f0">
         <name>ramfuncs</name>
         <load_address>0x139c04</load_address>
         <run_address>0x9c04</run_address>
         <size>0x42</size>
         <input_file_ref idref="fl-1d"/>
      </object_component>
      <object_component id="oc-1eb">
         <name>ramfuncs</name>
         <load_address>0x139c46</load_address>
         <run_address>0x9c46</run_address>
         <size>0x3b</size>
         <input_file_ref idref="fl-18"/>
      </object_component>
      <object_component id="oc-1ed">
         <name>ramfuncs</name>
         <load_address>0x139c81</load_address>
         <run_address>0x9c81</run_address>
         <size>0x39</size>
         <input_file_ref idref="fl-1a"/>
      </object_component>
      <object_component id="oc-1ef">
         <name>ramfuncs</name>
         <load_address>0x139cba</load_address>
         <run_address>0x9cba</run_address>
         <size>0x2f</size>
         <input_file_ref idref="fl-1c"/>
      </object_component>
      <object_component id="oc-115">
         <name>ramfuncs</name>
         <load_address>0x139ce9</load_address>
         <run_address>0x9ce9</run_address>
         <size>0x4</size>
         <input_file_ref idref="fl-15"/>
      </object_component>
      <object_component id="oc-194">
         <name>SHARERAMS0</name>
         <uninitialized>true</uninitialized>
         <run_address>0xc000</run_address>
         <size>0x330</size>
         <input_file_ref idref="fl-27"/>
      </object_component>
      <object_component id="oc-195">
         <name>SHARERAMS1</name>
         <uninitialized>true</uninitialized>
         <run_address>0xd000</run_address>
         <size>0x330</size>
         <input_file_ref idref="fl-27"/>
      </object_component>
      <object_component id="oc-16e">
         <name>SHARERAMS2</name>
         <uninitialized>true</uninitialized>
         <run_address>0xe240</run_address>
         <size>0x200</size>
         <input_file_ref idref="fl-21"/>
      </object_component>
      <object_component id="oc-176">
         <name>SHARERAMS2</name>
         <uninitialized>true</uninitialized>
         <run_address>0xe000</run_address>
         <size>0x218</size>
         <input_file_ref idref="fl-22"/>
      </object_component>
      <object_component id="oc-164">
         <name>SHARERAMS45</name>
         <uninitialized>true</uninitialized>
         <run_address>0x10000</run_address>
         <size>0x2000</size>
         <input_file_ref idref="fl-20"/>
      </object_component>
      <object_component id="oc-165">
         <name>SHARERAMS67</name>
         <uninitialized>true</uninitialized>
         <run_address>0x12000</run_address>
         <size>0x2000</size>
         <input_file_ref idref="fl-20"/>
      </object_component>
      <object_component id="oc-163">
         <name>MTOC_MSG_RAM</name>
         <uninitialized>true</uninitialized>
         <run_address>0x3fc00</run_address>
         <size>0x272</size>
         <input_file_ref idref="fl-20"/>
      </object_component>
      <object_component id="oc-162">
         <name>CTOM_MSG_RAM</name>
         <uninitialized>true</uninitialized>
         <run_address>0x3f800</run_address>
         <size>0x22</size>
         <input_file_ref idref="fl-20"/>
      </object_component>
      <object_component id="oc-1a1">
         <name>.stack</name>
         <uninitialized>true</uninitialized>
         <run_address>0x80</run_address>
         <size>0x0</size>
         <input_file_ref idref="fl-36"/>
      </object_component>
      <object_component id="oc-28a">
         <name>.stack</name>
         <uninitialized>true</uninitialized>
         <run_address>0x80</run_address>
         <size>0x0</size>
      </object_component>
      <object_component id="oc-d7">
         <name>.ebss</name>
         <uninitialized>true</uninitialized>
         <run_address>0xa8da</run_address>
         <size>0x18</size>
         <input_file_ref idref="fl-9"/>
      </object_component>
      <object_component id="oc-11c">
         <name>.ebss</name>
         <uninitialized>true</uninitialized>
         <run_address>0xa840</run_address>
         <size>0x2e</size>
         <input_file_ref idref="fl-16"/>
      </object_component>
      <object_component id="oc-122">
         <name>.ebss</name>
         <uninitialized>true</uninitialized>
         <run_address>0xa90c</run_address>
         <size>0xa</size>
         <input_file_ref idref="fl-17"/>
      </object_component>
      <object_component id="oc-129">
         <name>.ebss</name>
         <uninitialized>true</uninitialized>
         <run_address>0xa91e</run_address>
         <size>0x8</size>
         <input_file_ref idref="fl-18"/>
      </object_component>
      <object_component id="oc-130">
         <name>.ebss</name>
         <uninitialized>true</uninitialized>
         <run_address>0xa86e</run_address>
         <size>0xe</size>
         <input_file_ref idref="fl-19"/>
      </object_component>
      <object_component id="oc-137">
         <name>.ebss</name>
         <uninitialized>true</uninitialized>
         <run_address>0xa926</run_address>
         <size>0x8</size>
         <input_file_ref idref="fl-1a"/>
      </object_component>
      <object_component id="oc-13e">
         <name>.ebss</name>
         <uninitialized>true</uninitialized>
         <run_address>0xa948</run_address>
         <size>0x3</size>
         <input_file_ref idref="fl-1b"/>
      </object_component>
      <object_component id="oc-145">
         <name>.ebss</name>
         <uninitialized>true</uninitialized>
         <run_address>0xa92e</run_address>
         <size>0x8</size>
         <input_file_ref idref="fl-1c"/>
      </object_component>
      <object_component id="oc-14c">
         <name>.ebss</name>
         <uninitialized>true</uninitialized>
         <run_address>0xa936</run_address>
         <size>0x8</size>
         <input_file_ref idref="fl-1d"/>
      </object_component>
      <object_component id="oc-153">
         <name>.ebss</name>
         <uninitialized>true</uninitialized>
         <run_address>0xa8c0</run_address>
         <size>0x1a</size>
         <input_file_ref idref="fl-1e"/>
      </object_component>
      <object_component id="oc-15b">
         <name>.ebss</name>
         <uninitialized>true</uninitialized>
         <run_address>0xa000</run_address>
         <size>0x840</size>
         <input_file_ref idref="fl-1f"/>
      </object_component>
      <object_component id="oc-161">
         <name>.ebss</name>
         <uninitialized>true</uninitialized>
         <run_address>0xa940</run_address>
         <size>0x8</size>
         <input_file_ref idref="fl-20"/>
      </object_component>
      <object_component id="oc-16d">
         <name>.ebss</name>
         <uninitialized>true</uninitialized>
         <run_address>0xa916</run_address>
         <size>0x8</size>
         <input_file_ref idref="fl-21"/>
      </object_component>
      <object_component id="oc-175">
         <name>.ebss</name>
         <uninitialized>true</uninitialized>
         <run_address>0xa87c</run_address>
         <size>0x4</size>
         <input_file_ref idref="fl-22"/>
      </object_component>
      <object_component id="oc-181">
         <name>.ebss</name>
         <uninitialized>true</uninitialized>
         <run_address>0xa8f2</run_address>
         <size>0xc</size>
         <input_file_ref idref="fl-24"/>
      </object_component>
      <object_component id="oc-187">
         <name>.ebss</name>
         <uninitialized>true</uninitialized>
         <run_address>0xa89e</run_address>
         <size>0x1e</size>
         <input_file_ref idref="fl-25"/>
      </object_component>
      <object_component id="oc-18e">
         <name>.ebss</name>
         <uninitialized>true</uninitialized>
         <run_address>0xa880</run_address>
         <size>0x1e</size>
         <input_file_ref idref="fl-26"/>
      </object_component>
      <object_component id="oc-19d">
         <name>.ebss</name>
         <uninitialized>true</uninitialized>
         <run_address>0xa900</run_address>
         <size>0xb</size>
         <input_file_ref idref="fl-30"/>
      </object_component>
      <object_component id="oc-1b3">
         <name>.ebss</name>
         <uninitialized>true</uninitialized>
         <run_address>0xa8bc</run_address>
         <size>0x4</size>
         <input_file_ref idref="fl-39"/>
      </object_component>
      <object_component id="oc-213">
         <name>.ebss:__unlock</name>
         <uninitialized>true</uninitialized>
         <run_address>0xa93e</run_address>
         <size>0x2</size>
         <input_file_ref idref="fl-40"/>
      </object_component>
      <object_component id="oc-1f7">
         <name>.ebss:__lock</name>
         <uninitialized>true</uninitialized>
         <run_address>0xa8fe</run_address>
         <size>0x2</size>
         <input_file_ref idref="fl-40"/>
      </object_component>
      <object_component id="oc-1e2">
         <name>.ebss</name>
         <uninitialized>true</uninitialized>
         <run_address>0xa90b</run_address>
         <size>0x1</size>
         <input_file_ref idref="fl-42"/>
      </object_component>
      <object_component id="oc-fc">
         <name>.econst</name>
         <load_address>0x13e000</load_address>
         <run_address>0x13e000</run_address>
         <size>0x100</size>
         <input_file_ref idref="fl-10"/>
      </object_component>
      <object_component id="oc-1a2">
         <name>.reset</name>
         <load_address>0x3fffc0</load_address>
         <run_address>0x3fffc0</run_address>
         <size>0x2</size>
         <input_file_ref idref="fl-36"/>
      </object_component>
      <object_component id="oc-77">
         <name>.debug_info</name>
         <load_address>0x0</load_address>
         <run_address>0x0</run_address>
         <size>0x930</size>
         <input_file_ref idref="fl-2"/>
      </object_component>
      <object_component id="oc-7c">
         <name>.debug_info</name>
         <load_address>0x930</load_address>
         <run_address>0x930</run_address>
         <size>0x1a1</size>
         <input_file_ref idref="fl-3"/>
      </object_component>
      <object_component id="oc-7e">
         <name>.debug_info</name>
         <load_address>0xad1</load_address>
         <run_address>0xad1</run_address>
         <size>0x6bd</size>
         <input_file_ref idref="fl-4"/>
      </object_component>
      <object_component id="oc-83">
         <name>.debug_info</name>
         <load_address>0x118e</load_address>
         <run_address>0x118e</run_address>
         <size>0x1b329</size>
         <input_file_ref idref="fl-5"/>
      </object_component>
      <object_component id="oc-c7">
         <name>.debug_info</name>
         <load_address>0x1c4b7</load_address>
         <run_address>0x1c4b7</run_address>
         <size>0x296d</size>
         <input_file_ref idref="fl-6"/>
      </object_component>
      <object_component id="oc-cd">
         <name>.debug_info</name>
         <load_address>0x1ee24</load_address>
         <run_address>0x1ee24</run_address>
         <size>0x13a</size>
         <input_file_ref idref="fl-7"/>
      </object_component>
      <object_component id="oc-d1">
         <name>.debug_info</name>
         <load_address>0x1ef5e</load_address>
         <run_address>0x1ef5e</run_address>
         <size>0xe91</size>
         <input_file_ref idref="fl-8"/>
      </object_component>
      <object_component id="oc-d6">
         <name>.debug_info</name>
         <load_address>0x1fdef</load_address>
         <run_address>0x1fdef</run_address>
         <size>0xa58</size>
         <input_file_ref idref="fl-9"/>
      </object_component>
      <object_component id="oc-dc">
         <name>.debug_info</name>
         <load_address>0x20847</load_address>
         <run_address>0x20847</run_address>
         <size>0x1737</size>
         <input_file_ref idref="fl-a"/>
      </object_component>
      <object_component id="oc-e1">
         <name>.debug_info</name>
         <load_address>0x21f7e</load_address>
         <run_address>0x21f7e</run_address>
         <size>0x3c9e</size>
         <input_file_ref idref="fl-b"/>
      </object_component>
      <object_component id="oc-e7">
         <name>.debug_info</name>
         <load_address>0x25c1c</load_address>
         <run_address>0x25c1c</run_address>
         <size>0x35dd</size>
         <input_file_ref idref="fl-c"/>
      </object_component>
      <object_component id="oc-ec">
         <name>.debug_info</name>
         <load_address>0x291f9</load_address>
         <run_address>0x291f9</run_address>
         <size>0x3789</size>
         <input_file_ref idref="fl-d"/>
      </object_component>
      <object_component id="oc-f1">
         <name>.debug_info</name>
         <load_address>0x2c982</load_address>
         <run_address>0x2c982</run_address>
         <size>0x61d4</size>
         <input_file_ref idref="fl-e"/>
      </object_component>
      <object_component id="oc-f6">
         <name>.debug_info</name>
         <load_address>0x32b56</load_address>
         <run_address>0x32b56</run_address>
         <size>0xc06</size>
         <input_file_ref idref="fl-f"/>
      </object_component>
      <object_component id="oc-fb">
         <name>.debug_info</name>
         <load_address>0x3375c</load_address>
         <run_address>0x3375c</run_address>
         <size>0x2461</size>
         <input_file_ref idref="fl-10"/>
      </object_component>
      <object_component id="oc-101">
         <name>.debug_info</name>
         <load_address>0x35bbd</load_address>
         <run_address>0x35bbd</run_address>
         <size>0x2c94</size>
         <input_file_ref idref="fl-11"/>
      </object_component>
      <object_component id="oc-106">
         <name>.debug_info</name>
         <load_address>0x38851</load_address>
         <run_address>0x38851</run_address>
         <size>0x2c94</size>
         <input_file_ref idref="fl-12"/>
      </object_component>
      <object_component id="oc-10b">
         <name>.debug_info</name>
         <load_address>0x3b4e5</load_address>
         <run_address>0x3b4e5</run_address>
         <size>0x5eb7</size>
         <input_file_ref idref="fl-13"/>
      </object_component>
      <object_component id="oc-110">
         <name>.debug_info</name>
         <load_address>0x4139c</load_address>
         <run_address>0x4139c</run_address>
         <size>0x3a5</size>
         <input_file_ref idref="fl-14"/>
      </object_component>
      <object_component id="oc-116">
         <name>.debug_info</name>
         <load_address>0x41741</load_address>
         <run_address>0x41741</run_address>
         <size>0x135</size>
         <input_file_ref idref="fl-15"/>
      </object_component>
      <object_component id="oc-11a">
         <name>.debug_info</name>
         <load_address>0x41876</load_address>
         <run_address>0x41876</run_address>
         <size>0x7336</size>
         <input_file_ref idref="fl-16"/>
      </object_component>
      <object_component id="oc-121">
         <name>.debug_info</name>
         <load_address>0x48bac</load_address>
         <run_address>0x48bac</run_address>
         <size>0xd430</size>
         <input_file_ref idref="fl-17"/>
      </object_component>
      <object_component id="oc-128">
         <name>.debug_info</name>
         <load_address>0x55fdc</load_address>
         <run_address>0x55fdc</run_address>
         <size>0xd39e</size>
         <input_file_ref idref="fl-18"/>
      </object_component>
      <object_component id="oc-12f">
         <name>.debug_info</name>
         <load_address>0x6337a</load_address>
         <run_address>0x6337a</run_address>
         <size>0xd91a</size>
         <input_file_ref idref="fl-19"/>
      </object_component>
      <object_component id="oc-136">
         <name>.debug_info</name>
         <load_address>0x70c94</load_address>
         <run_address>0x70c94</run_address>
         <size>0xd4c8</size>
         <input_file_ref idref="fl-1a"/>
      </object_component>
      <object_component id="oc-13d">
         <name>.debug_info</name>
         <load_address>0x7e15c</load_address>
         <run_address>0x7e15c</run_address>
         <size>0xa6ea</size>
         <input_file_ref idref="fl-1b"/>
      </object_component>
      <object_component id="oc-144">
         <name>.debug_info</name>
         <load_address>0x88846</load_address>
         <run_address>0x88846</run_address>
         <size>0xd208</size>
         <input_file_ref idref="fl-1c"/>
      </object_component>
      <object_component id="oc-14b">
         <name>.debug_info</name>
         <load_address>0x95a4e</load_address>
         <run_address>0x95a4e</run_address>
         <size>0xff65</size>
         <input_file_ref idref="fl-1d"/>
      </object_component>
      <object_component id="oc-152">
         <name>.debug_info</name>
         <load_address>0xa59b3</load_address>
         <run_address>0xa59b3</run_address>
         <size>0x9cf3</size>
         <input_file_ref idref="fl-1e"/>
      </object_component>
      <object_component id="oc-15a">
         <name>.debug_info</name>
         <load_address>0xaf6a6</load_address>
         <run_address>0xaf6a6</run_address>
         <size>0x7376</size>
         <input_file_ref idref="fl-1f"/>
      </object_component>
      <object_component id="oc-160">
         <name>.debug_info</name>
         <load_address>0xb6a1c</load_address>
         <run_address>0xb6a1c</run_address>
         <size>0x890b</size>
         <input_file_ref idref="fl-20"/>
      </object_component>
      <object_component id="oc-16b">
         <name>.debug_info</name>
         <load_address>0xbf327</load_address>
         <run_address>0xbf327</run_address>
         <size>0x4c50</size>
         <input_file_ref idref="fl-21"/>
      </object_component>
      <object_component id="oc-174">
         <name>.debug_info</name>
         <load_address>0xc3f77</load_address>
         <run_address>0xc3f77</run_address>
         <size>0xb66d</size>
         <input_file_ref idref="fl-22"/>
      </object_component>
      <object_component id="oc-17b">
         <name>.debug_info</name>
         <load_address>0xcf5e4</load_address>
         <run_address>0xcf5e4</run_address>
         <size>0x67ce</size>
         <input_file_ref idref="fl-23"/>
      </object_component>
      <object_component id="oc-180">
         <name>.debug_info</name>
         <load_address>0xd5db2</load_address>
         <run_address>0xd5db2</run_address>
         <size>0x5f8</size>
         <input_file_ref idref="fl-24"/>
      </object_component>
      <object_component id="oc-186">
         <name>.debug_info</name>
         <load_address>0xd63aa</load_address>
         <run_address>0xd63aa</run_address>
         <size>0x12fb</size>
         <input_file_ref idref="fl-25"/>
      </object_component>
      <object_component id="oc-18c">
         <name>.debug_info</name>
         <load_address>0xd76a5</load_address>
         <run_address>0xd76a5</run_address>
         <size>0x22b1</size>
         <input_file_ref idref="fl-26"/>
      </object_component>
      <object_component id="oc-193">
         <name>.debug_info</name>
         <load_address>0xd9956</load_address>
         <run_address>0xd9956</run_address>
         <size>0x15a7</size>
         <input_file_ref idref="fl-27"/>
      </object_component>
      <object_component id="oc-19b">
         <name>.debug_info</name>
         <load_address>0xdaefd</load_address>
         <run_address>0xdaefd</run_address>
         <size>0x46ee</size>
         <input_file_ref idref="fl-30"/>
      </object_component>
      <object_component id="oc-1a3">
         <name>.debug_info</name>
         <load_address>0xdf5eb</load_address>
         <run_address>0xdf5eb</run_address>
         <size>0x145</size>
         <input_file_ref idref="fl-36"/>
      </object_component>
      <object_component id="oc-1a7">
         <name>.debug_info</name>
         <load_address>0xdf730</load_address>
         <run_address>0xdf730</run_address>
         <size>0x42c</size>
         <input_file_ref idref="fl-37"/>
      </object_component>
      <object_component id="oc-1ad">
         <name>.debug_info</name>
         <load_address>0xdfb5c</load_address>
         <run_address>0xdfb5c</run_address>
         <size>0x175</size>
         <input_file_ref idref="fl-38"/>
      </object_component>
      <object_component id="oc-1b1">
         <name>.debug_info</name>
         <load_address>0xdfcd1</load_address>
         <run_address>0xdfcd1</run_address>
         <size>0x4ee</size>
         <input_file_ref idref="fl-39"/>
      </object_component>
      <object_component id="oc-1b8">
         <name>.debug_info</name>
         <load_address>0xe01bf</load_address>
         <run_address>0xe01bf</run_address>
         <size>0x452</size>
         <input_file_ref idref="fl-3a"/>
      </object_component>
      <object_component id="oc-1be">
         <name>.debug_info</name>
         <load_address>0xe0611</load_address>
         <run_address>0xe0611</run_address>
         <size>0x127</size>
         <input_file_ref idref="fl-3b"/>
      </object_component>
      <object_component id="oc-1c2">
         <name>.debug_info</name>
         <load_address>0xe0738</load_address>
         <run_address>0xe0738</run_address>
         <size>0x444</size>
         <input_file_ref idref="fl-3c"/>
      </object_component>
      <object_component id="oc-1c7">
         <name>.debug_info</name>
         <load_address>0xe0b7c</load_address>
         <run_address>0xe0b7c</run_address>
         <size>0x486</size>
         <input_file_ref idref="fl-3d"/>
      </object_component>
      <object_component id="oc-1cd">
         <name>.debug_info</name>
         <load_address>0xe1002</load_address>
         <run_address>0xe1002</run_address>
         <size>0x1b5</size>
         <input_file_ref idref="fl-3e"/>
      </object_component>
      <object_component id="oc-1d1">
         <name>.debug_info</name>
         <load_address>0xe11b7</load_address>
         <run_address>0xe11b7</run_address>
         <size>0x43e</size>
         <input_file_ref idref="fl-3f"/>
      </object_component>
      <object_component id="oc-1d6">
         <name>.debug_info</name>
         <load_address>0xe15f5</load_address>
         <run_address>0xe15f5</run_address>
         <size>0x518</size>
         <input_file_ref idref="fl-40"/>
      </object_component>
      <object_component id="oc-1db">
         <name>.debug_info</name>
         <load_address>0xe1b0d</load_address>
         <run_address>0xe1b0d</run_address>
         <size>0x4e5</size>
         <input_file_ref idref="fl-41"/>
      </object_component>
      <object_component id="oc-1e0">
         <name>.debug_info</name>
         <load_address>0xe1ff2</load_address>
         <run_address>0xe1ff2</run_address>
         <size>0x1d2</size>
         <input_file_ref idref="fl-42"/>
      </object_component>
      <object_component id="oc-28b">
         <name>.debug_info</name>
         <load_address>0xe21c4</load_address>
         <run_address>0xe21c4</run_address>
         <size>0xa2</size>
      </object_component>
      <object_component id="oc-78">
         <name>.debug_frame</name>
         <load_address>0x0</load_address>
         <run_address>0x0</run_address>
         <size>0xf9</size>
         <input_file_ref idref="fl-2"/>
      </object_component>
      <object_component id="oc-7f">
         <name>.debug_frame</name>
         <load_address>0xf9</load_address>
         <run_address>0xf9</run_address>
         <size>0xa1</size>
         <input_file_ref idref="fl-4"/>
      </object_component>
      <object_component id="oc-c8">
         <name>.debug_frame</name>
         <load_address>0x19a</load_address>
         <run_address>0x19a</run_address>
         <size>0x8c</size>
         <input_file_ref idref="fl-6"/>
      </object_component>
      <object_component id="oc-d2">
         <name>.debug_frame</name>
         <load_address>0x226</load_address>
         <run_address>0x226</run_address>
         <size>0x8c</size>
         <input_file_ref idref="fl-8"/>
      </object_component>
      <object_component id="oc-d8">
         <name>.debug_frame</name>
         <load_address>0x2b2</load_address>
         <run_address>0x2b2</run_address>
         <size>0xb6</size>
         <input_file_ref idref="fl-9"/>
      </object_component>
      <object_component id="oc-dd">
         <name>.debug_frame</name>
         <load_address>0x368</load_address>
         <run_address>0x368</run_address>
         <size>0x8c</size>
         <input_file_ref idref="fl-a"/>
      </object_component>
      <object_component id="oc-e3">
         <name>.debug_frame</name>
         <load_address>0x3f4</load_address>
         <run_address>0x3f4</run_address>
         <size>0xd06</size>
         <input_file_ref idref="fl-b"/>
      </object_component>
      <object_component id="oc-e8">
         <name>.debug_frame</name>
         <load_address>0x10fa</load_address>
         <run_address>0x10fa</run_address>
         <size>0x19d</size>
         <input_file_ref idref="fl-c"/>
      </object_component>
      <object_component id="oc-ed">
         <name>.debug_frame</name>
         <load_address>0x1297</load_address>
         <run_address>0x1297</run_address>
         <size>0x8c</size>
         <input_file_ref idref="fl-d"/>
      </object_component>
      <object_component id="oc-f2">
         <name>.debug_frame</name>
         <load_address>0x1323</load_address>
         <run_address>0x1323</run_address>
         <size>0x180</size>
         <input_file_ref idref="fl-e"/>
      </object_component>
      <object_component id="oc-f7">
         <name>.debug_frame</name>
         <load_address>0x14a3</load_address>
         <run_address>0x14a3</run_address>
         <size>0xb6</size>
         <input_file_ref idref="fl-f"/>
      </object_component>
      <object_component id="oc-fd">
         <name>.debug_frame</name>
         <load_address>0x1559</load_address>
         <run_address>0x1559</run_address>
         <size>0xa1</size>
         <input_file_ref idref="fl-10"/>
      </object_component>
      <object_component id="oc-102">
         <name>.debug_frame</name>
         <load_address>0x15fa</load_address>
         <run_address>0x15fa</run_address>
         <size>0x8c</size>
         <input_file_ref idref="fl-11"/>
      </object_component>
      <object_component id="oc-107">
         <name>.debug_frame</name>
         <load_address>0x1686</load_address>
         <run_address>0x1686</run_address>
         <size>0x8c</size>
         <input_file_ref idref="fl-12"/>
      </object_component>
      <object_component id="oc-10c">
         <name>.debug_frame</name>
         <load_address>0x1712</load_address>
         <run_address>0x1712</run_address>
         <size>0x191</size>
         <input_file_ref idref="fl-13"/>
      </object_component>
      <object_component id="oc-111">
         <name>.debug_frame</name>
         <load_address>0x18a3</load_address>
         <run_address>0x18a3</run_address>
         <size>0x8c</size>
         <input_file_ref idref="fl-14"/>
      </object_component>
      <object_component id="oc-11d">
         <name>.debug_frame</name>
         <load_address>0x192f</load_address>
         <run_address>0x192f</run_address>
         <size>0x2b0</size>
         <input_file_ref idref="fl-16"/>
      </object_component>
      <object_component id="oc-124">
         <name>.debug_frame</name>
         <load_address>0x1bdf</load_address>
         <run_address>0x1bdf</run_address>
         <size>0x37c</size>
         <input_file_ref idref="fl-17"/>
      </object_component>
      <object_component id="oc-12b">
         <name>.debug_frame</name>
         <load_address>0x1f5b</load_address>
         <run_address>0x1f5b</run_address>
         <size>0x383</size>
         <input_file_ref idref="fl-18"/>
      </object_component>
      <object_component id="oc-132">
         <name>.debug_frame</name>
         <load_address>0x22de</load_address>
         <run_address>0x22de</run_address>
         <size>0x386</size>
         <input_file_ref idref="fl-19"/>
      </object_component>
      <object_component id="oc-139">
         <name>.debug_frame</name>
         <load_address>0x2664</load_address>
         <run_address>0x2664</run_address>
         <size>0x39e</size>
         <input_file_ref idref="fl-1a"/>
      </object_component>
      <object_component id="oc-140">
         <name>.debug_frame</name>
         <load_address>0x2a02</load_address>
         <run_address>0x2a02</run_address>
         <size>0x258</size>
         <input_file_ref idref="fl-1b"/>
      </object_component>
      <object_component id="oc-147">
         <name>.debug_frame</name>
         <load_address>0x2c5a</load_address>
         <run_address>0x2c5a</run_address>
         <size>0x368</size>
         <input_file_ref idref="fl-1c"/>
      </object_component>
      <object_component id="oc-14e">
         <name>.debug_frame</name>
         <load_address>0x2fc2</load_address>
         <run_address>0x2fc2</run_address>
         <size>0x35d</size>
         <input_file_ref idref="fl-1d"/>
      </object_component>
      <object_component id="oc-156">
         <name>.debug_frame</name>
         <load_address>0x331f</load_address>
         <run_address>0x331f</run_address>
         <size>0x1db</size>
         <input_file_ref idref="fl-1e"/>
      </object_component>
      <object_component id="oc-15c">
         <name>.debug_frame</name>
         <load_address>0x34fa</load_address>
         <run_address>0x34fa</run_address>
         <size>0x8c</size>
         <input_file_ref idref="fl-1f"/>
      </object_component>
      <object_component id="oc-167">
         <name>.debug_frame</name>
         <load_address>0x3586</load_address>
         <run_address>0x3586</run_address>
         <size>0x1f2</size>
         <input_file_ref idref="fl-20"/>
      </object_component>
      <object_component id="oc-170">
         <name>.debug_frame</name>
         <load_address>0x3778</load_address>
         <run_address>0x3778</run_address>
         <size>0x1b0</size>
         <input_file_ref idref="fl-21"/>
      </object_component>
      <object_component id="oc-177">
         <name>.debug_frame</name>
         <load_address>0x3928</load_address>
         <run_address>0x3928</run_address>
         <size>0x139</size>
         <input_file_ref idref="fl-22"/>
      </object_component>
      <object_component id="oc-17c">
         <name>.debug_frame</name>
         <load_address>0x3a61</load_address>
         <run_address>0x3a61</run_address>
         <size>0xb6</size>
         <input_file_ref idref="fl-23"/>
      </object_component>
      <object_component id="oc-182">
         <name>.debug_frame</name>
         <load_address>0x3b17</load_address>
         <run_address>0x3b17</run_address>
         <size>0xb6</size>
         <input_file_ref idref="fl-24"/>
      </object_component>
      <object_component id="oc-188">
         <name>.debug_frame</name>
         <load_address>0x3bcd</load_address>
         <run_address>0x3bcd</run_address>
         <size>0x1cd</size>
         <input_file_ref idref="fl-25"/>
      </object_component>
      <object_component id="oc-18f">
         <name>.debug_frame</name>
         <load_address>0x3d9a</load_address>
         <run_address>0x3d9a</run_address>
         <size>0x2f7</size>
         <input_file_ref idref="fl-26"/>
      </object_component>
      <object_component id="oc-196">
         <name>.debug_frame</name>
         <load_address>0x4091</load_address>
         <run_address>0x4091</run_address>
         <size>0xe2</size>
         <input_file_ref idref="fl-27"/>
      </object_component>
      <object_component id="oc-19e">
         <name>.debug_frame</name>
         <load_address>0x4173</load_address>
         <run_address>0x4173</run_address>
         <size>0xb4</size>
         <input_file_ref idref="fl-30"/>
      </object_component>
      <object_component id="oc-1a8">
         <name>.debug_frame</name>
         <load_address>0x4227</load_address>
         <run_address>0x4227</run_address>
         <size>0xa8</size>
         <input_file_ref idref="fl-37"/>
      </object_component>
      <object_component id="oc-1b4">
         <name>.debug_frame</name>
         <load_address>0x42cf</load_address>
         <run_address>0x42cf</run_address>
         <size>0xbf</size>
         <input_file_ref idref="fl-39"/>
      </object_component>
      <object_component id="oc-1b9">
         <name>.debug_frame</name>
         <load_address>0x438e</load_address>
         <run_address>0x438e</run_address>
         <size>0xb1</size>
         <input_file_ref idref="fl-3a"/>
      </object_component>
      <object_component id="oc-1c3">
         <name>.debug_frame</name>
         <load_address>0x443f</load_address>
         <run_address>0x443f</run_address>
         <size>0xa7</size>
         <input_file_ref idref="fl-3c"/>
[...]
         <value>0x13b240</value>
         <object_component_ref idref="oc-200"/>
      </symbol>
      <symbol id="sm-581">
         <name>_main_FBP_100kHz</name>
         <value>0x13b426</value>
         <object_component_ref idref="oc-201"/>
      </symbol>
      <symbol id="sm-5a1">
         <name>_SendCommand</name>
         <value>0xa8c3</value>
         <object_component_ref idref="oc-153"/>
      </symbol>
      <symbol id="sm-5a2">
         <name>_valorCounter</name>
         <value>0xa8ca</value>
         <object_component_ref idref="oc-153"/>
      </symbol>
      <symbol id="sm-5a3">
         <name>_enableRailsMonitor</name>
         <value>0xa8c6</value>
         <object_component_ref idref="oc-153"/>
      </symbol>
      <symbol id="sm-5a4">
         <name>_AnalogInput</name>
         <value>0xa8c7</value>
         <object_component_ref idref="oc-153"/>
      </symbol>
      <symbol id="sm-5a5">
         <name>_ID</name>
         <value>0xa8c0</value>
         <object_component_ref idref="oc-153"/>
      </symbol>
      <symbol id="sm-5a6">
         <name>_HRADC2</name>
         <value>0xa8d0</value>
         <object_component_ref idref="oc-153"/>
      </symbol>
      <symbol id="sm-5a7">
         <name>_HRADC3</name>
         <value>0xa8d2</value>
         <object_component_ref idref="oc-153"/>
      </symbol>
      <symbol id="sm-5a8">
         <name>_HRADC0</name>
         <value>0xa8d4</value>
         <object_component_ref idref="oc-153"/>
      </symbol>
      <symbol id="sm-5a9">
         <name>_HRADC1</name>
         <value>0xa8d6</value>
         <object_component_ref idref="oc-153"/>
      </symbol>
      <symbol id="sm-5aa">
         <name>_SamplingEnable</name>
         <value>0xa8c2</value>
         <object_component_ref idref="oc-153"/>
      </symbol>
      <symbol id="sm-5ab">
         <name>_enableHeater</name>
         <value>0xa8c1</value>
         <object_component_ref idref="oc-153"/>
      </symbol>
      <symbol id="sm-5ef">
         <name>_wfmRef_Curve</name>
         <value>0x12000</value>
         <object_component_ref idref="oc-165"/>
      </symbol>
      <symbol id="sm-5f0">
         <name>_isr_IPC_Channel_1</name>
         <value>0x9528</value>
         <object_component_ref idref="oc-166"/>
      </symbol>
      <symbol id="sm-5f1">
         <name>_isr_IPC_Channel_2</name>
         <value>0x94d4</value>
         <object_component_ref idref="oc-166"/>
      </symbol>
      <symbol id="sm-5f2">
         <name>_InitIPC</name>
         <value>0x13c049</value>
         <object_component_ref idref="oc-211"/>
      </symbol>
      <symbol id="sm-5f3">
         <name>_IPC_MtoC_Param</name>
         <value>0x3fcc0</value>
         <object_component_ref idref="oc-163"/>
      </symbol>
      <symbol id="sm-5f4">
         <name>_wfmSyncFlag</name>
         <value>0xa940</value>
         <object_component_ref idref="oc-161"/>
      </symbol>
      <symbol id="sm-5f5">
         <name>_ConfigPSOpMode</name>
         <value>0x9b75</value>
         <object_component_ref idref="oc-1f1"/>
      </symbol>
      <symbol id="sm-5f6">
         <name>_IPC_CtoM_Msg</name>
         <value>0x3f800</value>
         <object_component_ref idref="oc-162"/>
      </symbol>
      <symbol id="sm-5f7">
         <name>_IPC_PS_funcs</name>
         <value>0xa944</value>
         <object_component_ref idref="oc-161"/>
      </symbol>
      <symbol id="sm-5f8">
         <name>_IPC_MtoC_Msg</name>
         <value>0x3fc00</value>
         <object_component_ref idref="oc-163"/>
      </symbol>
      <symbol id="sm-5f9">
         <name>_samplesBuffer</name>
         <value>0x10000</value>
         <object_component_ref idref="oc-164"/>
      </symbol>
      <symbol id="sm-5fa">
         <name>_SendIpcFlag</name>
         <value>0x9b70</value>
         <object_component_ref idref="oc-1f1"/>
      </symbol>
      <symbol id="sm-610">
         <name>_local_D_INTCH1_ISR</name>
         <value>0x13c198</value>
         <object_component_ref idref="oc-16f"/>
      </symbol>
      <symbol id="sm-611">
         <name>_Init_DMA_McBSP_nBuffers</name>
         <value>0x13be4a</value>
         <object_component_ref idref="oc-20a"/>
      </symbol>
      <symbol id="sm-612">
         <name>_i_rdata</name>
         <value>0xa916</value>
         <object_component_ref idref="oc-16d"/>
      </symbol>
      <symbol id="sm-613">
         <name>_local_D_INTCH2_ISR</name>
         <value>0x13c15a</value>
         <object_component_ref idref="oc-16f"/>
      </symbol>
      <symbol id="sm-614">
         <name>_start_DMA</name>
         <value>0x13be3d</value>
         <object_component_ref idref="oc-20a"/>
      </symbol>
      <symbol id="sm-615">
         <name>_stop_DMA</name>
         <value>0x13be12</value>
         <object_component_ref idref="oc-20a"/>
      </symbol>
      <symbol id="sm-616">
         <name>_DMATransferSize</name>
         <value>0xa91a</value>
         <object_component_ref idref="oc-16d"/>
      </symbol>
      <symbol id="sm-617">
         <name>_dummy_data</name>
         <value>0xa918</value>
         <object_component_ref idref="oc-16d"/>
      </symbol>
      <symbol id="sm-618">
         <name>_buffers_HRADC</name>
         <value>0xe240</value>
         <object_component_ref idref="oc-16e"/>
      </symbol>
      <symbol id="sm-637">
         <name>_counterErrorSendCommand</name>
         <value>0xa87c</value>
         <object_component_ref idref="oc-175"/>
      </symbol>
      <symbol id="sm-638">
         <name>_Config_HRADC_board</name>
         <value>0x13b841</value>
         <object_component_ref idref="oc-20d"/>
      </symbol>
      <symbol id="sm-639">
         <name>_CheckStatus_HRADC</name>
         <value>0x13b828</value>
         <object_component_ref idref="oc-20d"/>
      </symbol>
      <symbol id="sm-63a">
         <name>_Config_HRADC_SoC</name>
         <value>0x13b88e</value>
         <object_component_ref idref="oc-20d"/>
      </symbol>
      <symbol id="sm-63b">
         <name>_HRADC0_board</name>
         <value>0xe040</value>
         <object_component_ref idref="oc-176"/>
      </symbol>
      <symbol id="sm-63c">
         <name>_Init_HRADC_Info</name>
         <value>0x13b7b3</value>
         <object_component_ref idref="oc-20d"/>
      </symbol>
      <symbol id="sm-63d">
         <name>_SendCommand_HRADC</name>
         <value>0x13b780</value>
         <object_component_ref idref="oc-20d"/>
      </symbol>
      <symbol id="sm-63e">
         <name>_AverageFilter</name>
         <value>0xa87e</value>
         <object_component_ref idref="oc-175"/>
      </symbol>
      <symbol id="sm-63f">
         <name>_HRADC1_board</name>
         <value>0xe0c0</value>
         <object_component_ref idref="oc-176"/>
      </symbol>
      <symbol id="sm-640">
         <name>_HRADCs_Info</name>
         <value>0xe000</value>
         <object_component_ref idref="oc-176"/>
      </symbol>
      <symbol id="sm-641">
         <name>_HRADC2_board</name>
         <value>0xe1c0</value>
         <object_component_ref idref="oc-176"/>
      </symbol>
      <symbol id="sm-642">
         <name>_HRADC3_board</name>
         <value>0xe140</value>
         <object_component_ref idref="oc-176"/>
      </symbol>
      <symbol id="sm-64f">
         <name>_Init_SPIMaster_McBSP</name>
         <value>0x13beef</value>
         <object_component_ref idref="oc-20b"/>
      </symbol>
      <symbol id="sm-650">
         <name>_Init_SPIMaster_Gpio</name>
         <value>0x13bf3d</value>
         <object_component_ref idref="oc-20b"/>
      </symbol>
      <symbol id="sm-660">
         <name>_Set_TimeSlicer</name>
         <value>0x13c4cf</value>
         <object_component_ref idref="oc-210"/>
      </symbol>
      <symbol id="sm-661">
         <name>_TimeSlicer</name>
         <value>0xa8f2</value>
         <object_component_ref idref="oc-181"/>
      </symbol>
      <symbol id="sm-662">
         <name>_Reset_TimeSlicers</name>
         <value>0x13c4d9</value>
         <object_component_ref idref="oc-210"/>
      </symbol>
      <symbol id="sm-682">
         <name>_Run_ELP_SigGen_Square</name>
         <value>0x9977</value>
         <object_component_ref idref="oc-1f5"/>
      </symbol>
      <symbol id="sm-683">
         <name>_Disable_ELP_SigGen</name>
         <value>0x997d</value>
         <object_component_ref idref="oc-1f5"/>
      </symbol>
      <symbol id="sm-684">
         <name>_Init_ELP_SigGen</name>
         <value>0x13bd39</value>
         <object_component_ref idref="oc-1f4"/>
      </symbol>
      <symbol id="sm-685">
         <name>_Run_ELP_SigGen_DampedSine</name>
         <value>0x99d8</value>
         <object_component_ref idref="oc-1f5"/>
      </symbol>
      <symbol id="sm-686">
         <name>_Run_ELP_SigGen_Triangle</name>
         <value>0x9971</value>
         <object_component_ref idref="oc-1f5"/>
      </symbol>
      <symbol id="sm-687">
         <name>_Enable_ELP_SigGen</name>
         <value>0x9a2a</value>
         <object_component_ref idref="oc-1f5"/>
      </symbol>
      <symbol id="sm-688">
         <name>_SignalGenerator</name>
         <value>0xa89e</value>
         <object_component_ref idref="oc-187"/>
      </symbol>
      <symbol id="sm-689">
         <name>_Run_ELP_SigGen_FreqSweep</name>
         <value>0x99d2</value>
         <object_component_ref idref="oc-1f5"/>
      </symbol>
      <symbol id="sm-68a">
         <name>_Reset_ELP_SigGen</name>
         <value>0x13bd2d</value>
         <object_component_ref idref="oc-1f4"/>
      </symbol>
      <symbol id="sm-68b">
         <name>_Run_ELP_SigGen_Sine</name>
         <value>0x997f</value>
         <object_component_ref idref="oc-1f5"/>
      </symbol>
      <symbol id="sm-68c">
         <name>_Update_ELP_SigGen</name>
         <value>0x995d</value>
         <object_component_ref idref="oc-1f5"/>
      </symbol>
      <symbol id="sm-6b1">
         <name>_b_coeff_NF_Vdc</name>
         <value>0xa898</value>
         <object_component_ref idref="oc-18e"/>
      </symbol>
      <symbol id="sm-6b2">
         <name>_Run_ELP_Error</name>
         <value>0x13ac90</value>
         <object_component_ref idref="oc-1e8"/>
      </symbol>
      <symbol id="sm-6b3">
         <name>_Run_ELP_IIR_3P3Z</name>
         <value>0x13ac30</value>
         <object_component_ref idref="oc-1e8"/>
      </symbol>
      <symbol id="sm-6b4">
         <name>_Bypass_ELP_SRLim</name>
         <value>0x13ae4b</value>
         <object_component_ref idref="oc-1e8"/>
      </symbol>
      <symbol id="sm-6b5">
         <name>_Run_ELP_PI_dawu</name>
         <value>0x98a3</value>
         <object_component_ref idref="oc-1e7"/>
      </symbol>
      <symbol id="sm-6b6">
         <name>_Reset_ELP_PI_dawu</name>
         <value>0x13aca1</value>
         <object_component_ref idref="oc-1e8"/>
      </symbol>
      <symbol id="sm-6b7">
         <name>_Reset_ELP_IIR_2P2Z</name>
         <value>0x13acce</value>
         <object_component_ref idref="oc-1e8"/>
      </symbol>
      <symbol id="sm-6b8">
         <name>_Run_ELP_LPF</name>
         <value>0x98f6</value>
         <object_component_ref idref="oc-1e7"/>
      </symbol>
      <symbol id="sm-6b9">
         <name>_Init_ELP_Error</name>
         <value>0x13ae3f</value>
         <object_component_ref idref="oc-1e8"/>
      </symbol>
      <symbol id="sm-6ba">
         <name>_Reset_ELP_LPF</name>
         <value>0x13acb1</value>
         <object_component_ref idref="oc-1e8"/>
      </symbol>
      <symbol id="sm-6bb">
         <name>_Reset_ELP_SRLim</name>
         <value>0x13ac9c</value>
         <object_component_ref idref="oc-1e8"/>
      </symbol>
      <symbol id="sm-6bc">
         <name>_Init_ELP_LPF</name>
         <value>0x13adaa</value>
         <object_component_ref idref="oc-1e8"/>
      </symbol>
      <symbol id="sm-6bd">
         <name>_Init_ELP_NF_IIR</name>
         <value>0x13ad35</value>
         <object_component_ref idref="oc-1e8"/>
      </symbol>
      <symbol id="sm-6be">
         <name>_Run_ELP_SRLim</name>
         <value>0x9873</value>
         <object_component_ref idref="oc-1e7"/>
      </symbol>
      <symbol id="sm-6bf">
         <name>_Reset_ELP_Error</name>
         <value>0x13acde</value>
         <object_component_ref idref="oc-1e8"/>
      </symbol>
      <symbol id="sm-6c0">
         <name>_a_coeff_NF_Vdc</name>
         <value>0xa880</value>
         <object_component_ref idref="oc-18e"/>
      </symbol>
      <symbol id="sm-6c1">
         <name>_Init_ELP_SRLim</name>
         <value>0x13ace3</value>
         <object_component_ref idref="oc-1e8"/>
      </symbol>
      <symbol id="sm-6c2">
         <name>_a_coeff_LPF_Iin</name>
         <value>0xa888</value>
         <object_component_ref idref="oc-18e"/>
      </symbol>
      <symbol id="sm-6c3">
         <name>_b_coeff_LPF_Iin</name>
         <value>0xa88c</value>
         <object_component_ref idref="oc-18e"/>
      </symbol>
      <symbol id="sm-6c4">
         <name>_b_coeff_IIR_Vdc_ctrl</name>
         <value>0xa892</value>
         <object_component_ref idref="oc-18e"/>
      </symbol>
      <symbol id="sm-6c5">
         <name>_a_coeff_IIR_Vdc_ctrl</name>
         <value>0xa884</value>
         <object_component_ref idref="oc-18e"/>
      </symbol>
      <symbol id="sm-6c6">
         <name>_Init_ELP_IIR_2P2Z</name>
         <value>0x13ae19</value>
         <object_component_ref idref="oc-1e8"/>
      </symbol>
      <symbol id="sm-6c7">
         <name>_Init_ELP_PI_dawu</name>
         <value>0x13acf6</value>
         <object_component_ref idref="oc-1e8"/>
      </symbol>
      <symbol id="sm-6c8">
         <name>_Init_ELP_IIR_3P3Z</name>
         <value>0x13ade7</value>
         <object_component_ref idref="oc-1e8"/>
      </symbol>
      <symbol id="sm-6c9">
         <name>_Run_ELP_IIR_2P2Z</name>
         <value>0x9911</value>
         <object_component_ref idref="oc-1e7"/>
      </symbol>
      <symbol id="sm-6ca">
         <name>_Reset_ELP_IIR_3P3Z</name>
         <value>0x13acba</value>
         <object_component_ref idref="oc-1e8"/>
      </symbol>
      <symbol id="sm-6ef">
         <name>_InitDP_Framework</name>
         <value>0x13b619</value>
         <object_component_ref idref="oc-1f3"/>
      </symbol>
      <symbol id="sm-6f0">
         <name>_ConfigDP_Module_AllParam</name>
         <value>0x13b62c</value>
         <object_component_ref idref="oc-1f3"/>
      </symbol>
      <symbol id="sm-6f1">
         <name>_DP_Framework</name>
         <value>0xd000</value>
         <object_component_ref idref="oc-195"/>
      </symbol>
      <symbol id="sm-6f2">
         <name>_ConfigDP_Module</name>
         <value>0x13b6d2</value>
         <object_component_ref idref="oc-1f3"/>
      </symbol>
      <symbol id="sm-6f3">
         <name>_DP_Framework_MtoC</name>
         <value>0xc000</value>
         <object_component_ref idref="oc-194"/>
      </symbol>
      <symbol id="sm-71d">
         <name>_SFO_CAL</name>
         <value>0xa905</value>
         <object_component_ref idref="oc-19d"/>
      </symbol>
      <symbol id="sm-71e">
         <name>_MEP_SF</name>
         <value>0xa906</value>
         <object_component_ref idref="oc-19d"/>
      </symbol>
      <symbol id="sm-71f">
         <name>_SFO</name>
         <value>0x13b8ce</value>
         <object_component_ref idref="oc-19a"/>
      </symbol>
      <symbol id="sm-738">
         <name>_c_int00</name>
         <value>0x13c353</value>
         <object_component_ref idref="oc-76"/>
      </symbol>
      <symbol id="sm-739">
         <name>__stack</name>
         <value>0x80</value>
         <object_component_ref idref="oc-1a1"/>
      </symbol>
      <symbol id="sm-748">
         <name>_cos</name>
         <value>0x13c23e</value>
         <object_component_ref idref="oc-1fa"/>
      </symbol>
      <symbol id="sm-754">
         <name>_epilog_c28x_1</name>
         <value>0x13c4f3</value>
         <object_component_ref idref="oc-1ac"/>
      </symbol>
      <symbol id="sm-755">
         <name>_epilog_c28x_2</name>
         <value>0x13c4f7</value>
         <object_component_ref idref="oc-1ac"/>
      </symbol>
      <symbol id="sm-769">
         <name>C$$EXIT</name>
         <value>0x13c49d</value>
         <object_component_ref idref="oc-1e5"/>
      </symbol>
      <symbol id="sm-76a">
         <name>_exit</name>
         <value>0x13c49f</value>
         <object_component_ref idref="oc-1e5"/>
      </symbol>
      <symbol id="sm-76b">
         <name>___TI_cleanup_ptr</name>
         <value>0xa8bc</value>
         <object_component_ref idref="oc-1b3"/>
      </symbol>
      <symbol id="sm-76c">
         <name>_abort</name>
         <value>0x13c49d</value>
         <object_component_ref idref="oc-1e5"/>
      </symbol>
      <symbol id="sm-76d">
         <name>___TI_dtors_ptr</name>
         <value>0xa8be</value>
         <object_component_ref idref="oc-1b3"/>
      </symbol>
      <symbol id="sm-77e">
         <name>_exp</name>
         <value>0x13c1d6</value>
         <object_component_ref idref="oc-203"/>
      </symbol>
      <symbol id="sm-78f">
         <name>FS$$DIV</name>
         <value>0x13c0d2</value>
         <object_component_ref idref="oc-1bd"/>
      </symbol>
      <symbol id="sm-7a2">
         <name>_ldexp</name>
         <value>0x13c3d0</value>
         <object_component_ref idref="oc-212"/>
      </symbol>
      <symbol id="sm-7b4">
         <name>_memcpy</name>
         <value>0x13c431</value>
         <object_component_ref idref="oc-1f2"/>
      </symbol>
      <symbol id="sm-7c0">
         <name>_prolog_c28x_1</name>
         <value>0x13c4b6</value>
         <object_component_ref idref="oc-1cc"/>
      </symbol>
      <symbol id="sm-7c1">
         <name>_prolog_c28x_2</name>
         <value>0x13c4ba</value>
         <object_component_ref idref="oc-1cc"/>
      </symbol>
      <symbol id="sm-7c2">
         <name>_prolog_c28x_3</name>
         <value>0x13c4c2</value>
         <object_component_ref idref="oc-1cc"/>
      </symbol>
      <symbol id="sm-7d0">
         <name>_sin</name>
         <value>0x13c2fb</value>
         <object_component_ref idref="oc-202"/>
      </symbol>
      <symbol id="sm-7e5">
         <name>__unlock</name>
         <value>0xa93e</value>
         <object_component_ref idref="oc-213"/>
      </symbol>
      <symbol id="sm-7e6">
         <name>__lock</name>
         <value>0xa8fe</value>
         <object_component_ref idref="oc-1f7"/>
      </symbol>
      <symbol id="sm-7e7">
         <name>__register_lock</name>
         <value>0x13c503</value>
         <object_component_ref idref="oc-208"/>
      </symbol>
      <symbol id="sm-7e8">
         <name>__nop</name>
         <value>0x13c507</value>
         <object_component_ref idref="oc-208"/>
      </symbol>
      <symbol id="sm-7e9">
         <name>__register_unlock</name>
         <value>0x13c4ff</value>
         <object_component_ref idref="oc-208"/>
      </symbol>
      <symbol id="sm-7f9">
         <name>__args_main</name>
         <value>0x13c484</value>
         <object_component_ref idref="oc-1e4"/>
      </symbol>
      <symbol id="sm-804">
         <name>_errno</name>
         <value>0xa90b</value>
         <object_component_ref idref="oc-1e2"/>
      </symbol>
   </symbol_table>
   <title>Link successful</title>
</link_info>
